Archive member included to satisfy reference by file (symbol)

/Applications/MCUXpressoIDE_25.6.136/ide/plugins/com.nxp.mcuxpresso.tools.macosx_25.6.0.202501151204/tools/bin/../lib/gcc/arm-none-eabi/14.2.1/../../../../arm-none-eabi/lib/thumb/v8-m.main+fp/hard/libcr_nohost_nf.a(_cr__main.o)
                              ./startup/startup_mcxn947_cm33_core0.o (__main)
/Applications/MCUXpressoIDE_25.6.136/ide/plugins/com.nxp.mcuxpresso.tools.macosx_25.6.0.202501151204/tools/bin/../lib/gcc/arm-none-eabi/14.2.1/../../../../arm-none-eabi/lib/thumb/v8-m.main+fp/hard/libcr_c.a(memset.o)
                              ./drivers/fsl_lpadc.o (memset)
/Applications/MCUXpressoIDE_25.6.136/ide/plugins/com.nxp.mcuxpresso.tools.macosx_25.6.0.202501151204/tools/bin/../lib/gcc/arm-none-eabi/14.2.1/../../../../arm-none-eabi/lib/thumb/v8-m.main+fp/hard/libcr_c.a(alloc.o)
                              ./drivers/fsl_common.o (malloc)
/Applications/MCUXpressoIDE_25.6.136/ide/plugins/com.nxp.mcuxpresso.tools.macosx_25.6.0.202501151204/tools/bin/../lib/gcc/arm-none-eabi/14.2.1/../../../../arm-none-eabi/lib/thumb/v8-m.main+fp/hard/libcr_c.a(errno.o)
                              ./utilities/str/fsl_str.o (errno)
/Applications/MCUXpressoIDE_25.6.136/ide/plugins/com.nxp.mcuxpresso.tools.macosx_25.6.0.202501151204/tools/bin/../lib/gcc/arm-none-eabi/14.2.1/../../../../arm-none-eabi/lib/thumb/v8-m.main+fp/hard/libcr_c.a(initio.o)
                              /Applications/MCUXpressoIDE_25.6.136/ide/plugins/com.nxp.mcuxpresso.tools.macosx_25.6.0.202501151204/tools/bin/../lib/gcc/arm-none-eabi/14.2.1/../../../../arm-none-eabi/lib/thumb/v8-m.main+fp/hard/libcr_nohost_nf.a(_cr__main.o) (_initio)
/Applications/MCUXpressoIDE_25.6.136/ide/plugins/com.nxp.mcuxpresso.tools.macosx_25.6.0.202501151204/tools/bin/../lib/gcc/arm-none-eabi/14.2.1/../../../../arm-none-eabi/lib/thumb/v8-m.main+fp/hard/libcr_c.a(scanf.o)
                              ./utilities/str/fsl_str.o (strtoul)
/Applications/MCUXpressoIDE_25.6.136/ide/plugins/com.nxp.mcuxpresso.tools.macosx_25.6.0.202501151204/tools/bin/../lib/gcc/arm-none-eabi/14.2.1/../../../../arm-none-eabi/lib/thumb/v8-m.main+fp/hard/libcr_c.a(setvbuf.o)
                              /Applications/MCUXpressoIDE_25.6.136/ide/plugins/com.nxp.mcuxpresso.tools.macosx_25.6.0.202501151204/tools/bin/../lib/gcc/arm-none-eabi/14.2.1/../../../../arm-none-eabi/lib/thumb/v8-m.main+fp/hard/libcr_c.a(initio.o) (setvbuf)
/Applications/MCUXpressoIDE_25.6.136/ide/plugins/com.nxp.mcuxpresso.tools.macosx_25.6.0.202501151204/tools/bin/../lib/gcc/arm-none-eabi/14.2.1/../../../../arm-none-eabi/lib/thumb/v8-m.main+fp/hard/libcr_c.a(strlen.o)
                              ./utilities/str/fsl_str.o (strlen)
/Applications/MCUXpressoIDE_25.6.136/ide/plugins/com.nxp.mcuxpresso.tools.macosx_25.6.0.202501151204/tools/bin/../lib/gcc/arm-none-eabi/14.2.1/../../../../arm-none-eabi/lib/thumb/v8-m.main+fp/hard/libcr_c.a(ungetc.o)
                              /Applications/MCUXpressoIDE_25.6.136/ide/plugins/com.nxp.mcuxpresso.tools.macosx_25.6.0.202501151204/tools/bin/../lib/gcc/arm-none-eabi/14.2.1/../../../../arm-none-eabi/lib/thumb/v8-m.main+fp/hard/libcr_c.a(scanf.o) (ungetc)
/Applications/MCUXpressoIDE_25.6.136/ide/plugins/com.nxp.mcuxpresso.tools.macosx_25.6.0.202501151204/tools/bin/../lib/gcc/arm-none-eabi/14.2.1/../../../../arm-none-eabi/lib/thumb/v8-m.main+fp/hard/libcr_c.a(__fillbuf.o)
                              /Applications/MCUXpressoIDE_25.6.136/ide/plugins/com.nxp.mcuxpresso.tools.macosx_25.6.0.202501151204/tools/bin/../lib/gcc/arm-none-eabi/14.2.1/../../../../arm-none-eabi/lib/thumb/v8-m.main+fp/hard/libcr_c.a(scanf.o) (__filbuf)
/Applications/MCUXpressoIDE_25.6.136/ide/plugins/com.nxp.mcuxpresso.tools.macosx_25.6.0.202501151204/tools/bin/../lib/gcc/arm-none-eabi/14.2.1/../../../../arm-none-eabi/lib/thumb/v8-m.main+fp/hard/libcr_c.a(__init_alloc.o)
                              /Applications/MCUXpressoIDE_25.6.136/ide/plugins/com.nxp.mcuxpresso.tools.macosx_25.6.0.202501151204/tools/bin/../lib/gcc/arm-none-eabi/14.2.1/../../../../arm-none-eabi/lib/thumb/v8-m.main+fp/hard/libcr_c.a(alloc.o) (__heaps)
/Applications/MCUXpressoIDE_25.6.136/ide/plugins/com.nxp.mcuxpresso.tools.macosx_25.6.0.202501151204/tools/bin/../lib/gcc/arm-none-eabi/14.2.1/../../../../arm-none-eabi/lib/thumb/v8-m.main+fp/hard/libcr_c.a(_cr_sbrk.o)
                              /Applications/MCUXpressoIDE_25.6.136/ide/plugins/com.nxp.mcuxpresso.tools.macosx_25.6.0.202501151204/tools/bin/../lib/gcc/arm-none-eabi/14.2.1/../../../../arm-none-eabi/lib/thumb/v8-m.main+fp/hard/libcr_c.a(alloc.o) (_sbrk)
/Applications/MCUXpressoIDE_25.6.136/ide/plugins/com.nxp.mcuxpresso.tools.macosx_25.6.0.202501151204/tools/bin/../lib/gcc/arm-none-eabi/14.2.1/../../../../arm-none-eabi/lib/thumb/v8-m.main+fp/hard/libcr_c.a(_deferredlazyseek.o)
[...]
Memory Configuration

Name             Origin             Length             Attributes
PROGRAM_FLASH0   0x00000000         0x00100000         xr
PROGRAM_FLASH1   0x00100000         0x00100000         xr
SRAM             0x20000000         0x00060000         xrw
SRAMX            0x04000000         0x00018000         xrw
SRAMH            0x20060000         0x00008000         xrw
USB_RAM          0x400ba000         0x00001000         xrw
*default*        0x00000000         0xffffffff

Linker script and memory map

LOAD ./utilities/str/fsl_str.o
LOAD ./utilities/debug_console_lite/fsl_debug_console.o
LOAD ./utilities/fsl_assert.o
LOAD ./utilities/fsl_memcpy.o
LOAD ./startup/boot_multicore_slave.o
LOAD ./startup/startup_mcxn947_cm33_core0.o
LOAD ./source/lpadc_interrupt.o
LOAD ./source/semihost_hardfault.o
LOAD ./drivers/fsl_clock.o
LOAD ./drivers/fsl_common.o
LOAD ./drivers/fsl_common_arm.o
LOAD ./drivers/fsl_gpio.o
LOAD ./drivers/fsl_inputmux.o
LOAD ./drivers/fsl_lpadc.o
LOAD ./drivers/fsl_lpflexcomm.o
LOAD ./drivers/fsl_lpuart.o
LOAD ./drivers/fsl_reset.o
LOAD ./drivers/fsl_spc.o
LOAD ./drivers/fsl_vref.o
LOAD ./device/system_MCXN947_cm33_core0.o
LOAD ./component/uart/fsl_adapter_lpuart.o
LOAD ./board/board.o
LOAD ./board/clock_config.o
LOAD ./board/hardware_init.o
LOAD ./board/pin_mux.o
START GROUP
LOAD /Applications/MCUXpressoIDE_25.6.136/ide/plugins/com.nxp.mcuxpresso.tools.macosx_25.6.0.202501151204/tools/bin/../lib/gcc/arm-none-eabi/14.2.1/../../../../arm-none-eabi/lib/thumb/v8-m.main+fp/hard/libcr_nohost_nf.a
LOAD /Applications/MCUXpressoIDE_25.6.136/ide/plugins/com.nxp.mcuxpresso.tools.macosx_25.6.0.202501151204/tools/bin/../lib/gcc/arm-none-eabi/14.2.1/../../../../arm-none-eabi/lib/thumb/v8-m.main+fp/hard/libcr_c.a
LOAD /Applications/MCUXpressoIDE_25.6.136/ide/plugins/com.nxp.mcuxpresso.tools.macosx_25.6.0.202501151204/tools/bin/../lib/gcc/arm-none-eabi/14.2.1/thumb/v8-m.main+fp/hard/libcr_eabihelpers.a
LOAD /Applications/MCUXpressoIDE_25.6.136/ide/plugins/com.nxp.mcuxpresso.tools.macosx_25.6.0.202501151204/tools/bin/../lib/gcc/arm-none-eabi/14.2.1/thumb/v8-m.main+fp/hard/libgcc.a
END GROUP
                0x00000000                        __base_PROGRAM_FLASH0 = 0x0
                0x00000000                        __base_Flash = 0x0
                0x00100000                        __top_PROGRAM_FLASH0 = 0x100000
                0x00100000                        __top_Flash = 0x100000
                0x00100000                        __base_PROGRAM_FLASH1 = 0x100000
                0x00100000                        __base_Flash2 = 0x100000
                0x00200000                        __top_PROGRAM_FLASH1 = 0x200000
                0x00200000                        __top_Flash2 = 0x200000
                0x20000000                        __base_SRAM = 0x20000000
                0x20000000                        __base_RAM = 0x20000000
                0x20060000                        __top_SRAM = 0x20060000
                0x20060000                        __top_RAM = 0x20060000
                0x04000000                        __base_SRAMX = 0x4000000
                0x04000000                        __base_RAM2 = 0x4000000
                0x04018000                        __top_SRAMX = 0x4018000
                0x04018000                        __top_RAM2 = 0x4018000
                0x20060000                        __base_SRAMH = 0x20060000
                0x20060000                        __base_RAM3 = 0x20060000
                0x20068000                        __top_SRAMH = 0x20068000
                0x20068000                        __top_RAM3 = 0x20068000
                0x400ba000                        __base_USB_RAM = 0x400ba000
                0x400ba000                        __base_RAM4 = 0x400ba000
                0x400bb000                        __top_USB_RAM = 0x400bb000
                0x400bb000                        __top_RAM4 = 0x400bb000

.text_Flash2    0x00100000        0x0
 FILL mask 0xff
 *(SORT_BY_ALIGNMENT(.text_Flash2))
 *(SORT_BY_ALIGNMENT(.text_PROGRAM_FLASH1))
 *(SORT_BY_ALIGNMENT(.text.$Flash2))
 *(SORT_BY_ALIGNMENT(.text.$PROGRAM_FLASH1))
 *(SORT_BY_ALIGNMENT(.text_Flash2.*))
 *(SORT_BY_ALIGNMENT(.text_PROGRAM_FLASH1.*))
 *(SORT_BY_ALIGNMENT(.text.$Flash2.*))
 *(SORT_BY_ALIGNMENT(.text.$PROGRAM_FLASH1.*))
 *(SORT_BY_ALIGNMENT(.rodata.$Flash2))
 *(SORT_BY_ALIGNMENT(.rodata.$PROGRAM_FLASH1))
 *(SORT_BY_ALIGNMENT(.rodata.$Flash2.*))
 *(SORT_BY_ALIGNMENT(.rodata.$PROGRAM_FLASH1.*))

.text           0x00000000     0x532c
 FILL mask 0xff
                0x00000000                        __vectors_start__ = ABSOLUTE (.)
 *(SORT_BY_ALIGNMENT(.isr_vector))
 .isr_vector    0x00000000      0x2b0 ./startup/startup_mcxn947_cm33_core0.o
                0x00000000                __Vectors
                0x00000000                g_pfnVectors
                0x000002b0                        . = ALIGN (0x4)
                0x000002b0                        __section_table_start = .
                0x000002b0                        __data_section_table = .
                0x000002b0        0x4 LONG 0x532c LOADADDR (.data)
                0x000002b4        0x4 LONG 0x20000000 ADDR (.data)
                0x000002b8        0x4 LONG 0xc SIZEOF (.data)
                0x000002bc        0x4 LONG 0x532c LOADADDR (.data_RAM2)
                0x000002c0        0x4 LONG 0x4000000 ADDR (.data_RAM2)
                0x000002c4        0x4 LONG 0x0 SIZEOF (.data_RAM2)
                0x000002c8        0x4 LONG 0x532c LOADADDR (.data_RAM3)
                0x000002cc        0x4 LONG 0x20060000 ADDR (.data_RAM3)
                0x000002d0        0x4 LONG 0x0 SIZEOF (.data_RAM3)
                0x000002d4        0x4 LONG 0x532c LOADADDR (.data_RAM4)
                0x000002d8        0x4 LONG 0x400ba000 ADDR (.data_RAM4)
                0x000002dc        0x4 LONG 0x0 SIZEOF (.data_RAM4)
                0x000002e0                        __data_section_table_end = .
                0x000002e0                        __bss_section_table = .
                0x000002e0        0x4 LONG 0x2000000c ADDR (.bss)
                0x000002e4        0x4 LONG 0x220 SIZEOF (.bss)
                0x000002e8        0x4 LONG 0x4000000 ADDR (.bss_RAM2)
                0x000002ec        0x4 LONG 0x0 SIZEOF (.bss_RAM2)
                0x000002f0        0x4 LONG 0x20060000 ADDR (.bss_RAM3)
                0x000002f4        0x4 LONG 0x0 SIZEOF (.bss_RAM3)
                0x000002f8        0x4 LONG 0x400ba000 ADDR (.bss_RAM4)
                0x000002fc        0x4 LONG 0x0 SIZEOF (.bss_RAM4)
                0x00000300                        __bss_section_table_end = .
                0x00000300                        __section_table_end = .
 *(SORT_BY_ALIGNMENT(.after_vectors*))
 .after_vectors.reset
                0x00000300       0x68 ./startup/startup_mcxn947_cm33_core0.o
                0x00000300                ResetISR
 .after_vectors.init_data
                0x00000368       0x1e ./startup/startup_mcxn947_cm33_core0.o
                0x00000368                data_init
 .after_vectors.init_bss
                0x00000386       0x12 ./startup/startup_mcxn947_cm33_core0.o
                0x00000386                bss_init
 .after_vectors
                0x00000398       0x16 ./startup/startup_mcxn947_cm33_core0.o
                0x00000398                NMI_Handler
                0x0000039c                MemManage_Handler
                0x0000039e                BusFault_Handler
                0x000003a0                UsageFault_Handler
                0x000003a2                SecureFault_Handler
                0x000003a4                SVC_Handler
                0x000003a6                DebugMon_Handler
                0x000003a8                PendSV_Handler
                0x000003aa                SysTick_Handler
                0x000003ac                QDC1_HOME_DriverIRQHandler
                0x000003ac                EDMA_0_CH5_DriverIRQHandler
                0x000003ac                EDMA_0_CH14_DriverIRQHandler
                0x000003ac                EDMA_1_CH0_DriverIRQHandler
                0x000003ac                SCG_DriverIRQHandler
                0x000003ac                CMC0_DriverIRQHandler
                0x000003ac                EDMA_0_CH15_DriverIRQHandler
                0x000003ac                LPTMR0_DriverIRQHandler
                0x000003ac                EDMA_0_CH2_DriverIRQHandler
                0x000003ac                FLEXPWM1_SUBMODULE1_DriverIRQHandler
                0x000003ac                FLEXPWM0_SUBMODULE1_DriverIRQHandler
                0x000003ac                EDMA_1_CH11_DriverIRQHandler
                0x000003ac                FLEXPWM0_RELOAD_ERROR_DriverIRQHandler
                0x000003ac                QDC0_HOME_DriverIRQHandler
                0x000003ac                Reserved167_DriverIRQHandler
                0x000003ac                EDMA_1_CH9_DriverIRQHandler
                0x000003ac                SEC_VIO_DriverIRQHandler
                0x000003ac                ERM_MULTI_BIT_ERROR_DriverIRQHandler
                0x000003ac                GPIO31_DriverIRQHandler
                0x000003ac                EWM0_DriverIRQHandler
                0x000003ac                PKC_DriverIRQHandler
                0x000003ac                EDMA_0_CH10_DriverIRQHandler
                0x000003ac                USB1_HS_PHY_DriverIRQHandler
                0x000003ac                QDC0_IDX_DriverIRQHandler
                0x000003ac                ELS_DriverIRQHandler
                0x000003ac                Reserved166_DriverIRQHandler
                0x000003ac                EDMA_1_CH2_DriverIRQHandler
                0x000003ac                ETHERNET_DriverIRQHandler
                0x000003ac                QDC1_IDX_DriverIRQHandler
                0x000003ac                EDMA_1_CH14_DriverIRQHandler
                0x000003ac                FLEXPWM1_SUBMODULE3_DriverIRQHandler
                0x000003ac                EDMA_1_CH7_DriverIRQHandler
                0x000003ac                EDMA_1_CH6_DriverIRQHandler
                0x000003ac                DAC1_DriverIRQHandler
                0x000003ac                CTIMER2_DriverIRQHandler
                0x000003ac                ITRC0_DriverIRQHandler
                0x000003ac                EDMA_0_CH9_DriverIRQHandler
                0x000003ac                ETB0_DriverIRQHandler
                0x000003ac                Freqme_DriverIRQHandler
                0x000003ac                Reserved80_DriverIRQHandler
                0x000003ac                IntDefaultHandler
                0x000003ac                ELS_ERR_DriverIRQHandler
                0x000003ac                FLEXIO_DriverIRQHandler
                0x000003ac                DAC0_DriverIRQHandler
                0x000003ac                MRT0_DriverIRQHandler
                0x000003ac                UTICK0_DriverIRQHandler
                0x000003ac                FLEXPWM0_SUBMODULE2_DriverIRQHandler
                0x000003ac                GPIO01_DriverIRQHandler
                0x000003ac                EDMA_0_CH3_DriverIRQHandler
                0x000003ac                WWDT0_DriverIRQHandler
                0x000003ac                USDHC0_DriverIRQHandler
                0x000003ac                GPIO00_DriverIRQHandler
                0x000003ac                EDMA_0_CH4_DriverIRQHandler
                0x000003ac                GPIO11_DriverIRQHandler
                0x000003ac                CTIMER4_DriverIRQHandler
                0x000003ac                BSP32_DriverIRQHandler
                0x000003ac                FLEXPWM0_FAULT_DriverIRQHandler
                0x000003ac                EDMA_1_CH1_DriverIRQHandler
                0x000003ac                SAI1_DriverIRQHandler
                0x000003ac                ERM_SINGLE_BIT_ERROR_DriverIRQHandler
                0x000003ac                GPIO21_DriverIRQHandler
                0x000003ac                FLEXPWM1_FAULT_DriverIRQHandler
                0x000003ac                GPIO30_DriverIRQHandler
                0x000003ac                CTIMER0_DriverIRQHandler
                0x000003ac                CTIMER1_DriverIRQHandler
                0x000003ac                QDC0_COMPARE_DriverIRQHandler
                0x000003ac                ADC1_DriverIRQHandler
                0x000003ac                PQ_DriverIRQHandler
                0x000003ac                ETHERNET_MACLP_DriverIRQHandler
                0x000003ac                USB0_DCD_DriverIRQHandler
                0x000003ac                EDMA_0_CH11_DriverIRQHandler
                0x000003ac                MAILBOX_DriverIRQHandler
                0x000003ac                WUU_DriverIRQHandler
                0x000003ac                EDMA_0_CH6_DriverIRQHandler
                0x000003ac                CTIMER3_DriverIRQHandler
                0x000003ac                FLEXPWM1_SUBMODULE0_DriverIRQHandler
                0x000003ac                CDOG1_DriverIRQHandler
                0x000003ac                TSI_OUT_OF_SCAN_DriverIRQHandler
                0x000003ac                EDMA_1_CH4_DriverIRQHandler
                0x000003ac                PUF_DriverIRQHandler
                0x000003ac                SPC_DriverIRQHandler
                0x000003ac                RTC_DriverIRQHandler
                0x000003ac                VBAT0_DriverIRQHandler
                0x000003ac                Reserved65_DriverIRQHandler
                0x000003ac                HSCMP2_DriverIRQHandler
                0x000003ac                EDMA_0_CH0_DriverIRQHandler
                0x000003ac                PDM_EVENT_DriverIRQHandler
                0x000003ac                ETHERNET_PMT_DriverIRQHandler
                0x000003ac                FLEXPWM1_RELOAD_ERROR_DriverIRQHandler
                0x000003ac                FMU0_DriverIRQHandler
                0x000003ac                QDC1_COMPARE_DriverIRQHandler
                0x000003ac                EDMA_0_CH8_DriverIRQHandler
                0x000003ac                LPTMR1_DriverIRQHandler
                0x000003ac                GPIO40_DriverIRQHandler
                0x000003ac                CTI0_DriverIRQHandler
                0x000003ac                EDMA_1_CH3_DriverIRQHandler
                0x000003ac                EDMA_1_CH15_DriverIRQHandler
                0x000003ac                FLEXPWM1_SUBMODULE2_DriverIRQHandler
                0x000003ac                GPIO20_DriverIRQHandler
                0x000003ac                QDC1_WDG_SAB_DriverIRQHandler
                0x000003ac                EDMA_1_CH8_DriverIRQHandler
                0x000003ac                GDET_DriverIRQHandler
                0x000003ac                PORT_EFT_DriverIRQHandler
                0x000003ac                Reserved85_DriverIRQHandler
                0x000003ac                Reserved81_DriverIRQHandler
                0x000003ac                TSI_END_OF_SCAN_DriverIRQHandler
                0x000003ac                FLEXPWM0_SUBMODULE3_DriverIRQHandler
                0x000003ac                ADC0_DriverIRQHandler
                0x000003ac                OR_DriverIRQHandler
                0x000003ac                EDMA_0_CH13_DriverIRQHandler
                0x000003ac                USB1_HS_DriverIRQHandler
                0x000003ac                EDMA_0_CH1_DriverIRQHandler
                0x000003ac                DAC2_DriverIRQHandler
                0x000003ac                GPIO51_DriverIRQHandler
                0x000003ac                HSCMP0_DriverIRQHandler
                0x000003ac                EDMA_0_CH12_DriverIRQHandler
                0x000003ac                QDC0_WDG_SAB_DriverIRQHandler
                0x000003ac                CDOG0_DriverIRQHandler
                0x000003ac                CAN0_DriverIRQHandler
                0x000003ac                SMARTDMA_DriverIRQHandler
                0x000003ac                SAI0_DriverIRQHandler
                0x000003ac                EMVSIM1_DriverIRQHandler
                0x000003ac                I3C1_DriverIRQHandler
                0x000003ac                EDMA_0_CH7_DriverIRQHandler
                0x000003ac                EDMA_1_CH10_DriverIRQHandler
                0x000003ac                EDMA_1_CH12_DriverIRQHandler
                0x000003ac                FLEXSPI0_DriverIRQHandler
                0x000003ac                GPIO50_DriverIRQHandler
                0x000003ac                GPIO10_DriverIRQHandler
                0x000003ac                SCT0_DriverIRQHandler
                0x000003ac                CAN1_DriverIRQHandler
                0x000003ac                PLU_DriverIRQHandler
                0x000003ac                FLEXPWM0_SUBMODULE0_DriverIRQHandler
                0x000003ac                OS_EVENT_DriverIRQHandler
                0x000003ac                SINC_FILTER_DriverIRQHandler
                0x000003ac                NPU_DriverIRQHandler
                0x000003ac                GPIO41_DriverIRQHandler
                0x000003ac                HSCMP1_DriverIRQHandler
                0x000003ac                SEC_HYPERVISOR_CALL_DriverIRQHandler
                0x000003ac                EDMA_1_CH5_DriverIRQHandler
                0x000003ac                PINT0_DriverIRQHandler
                0x000003ac                WWDT1_DriverIRQHandler
                0x000003ac                EDMA_1_CH13_DriverIRQHandler
                0x000003ac                EMVSIM0_DriverIRQHandler
                0x000003ac                I3C0_DriverIRQHandler
                0x000003ac                USB0_FS_DriverIRQHandler
                0x000003ac                PKC_ERR_DriverIRQHandler
 *(SORT_BY_ALIGNMENT(.text*))
 *fill*         0x000003ae        0x2 ff
 .text.DbgConsole_Init
                0x000003b0       0x88 ./utilities/debug_console_lite/fsl_debug_console.o
                0x000003b0                DbgConsole_Init
 .text.DbgConsole_Vprintf
                0x00000438       0x3c ./utilities/debug_console_lite/fsl_debug_console.o
                0x00000438                DbgConsole_Vprintf
 .text.DbgConsole_Putchar
                0x00000474       0x30 ./utilities/debug_console_lite/fsl_debug_console.o
                0x00000474                DbgConsole_Putchar
 .text.DbgConsole_PrintfFormattedData
                0x000004a4      0x3e0 ./utilities/debug_console_lite/fsl_debug_console.o
 .text.__assertion_failed
                0x00000884       0x2c ./utilities/fsl_assert.o
                0x00000884                __assertion_failed
 .text          0x000008b0       0xa0 ./utilities/fsl_memcpy.o
                0x000008b0                memcpy
 .text.__NVIC_EnableIRQ
                0x00000950       0x3c ./source/lpadc_interrupt.o
 .text.LPADC_EnableInterrupts
                0x0000098c       0x38 ./source/lpadc_interrupt.o
 .text.ADC0_IRQHandler
                0x000009c4       0x60 ./source/lpadc_interrupt.o
                0x000009c4                ADC0_IRQHandler
 .text.main     0x00000a24      0x294 ./source/lpadc_interrupt.o
                0x00000a24                main
 .text.CLOCK_IsPLL0Locked
                0x00000cb8       0x28 ./drivers/fsl_clock.o
 .text.CLOCK_SetupFROHFClocking
                0x00000ce0       0x9c ./drivers/fsl_clock.o
                0x00000ce0                CLOCK_SetupFROHFClocking
 .text.CLOCK_SetPll0MonitorMode
                0x00000d7c       0x38 ./drivers/fsl_clock.o
                0x00000d7c                CLOCK_SetPll0MonitorMode
 .text.CLOCK_AttachClk
                0x00000db4       0xb0 ./drivers/fsl_clock.o
                0x00000db4                CLOCK_AttachClk
 .text.CLOCK_SetClkDiv
                0x00000e64       0x54 ./drivers/fsl_clock.o
                0x00000e64                CLOCK_SetClkDiv
 .text.CLOCK_GetPLL0InClockRate
                0x00000eb8       0x5c ./drivers/fsl_clock.o
                0x00000eb8                CLOCK_GetPLL0InClockRate
 .text.CLOCK_SetPLL0Freq
                0x00000f14      0x10c ./drivers/fsl_clock.o
                0x00000f14                CLOCK_SetPLL0Freq
 .text.CLOCK_GetClk48MFreq
                0x00001020       0x2c ./drivers/fsl_clock.o
 .text.CLOCK_GetExtClkFreq
                0x0000104c       0x2c ./drivers/fsl_clock.o
 .text.CLOCK_GetOsc32KFreq
                0x00001078       0x4c ./drivers/fsl_clock.o
 .text.findPll0PreDiv
                0x000010c4       0x40 ./drivers/fsl_clock.o
 .text.findPll0PostDiv
                0x00001104       0x60 ./drivers/fsl_clock.o
 .text.findPll0MMult
                0x00001164       0xac ./drivers/fsl_clock.o
 .text.SDK_DelayAtLeastUs
                0x00001210       0x8c ./drivers/fsl_common_arm.o
                0x00001210                SDK_DelayAtLeastUs
 .text.LPADC_GetInstance
                0x0000129c       0x4c ./drivers/fsl_lpadc.o
 .text.LPADC_GetGainConvResult
                0x000012e8      0x134 ./drivers/fsl_lpadc.o
 .text.LPADC_Init
                0x0000141c      0x170 ./drivers/fsl_lpadc.o
                0x0000141c                LPADC_Init
 .text.LPADC_GetConvResult
                0x0000158c       0x70 ./drivers/fsl_lpadc.o
                0x0000158c                LPADC_GetConvResult
 .text.LPADC_SetConvTriggerConfig
                0x000015fc       0x8c ./drivers/fsl_lpadc.o
                0x000015fc                LPADC_SetConvTriggerConfig
 .text.LPADC_GetDefaultConvTriggerConfig
                0x00001688       0x50 ./drivers/fsl_lpadc.o
                0x00001688                LPADC_GetDefaultConvTriggerConfig
 .text.LPADC_SetConvCommandConfig
                0x000016d8      0x160 ./drivers/fsl_lpadc.o
                0x000016d8                LPADC_SetConvCommandConfig
 .text.LPADC_GetDefaultConvCommandConfig
                0x00001838       0x84 ./drivers/fsl_lpadc.o
                0x00001838                LPADC_GetDefaultConvCommandConfig
 .text.LPADC_PrepareAutoCalibration
                0x000018bc       0x44 ./drivers/fsl_lpadc.o
                0x000018bc                LPADC_PrepareAutoCalibration
 .text.LP_FLEXCOMM_GetInterruptStatus
                0x00001900       0x28 ./drivers/fsl_lpflexcomm.o
                0x00001900                LP_FLEXCOMM_GetInterruptStatus
 .text.LP_FLEXCOMM_SetPeriph
                0x00001928       0x94 ./drivers/fsl_lpflexcomm.o
 .text.LP_FLEXCOMM_Init
                0x000019bc       0x58 ./drivers/fsl_lpflexcomm.o
                0x000019bc                LP_FLEXCOMM_Init
 .text.LP_FLEXCOMM_CommonIRQHandler
                0x00001a14       0xb8 ./drivers/fsl_lpflexcomm.o
 .text.LPUART_GetInstance
                0x00001acc       0x4c ./drivers/fsl_lpuart.o
                0x00001acc                LPUART_GetInstance
 .text.LPUART_Init
                0x00001b18      0x3d4 ./drivers/fsl_lpuart.o
                0x00001b18                LPUART_Init
 .text.LPUART_GetDefaultConfig
                0x00001eec       0x8c ./drivers/fsl_lpuart.o
                0x00001eec                LPUART_GetDefaultConfig
 .text.LPUART_GetStatusFlags
                0x00001f78       0x60 ./drivers/fsl_lpuart.o
                0x00001f78                LPUART_GetStatusFlags
 .text.LPUART_ClearStatusFlags
                0x00001fd8       0x94 ./drivers/fsl_lpuart.o
                0x00001fd8                LPUART_ClearStatusFlags
 .text.LPUART_WriteBlocking
                0x0000206c       0x68 ./drivers/fsl_lpuart.o
                0x0000206c                LPUART_WriteBlocking
 .text.LPUART_ReadBlocking
                0x000020d4      0x160 ./drivers/fsl_lpuart.o
                0x000020d4                LPUART_ReadBlocking
 .text.RESET_ClearPeripheralReset
                0x00002234       0x64 ./drivers/fsl_reset.o
                0x00002234                RESET_ClearPeripheralReset
 .text.SPC_SetSRAMOperateVoltage
                0x00002298       0x58 ./drivers/fsl_spc.o
                0x00002298                SPC_SetSRAMOperateVoltage
 .text.SPC_SetActiveModeCoreLDORegulatorConfig
                0x000022f0       0x94 ./drivers/fsl_spc.o
                0x000022f0                SPC_SetActiveModeCoreLDORegulatorConfig
 .text.SPC_SetActiveModeDCDCRegulatorConfig
                0x00002384       0x68 ./drivers/fsl_spc.o
                0x00002384                SPC_SetActiveModeDCDCRegulatorConfig
 .text.VREF_GetInstance
                0x000023ec       0x44 ./drivers/fsl_vref.o
 .text.VREF_Init
                0x00002430       0xdc ./drivers/fsl_vref.o
                0x00002430                VREF_Init
 .text.VREF_GetDefaultConfig
                0x0000250c       0x50 ./drivers/fsl_vref.o
                0x0000250c                VREF_GetDefaultConfig
 .text.SystemInit
                0x0000255c      0x124 ./device/system_MCXN947_cm33_core0.o
                0x0000255c                SystemInit
 .text.HAL_UartInitCommon
                0x00002680       0xe4 ./component/uart/fsl_adapter_lpuart.o
 .text.HAL_UartInit
                0x00002764       0x84 ./component/uart/fsl_adapter_lpuart.o
                0x00002764                HAL_UartInit
 .text.HAL_UartReceiveBlocking
                0x000027e8       0x6c ./component/uart/fsl_adapter_lpuart.o
                0x000027e8                HAL_UartReceiveBlocking
 .text.HAL_UartSendBlocking
                0x00002854       0x64 ./component/uart/fsl_adapter_lpuart.o
                0x00002854                HAL_UartSendBlocking
 .text.BOARD_InitDebugConsole
                0x000028b8       0x38 ./board/board.o
                0x000028b8                BOARD_InitDebugConsole
 .text.BOARD_BootClockPLL150M
                0x000028f0       0xd8 ./board/clock_config.o
                0x000028f0                BOARD_BootClockPLL150M
 .text.BOARD_InitHardware
                0x000029c8       0x70 ./board/hardware_init.o
                0x000029c8                BOARD_InitHardware
 .text.PORT_SetPinConfig
                0x00002a38       0x38 ./board/pin_mux.o
 .text.BOARD_InitPins
                0x00002a70       0xd0 ./board/pin_mux.o
                0x00002a70                BOARD_InitPins
 .text._initio  0x00002b40       0x78 /Applications/MCUXpressoIDE_25.6.136/ide/plugins/com.nxp.mcuxpresso.tools.macosx_25.6.0.202501151204/tools/bin/../lib/gcc/arm-none-eabi/14.2.1/../../../../arm-none-eabi/lib/thumb/v8-m.main+fp/hard/libcr_c.a(initio.o)
                0x00002b40                _initio
 .text._Cwritebuf
                0x00002bb8       0x70 /Applications/MCUXpressoIDE_25.6.136/ide/plugins/com.nxp.mcuxpresso.tools.macosx_25.6.0.202501151204/tools/bin/../lib/gcc/arm-none-eabi/14.2.1/../../../../arm-none-eabi/lib/thumb/v8-m.main+fp/hard/libcr_c.a(_writebuf.o)
                0x00002bb8                _Cwritebuf
 .text.fflush   0x00002c28       0x3c /Applications/MCUXpressoIDE_25.6.136/ide/plugins/com.nxp.mcuxpresso.tools.macosx_25.6.0.202501151204/tools/bin/../lib/gcc/arm-none-eabi/14.2.1/../../../../arm-none-eabi/lib/thumb/v8-m.main+fp/hard/libcr_c.a(fflush.o)
                0x00002c28                fflush
 .text.fseek    0x00002c64       0xf8 /Applications/MCUXpressoIDE_25.6.136/ide/plugins/com.nxp.mcuxpresso.tools.macosx_25.6.0.202501151204/tools/bin/../lib/gcc/arm-none-eabi/14.2.1/../../../../arm-none-eabi/lib/thumb/v8-m.main+fp/hard/libcr_c.a(fseek.o)
                0x00002c64                fseek
 .text.ftell    0x00002d5c       0x44 /Applications/MCUXpressoIDE_25.6.136/ide/plugins/com.nxp.mcuxpresso.tools.macosx_25.6.0.202501151204/tools/bin/../lib/gcc/arm-none-eabi/14.2.1/../../../../arm-none-eabi/lib/thumb/v8-m.main+fp/hard/libcr_c.a(ftell.o)
                0x00002d5c                ftell
 .text.__aeabi_ddiv
                0x00002da0      0x134 /Applications/MCUXpressoIDE_25.6.136/ide/plugins/com.nxp.mcuxpresso.tools.macosx_25.6.0.202501151204/tools/bin/../lib/gcc/arm-none-eabi/14.2.1/thumb/v8-m.main+fp/hard/libcr_eabihelpers.a(double.o)
                0x00002da0                __aeabi_ddiv
 .text.__aeabi_dsub
                0x00002ed4      0x1b4 /Applications/MCUXpressoIDE_25.6.136/ide/plugins/com.nxp.mcuxpresso.tools.macosx_25.6.0.202501151204/tools/bin/../lib/gcc/arm-none-eabi/14.2.1/thumb/v8-m.main+fp/hard/libcr_eabihelpers.a(double.o)
                0x00002ed4                __aeabi_dsub
 .text.__aeabi_dadd
                0x00003088      0x128 /Applications/MCUXpressoIDE_25.6.136/ide/plugins/com.nxp.mcuxpresso.tools.macosx_25.6.0.202501151204/tools/bin/../lib/gcc/arm-none-eabi/14.2.1/thumb/v8-m.main+fp/hard/libcr_eabihelpers.a(double.o)
                0x00003088                __aeabi_dadd
 .text.__aeabi_d2f
                0x000031b0       0x58 /Applications/MCUXpressoIDE_25.6.136/ide/plugins/com.nxp.mcuxpresso.tools.macosx_25.6.0.202501151204/tools/bin/../lib/gcc/arm-none-eabi/14.2.1/thumb/v8-m.main+fp/hard/libcr_eabihelpers.a(double.o)
                0x000031b0                __aeabi_d2f
 .text.DbgConsole_Printf
                0x00003208       0x2c ./utilities/debug_console_lite/fsl_debug_console.o
                0x00003208                DbgConsole_Printf
 .text.DbgConsole_PrintfPaddingCharacter
                0x00003234       0x40 ./utilities/debug_console_lite/fsl_debug_console.o
 .text.DbgConsole_ConvertRadixNumToString
                0x00003274       0xc2 ./utilities/debug_console_lite/fsl_debug_console.o
 .text.fsl_assert_hook
                0x00003336       0x1a ./utilities/fsl_assert.o
                0x00003336                fsl_assert_hook
 .text.OR_IRQHandler
                0x00003350        0x8 ./startup/startup_mcxn947_cm33_core0.o
                0x00003350                OR_IRQHandler
 .text.EDMA_0_CH0_IRQHandler
                0x00003358        0x8 ./startup/startup_mcxn947_cm33_core0.o
                0x00003358                EDMA_0_CH0_IRQHandler
 .text.EDMA_0_CH1_IRQHandler
                0x00003360        0x8 ./startup/startup_mcxn947_cm33_core0.o
                0x00003360                EDMA_0_CH1_IRQHandler
 .text.EDMA_0_CH2_IRQHandler
                0x00003368        0x8 ./startup/startup_mcxn947_cm33_core0.o
                0x00003368                EDMA_0_CH2_IRQHandler
 .text.EDMA_0_CH3_IRQHandler
                0x00003370        0x8 ./startup/startup_mcxn947_cm33_core0.o
                0x00003370                EDMA_0_CH3_IRQHandler
 .text.EDMA_0_CH4_IRQHandler
                0x00003378        0x8 ./startup/startup_mcxn947_cm33_core0.o
                0x00003378                EDMA_0_CH4_IRQHandler
 .text.EDMA_0_CH5_IRQHandler
                0x00003380        0x8 ./startup/startup_mcxn947_cm33_core0.o
                0x00003380                EDMA_0_CH5_IRQHandler
 .text.EDMA_0_CH6_IRQHandler
                0x00003388        0x8 ./startup/startup_mcxn947_cm33_core0.o
                0x00003388                EDMA_0_CH6_IRQHandler
 .text.EDMA_0_CH7_IRQHandler
                0x00003390        0x8 ./startup/startup_mcxn947_cm33_core0.o
                0x00003390                EDMA_0_CH7_IRQHandler
 .text.EDMA_0_CH8_IRQHandler
                0x00003398        0x8 ./startup/startup_mcxn947_cm33_core0.o
                0x00003398                EDMA_0_CH8_IRQHandler
 .text.EDMA_0_CH9_IRQHandler
                0x000033a0        0x8 ./startup/startup_mcxn947_cm33_core0.o
                0x000033a0                EDMA_0_CH9_IRQHandler
 .text.EDMA_0_CH10_IRQHandler
                0x000033a8        0x8 ./startup/startup_mcxn947_cm33_core0.o
                0x000033a8                EDMA_0_CH10_IRQHandler
 .text.EDMA_0_CH11_IRQHandler
                0x000033b0        0x8 ./startup/startup_mcxn947_cm33_core0.o
                0x000033b0                EDMA_0_CH11_IRQHandler
 .text.EDMA_0_CH12_IRQHandler
                0x000033b8        0x8 ./startup/startup_mcxn947_cm33_core0.o
                0x000033b8                EDMA_0_CH12_IRQHandler
 .text.EDMA_0_CH13_IRQHandler
                0x000033c0        0x8 ./startup/startup_mcxn947_cm33_core0.o
                0x000033c0                EDMA_0_CH13_IRQHandler
 .text.EDMA_0_CH14_IRQHandler
                0x000033c8        0x8 ./startup/startup_mcxn947_cm33_core0.o
                0x000033c8                EDMA_0_CH14_IRQHandler
 .text.EDMA_0_CH15_IRQHandler
                0x000033d0        0x8 ./startup/startup_mcxn947_cm33_core0.o
                0x000033d0                EDMA_0_CH15_IRQHandler
 .text.GPIO00_IRQHandler
                0x000033d8        0x8 ./startup/startup_mcxn947_cm33_core0.o
                0x000033d8                GPIO00_IRQHandler
 .text.GPIO01_IRQHandler
                0x000033e0        0x8 ./startup/startup_mcxn947_cm33_core0.o
                0x000033e0                GPIO01_IRQHandler
 .text.GPIO10_IRQHandler
                0x000033e8        0x8 ./startup/startup_mcxn947_cm33_core0.o
                0x000033e8                GPIO10_IRQHandler
 .text.GPIO11_IRQHandler
                0x000033f0        0x8 ./startup/startup_mcxn947_cm33_core0.o
                0x000033f0                GPIO11_IRQHandler
 .text.GPIO20_IRQHandler
                0x000033f8        0x8 ./startup/startup_mcxn947_cm33_core0.o
                0x000033f8                GPIO20_IRQHandler
 .text.GPIO21_IRQHandler
                0x00003400        0x8 ./startup/startup_mcxn947_cm33_core0.o
                0x00003400                GPIO21_IRQHandler
 .text.GPIO30_IRQHandler
                0x00003408        0x8 ./startup/startup_mcxn947_cm33_core0.o
                0x00003408                GPIO30_IRQHandler
 .text.GPIO31_IRQHandler
                0x00003410        0x8 ./startup/startup_mcxn947_cm33_core0.o
                0x00003410                GPIO31_IRQHandler
 .text.GPIO40_IRQHandler
                0x00003418        0x8 ./startup/startup_mcxn947_cm33_core0.o
                0x00003418                GPIO40_IRQHandler
 .text.GPIO41_IRQHandler
                0x00003420        0x8 ./startup/startup_mcxn947_cm33_core0.o
                0x00003420                GPIO41_IRQHandler
 .text.GPIO50_IRQHandler
                0x00003428        0x8 ./startup/startup_mcxn947_cm33_core0.o
                0x00003428                GPIO50_IRQHandler
 .text.GPIO51_IRQHandler
                0x00003430        0x8 ./startup/startup_mcxn947_cm33_core0.o
                0x00003430                GPIO51_IRQHandler
 .text.UTICK0_IRQHandler
                0x00003438        0x8 ./startup/startup_mcxn947_cm33_core0.o
                0x00003438                UTICK0_IRQHandler
 .text.MRT0_IRQHandler
                0x00003440        0x8 ./startup/startup_mcxn947_cm33_core0.o
                0x00003440                MRT0_IRQHandler
 .text.CTIMER0_IRQHandler
                0x00003448        0x8 ./startup/startup_mcxn947_cm33_core0.o
                0x00003448                CTIMER0_IRQHandler
 .text.CTIMER1_IRQHandler
                0x00003450        0x8 ./startup/startup_mcxn947_cm33_core0.o
                0x00003450                CTIMER1_IRQHandler
 .text.SCT0_IRQHandler
                0x00003458        0x8 ./startup/startup_mcxn947_cm33_core0.o
                0x00003458                SCT0_IRQHandler
 .text.CTIMER2_IRQHandler
                0x00003460        0x8 ./startup/startup_mcxn947_cm33_core0.o
                0x00003460                CTIMER2_IRQHandler
 .text.LP_FLEXCOMM0_IRQHandler
                0x00003468        0x8 ./startup/startup_mcxn947_cm33_core0.o
                0x00003468                LP_FLEXCOMM0_IRQHandler
 .text.LP_FLEXCOMM1_IRQHandler
                0x00003470        0x8 ./startup/startup_mcxn947_cm33_core0.o
                0x00003470                LP_FLEXCOMM1_IRQHandler
 .text.LP_FLEXCOMM2_IRQHandler
                0x00003478        0x8 ./startup/startup_mcxn947_cm33_core0.o
                0x00003478                LP_FLEXCOMM2_IRQHandler
 .text.LP_FLEXCOMM3_IRQHandler
                0x00003480        0x8 ./startup/startup_mcxn947_cm33_core0.o
                0x00003480                LP_FLEXCOMM3_IRQHandler
 .text.LP_FLEXCOMM4_IRQHandler
                0x00003488        0x8 ./startup/startup_mcxn947_cm33_core0.o
                0x00003488                LP_FLEXCOMM4_IRQHandler
 .text.LP_FLEXCOMM5_IRQHandler
                0x00003490        0x8 ./startup/startup_mcxn947_cm33_core0.o
                0x00003490                LP_FLEXCOMM5_IRQHandler
 .text.LP_FLEXCOMM6_IRQHandler
                0x00003498        0x8 ./startup/startup_mcxn947_cm33_core0.o
                0x00003498                LP_FLEXCOMM6_IRQHandler
 .text.LP_FLEXCOMM7_IRQHandler
                0x000034a0        0x8 ./startup/startup_mcxn947_cm33_core0.o
                0x000034a0                LP_FLEXCOMM7_IRQHandler
 .text.LP_FLEXCOMM8_IRQHandler
                0x000034a8        0x8 ./startup/startup_mcxn947_cm33_core0.o
                0x000034a8                LP_FLEXCOMM8_IRQHandler
 .text.LP_FLEXCOMM9_IRQHandler
                0x000034b0        0x8 ./startup/startup_mcxn947_cm33_core0.o
                0x000034b0                LP_FLEXCOMM9_IRQHandler
 .text.ADC1_IRQHandler
                0x000034b8        0x8 ./startup/startup_mcxn947_cm33_core0.o
                0x000034b8                ADC1_IRQHandler
 .text.PINT0_IRQHandler
                0x000034c0        0x8 ./startup/startup_mcxn947_cm33_core0.o
                0x000034c0                PINT0_IRQHandler
 .text.PDM_EVENT_IRQHandler
                0x000034c8        0x8 ./startup/startup_mcxn947_cm33_core0.o
                0x000034c8                PDM_EVENT_IRQHandler
 .text.Reserved65_IRQHandler
                0x000034d0        0x8 ./startup/startup_mcxn947_cm33_core0.o
                0x000034d0                Reserved65_IRQHandler
 .text.USB0_FS_IRQHandler
                0x000034d8        0x8 ./startup/startup_mcxn947_cm33_core0.o
                0x000034d8                USB0_FS_IRQHandler
 .text.USB0_DCD_IRQHandler
                0x000034e0        0x8 ./startup/startup_mcxn947_cm33_core0.o
                0x000034e0                USB0_DCD_IRQHandler
 .text.RTC_IRQHandler
                0x000034e8        0x8 ./startup/startup_mcxn947_cm33_core0.o
                0x000034e8                RTC_IRQHandler
 .text.SMARTDMA_IRQHandler
                0x000034f0        0x8 ./startup/startup_mcxn947_cm33_core0.o
                0x000034f0                SMARTDMA_IRQHandler
 .text.MAILBOX_IRQHandler
                0x000034f8        0x8 ./startup/startup_mcxn947_cm33_core0.o
                0x000034f8                MAILBOX_IRQHandler
 .text.CTIMER3_IRQHandler
                0x00003500        0x8 ./startup/startup_mcxn947_cm33_core0.o
                0x00003500                CTIMER3_IRQHandler
 .text.CTIMER4_IRQHandler
                0x00003508        0x8 ./startup/startup_mcxn947_cm33_core0.o
                0x00003508                CTIMER4_IRQHandler
 .text.OS_EVENT_IRQHandler
                0x00003510        0x8 ./startup/startup_mcxn947_cm33_core0.o
                0x00003510                OS_EVENT_IRQHandler
 .text.FLEXSPI0_IRQHandler
                0x00003518        0x8 ./startup/startup_mcxn947_cm33_core0.o
                0x00003518                FLEXSPI0_IRQHandler
 .text.SAI0_IRQHandler
                0x00003520        0x8 ./startup/startup_mcxn947_cm33_core0.o
                0x00003520                SAI0_IRQHandler
 .text.SAI1_IRQHandler
                0x00003528        0x8 ./startup/startup_mcxn947_cm33_core0.o
                0x00003528                SAI1_IRQHandler
 .text.USDHC0_IRQHandler
                0x00003530        0x8 ./startup/startup_mcxn947_cm33_core0.o
                0x00003530                USDHC0_IRQHandler
 .text.CAN0_IRQHandler
                0x00003538        0x8 ./startup/startup_mcxn947_cm33_core0.o
                0x00003538                CAN0_IRQHandler
 .text.CAN1_IRQHandler
                0x00003540        0x8 ./startup/startup_mcxn947_cm33_core0.o
                0x00003540                CAN1_IRQHandler
 .text.Reserved80_IRQHandler
                0x00003548        0x8 ./startup/startup_mcxn947_cm33_core0.o
                0x00003548                Reserved80_IRQHandler
 .text.Reserved81_IRQHandler
                0x00003550        0x8 ./startup/startup_mcxn947_cm33_core0.o
                0x00003550                Reserved81_IRQHandler
 .text.USB1_HS_PHY_IRQHandler
                0x00003558        0x8 ./startup/startup_mcxn947_cm33_core0.o
                0x00003558                USB1_HS_PHY_IRQHandler
 .text.USB1_HS_IRQHandler
                0x00003560        0x8 ./startup/startup_mcxn947_cm33_core0.o
                0x00003560                USB1_HS_IRQHandler
 .text.SEC_HYPERVISOR_CALL_IRQHandler
                0x00003568        0x8 ./startup/startup_mcxn947_cm33_core0.o
                0x00003568                SEC_HYPERVISOR_CALL_IRQHandler
 .text.Reserved85_IRQHandler
                0x00003570        0x8 ./startup/startup_mcxn947_cm33_core0.o
                0x00003570                Reserved85_IRQHandler
 .text.PLU_IRQHandler
                0x00003578        0x8 ./startup/startup_mcxn947_cm33_core0.o
                0x00003578                PLU_IRQHandler
 .text.Freqme_IRQHandler
                0x00003580        0x8 ./startup/startup_mcxn947_cm33_core0.o
                0x00003580                Freqme_IRQHandler
 .text.SEC_VIO_IRQHandler
                0x00003588        0x8 ./startup/startup_mcxn947_cm33_core0.o
                0x00003588                SEC_VIO_IRQHandler
 .text.ELS_IRQHandler
                0x00003590        0x8 ./startup/startup_mcxn947_cm33_core0.o
                0x00003590                ELS_IRQHandler
 .text.PKC_IRQHandler
                0x00003598        0x8 ./startup/startup_mcxn947_cm33_core0.o
                0x00003598                PKC_IRQHandler
 .text.PUF_IRQHandler
                0x000035a0        0x8 ./startup/startup_mcxn947_cm33_core0.o
                0x000035a0                PUF_IRQHandler
 .text.PQ_IRQHandler
                0x000035a8        0x8 ./startup/startup_mcxn947_cm33_core0.o
                0x000035a8                PQ_IRQHandler
 .text.EDMA_1_CH0_IRQHandler
                0x000035b0        0x8 ./startup/startup_mcxn947_cm33_core0.o
                0x000035b0                EDMA_1_CH0_IRQHandler
 .text.EDMA_1_CH1_IRQHandler
                0x000035b8        0x8 ./startup/startup_mcxn947_cm33_core0.o
                0x000035b8                EDMA_1_CH1_IRQHandler
 .text.EDMA_1_CH2_IRQHandler
                0x000035c0        0x8 ./startup/startup_mcxn947_cm33_core0.o
                0x000035c0                EDMA_1_CH2_IRQHandler
 .text.EDMA_1_CH3_IRQHandler
                0x000035c8        0x8 ./startup/startup_mcxn947_cm33_core0.o
                0x000035c8                EDMA_1_CH3_IRQHandler
 .text.EDMA_1_CH4_IRQHandler
                0x000035d0        0x8 ./startup/startup_mcxn947_cm33_core0.o
                0x000035d0                EDMA_1_CH4_IRQHandler
 .text.EDMA_1_CH5_IRQHandler
                0x000035d8        0x8 ./startup/startup_mcxn947_cm33_core0.o
                0x000035d8                EDMA_1_CH5_IRQHandler
 .text.EDMA_1_CH6_IRQHandler
                0x000035e0        0x8 ./startup/startup_mcxn947_cm33_core0.o
                0x000035e0                EDMA_1_CH6_IRQHandler
 .text.EDMA_1_CH7_IRQHandler
                0x000035e8        0x8 ./startup/startup_mcxn947_cm33_core0.o
                0x000035e8                EDMA_1_CH7_IRQHandler
 .text.EDMA_1_CH8_IRQHandler
                0x000035f0        0x8 ./startup/startup_mcxn947_cm33_core0.o
                0x000035f0                EDMA_1_CH8_IRQHandler
 .text.EDMA_1_CH9_IRQHandler
                0x000035f8        0x8 ./startup/startup_mcxn947_cm33_core0.o
                0x000035f8                EDMA_1_CH9_IRQHandler
 .text.EDMA_1_CH10_IRQHandler
                0x00003600        0x8 ./startup/startup_mcxn947_cm33_core0.o
                0x00003600                EDMA_1_CH10_IRQHandler
 .text.EDMA_1_CH11_IRQHandler
                0x00003608        0x8 ./startup/startup_mcxn947_cm33_core0.o
                0x00003608                EDMA_1_CH11_IRQHandler
 .text.EDMA_1_CH12_IRQHandler
                0x00003610        0x8 ./startup/startup_mcxn947_cm33_core0.o
                0x00003610                EDMA_1_CH12_IRQHandler
 .text.EDMA_1_CH13_IRQHandler
                0x00003618        0x8 ./startup/startup_mcxn947_cm33_core0.o
                0x00003618                EDMA_1_CH13_IRQHandler
 .text.EDMA_1_CH14_IRQHandler
                0x00003620        0x8 ./startup/startup_mcxn947_cm33_core0.o
                0x00003620                EDMA_1_CH14_IRQHandler
 .text.EDMA_1_CH15_IRQHandler
                0x00003628        0x8 ./startup/startup_mcxn947_cm33_core0.o
                0x00003628                EDMA_1_CH15_IRQHandler
 .text.CDOG0_IRQHandler
                0x00003630        0x8 ./startup/startup_mcxn947_cm33_core0.o
                0x00003630                CDOG0_IRQHandler
 .text.CDOG1_IRQHandler
                0x00003638        0x8 ./startup/startup_mcxn947_cm33_core0.o
                0x00003638                CDOG1_IRQHandler
 .text.I3C0_IRQHandler
                0x00003640        0x8 ./startup/startup_mcxn947_cm33_core0.o
                0x00003640                I3C0_IRQHandler
 .text.I3C1_IRQHandler
                0x00003648        0x8 ./startup/startup_mcxn947_cm33_core0.o
                0x00003648                I3C1_IRQHandler
 .text.NPU_IRQHandler
                0x00003650        0x8 ./startup/startup_mcxn947_cm33_core0.o
                0x00003650                NPU_IRQHandler
 .text.GDET_IRQHandler
                0x00003658        0x8 ./startup/startup_mcxn947_cm33_core0.o
                0x00003658                GDET_IRQHandler
 .text.VBAT0_IRQHandler
                0x00003660        0x8 ./startup/startup_mcxn947_cm33_core0.o
                0x00003660                VBAT0_IRQHandler
 .text.EWM0_IRQHandler
                0x00003668        0x8 ./startup/startup_mcxn947_cm33_core0.o
                0x00003668                EWM0_IRQHandler
 .text.TSI_END_OF_SCAN_IRQHandler
                0x00003670        0x8 ./startup/startup_mcxn947_cm33_core0.o
                0x00003670                TSI_END_OF_SCAN_IRQHandler
 .text.TSI_OUT_OF_SCAN_IRQHandler
                0x00003678        0x8 ./startup/startup_mcxn947_cm33_core0.o
                0x00003678                TSI_OUT_OF_SCAN_IRQHandler
 .text.EMVSIM0_IRQHandler
                0x00003680        0x8 ./startup/startup_mcxn947_cm33_core0.o
                0x00003680                EMVSIM0_IRQHandler
 .text.EMVSIM1_IRQHandler
                0x00003688        0x8 ./startup/startup_mcxn947_cm33_core0.o
                0x00003688                EMVSIM1_IRQHandler
 .text.FLEXIO_IRQHandler
                0x00003690        0x8 ./startup/startup_mcxn947_cm33_core0.o
                0x00003690                FLEXIO_IRQHandler
 .text.DAC0_IRQHandler
                0x00003698        0x8 ./startup/startup_mcxn947_cm33_core0.o
                0x00003698                DAC0_IRQHandler
 .text.DAC1_IRQHandler
                0x000036a0        0x8 ./startup/startup_mcxn947_cm33_core0.o
                0x000036a0                DAC1_IRQHandler
 .text.DAC2_IRQHandler
                0x000036a8        0x8 ./startup/startup_mcxn947_cm33_core0.o
                0x000036a8                DAC2_IRQHandler
 .text.HSCMP0_IRQHandler
                0x000036b0        0x8 ./startup/startup_mcxn947_cm33_core0.o
                0x000036b0                HSCMP0_IRQHandler
 .text.HSCMP1_IRQHandler
                0x000036b8        0x8 ./startup/startup_mcxn947_cm33_core0.o
                0x000036b8                HSCMP1_IRQHandler
 .text.HSCMP2_IRQHandler
                0x000036c0        0x8 ./startup/startup_mcxn947_cm33_core0.o
                0x000036c0                HSCMP2_IRQHandler
 .text.FLEXPWM0_RELOAD_ERROR_IRQHandler
                0x000036c8        0x8 ./startup/startup_mcxn947_cm33_core0.o
                0x000036c8                FLEXPWM0_RELOAD_ERROR_IRQHandler
 .text.FLEXPWM0_FAULT_IRQHandler
                0x000036d0        0x8 ./startup/startup_mcxn947_cm33_core0.o
                0x000036d0                FLEXPWM0_FAULT_IRQHandler
 .text.FLEXPWM0_SUBMODULE0_IRQHandler
                0x000036d8        0x8 ./startup/startup_mcxn947_cm33_core0.o
                0x000036d8                FLEXPWM0_SUBMODULE0_IRQHandler
 .text.FLEXPWM0_SUBMODULE1_IRQHandler
                0x000036e0        0x8 ./startup/startup_mcxn947_cm33_core0.o
                0x000036e0                FLEXPWM0_SUBMODULE1_IRQHandler
 .text.FLEXPWM0_SUBMODULE2_IRQHandler
                0x000036e8        0x8 ./startup/startup_mcxn947_cm33_core0.o
                0x000036e8                FLEXPWM0_SUBMODULE2_IRQHandler
 .text.FLEXPWM0_SUBMODULE3_IRQHandler
                0x000036f0        0x8 ./startup/startup_mcxn947_cm33_core0.o
                0x000036f0                FLEXPWM0_SUBMODULE3_IRQHandler
 .text.FLEXPWM1_RELOAD_ERROR_IRQHandler
                0x000036f8        0x8 ./startup/startup_mcxn947_cm33_core0.o
                0x000036f8                FLEXPWM1_RELOAD_ERROR_IRQHandler
 .text.FLEXPWM1_FAULT_IRQHandler
                0x00003700        0x8 ./startup/startup_mcxn947_cm33_core0.o
                0x00003700                FLEXPWM1_FAULT_IRQHandler
 .text.FLEXPWM1_SUBMODULE0_IRQHandler
                0x00003708        0x8 ./startup/startup_mcxn947_cm33_core0.o
                0x00003708                FLEXPWM1_SUBMODULE0_IRQHandler
 .text.FLEXPWM1_SUBMODULE1_IRQHandler
                0x00003710        0x8 ./startup/startup_mcxn947_cm33_core0.o
                0x00003710                FLEXPWM1_SUBMODULE1_IRQHandler
 .text.FLEXPWM1_SUBMODULE2_IRQHandler
                0x00003718        0x8 ./startup/startup_mcxn947_cm33_core0.o
                0x00003718                FLEXPWM1_SUBMODULE2_IRQHandler
 .text.FLEXPWM1_SUBMODULE3_IRQHandler
                0x00003720        0x8 ./startup/startup_mcxn947_cm33_core0.o
                0x00003720                FLEXPWM1_SUBMODULE3_IRQHandler
 .text.QDC0_COMPARE_IRQHandler
                0x00003728        0x8 ./startup/startup_mcxn947_cm33_core0.o
                0x00003728                QDC0_COMPARE_IRQHandler
 .text.QDC0_HOME_IRQHandler
                0x00003730        0x8 ./startup/startup_mcxn947_cm33_core0.o
                0x00003730                QDC0_HOME_IRQHandler
 .text.QDC0_WDG_SAB_IRQHandler
                0x00003738        0x8 ./startup/startup_mcxn947_cm33_core0.o
                0x00003738                QDC0_WDG_SAB_IRQHandler
 .text.QDC0_IDX_IRQHandler
                0x00003740        0x8 ./startup/startup_mcxn947_cm33_core0.o
                0x00003740                QDC0_IDX_IRQHandler
 .text.QDC1_COMPARE_IRQHandler
                0x00003748        0x8 ./startup/startup_mcxn947_cm33_core0.o
                0x00003748                QDC1_COMPARE_IRQHandler
 .text.QDC1_HOME_IRQHandler
                0x00003750        0x8 ./startup/startup_mcxn947_cm33_core0.o
                0x00003750                QDC1_HOME_IRQHandler
 .text.QDC1_WDG_SAB_IRQHandler
                0x00003758        0x8 ./startup/startup_mcxn947_cm33_core0.o
                0x00003758                QDC1_WDG_SAB_IRQHandler
 .text.QDC1_IDX_IRQHandler
                0x00003760        0x8 ./startup/startup_mcxn947_cm33_core0.o
                0x00003760                QDC1_IDX_IRQHandler
 .text.ITRC0_IRQHandler
                0x00003768        0x8 ./startup/startup_mcxn947_cm33_core0.o
                0x00003768                ITRC0_IRQHandler
 .text.BSP32_IRQHandler
                0x00003770        0x8 ./startup/startup_mcxn947_cm33_core0.o
                0x00003770                BSP32_IRQHandler
 .text.ELS_ERR_IRQHandler
                0x00003778        0x8 ./startup/startup_mcxn947_cm33_core0.o
                0x00003778                ELS_ERR_IRQHandler
 .text.PKC_ERR_IRQHandler
                0x00003780        0x8 ./startup/startup_mcxn947_cm33_core0.o
                0x00003780                PKC_ERR_IRQHandler
 .text.ERM_SINGLE_BIT_ERROR_IRQHandler
                0x00003788        0x8 ./startup/startup_mcxn947_cm33_core0.o
                0x00003788                ERM_SINGLE_BIT_ERROR_IRQHandler
 .text.ERM_MULTI_BIT_ERROR_IRQHandler
                0x00003790        0x8 ./startup/startup_mcxn947_cm33_core0.o
                0x00003790                ERM_MULTI_BIT_ERROR_IRQHandler
 .text.FMU0_IRQHandler
                0x00003798        0x8 ./startup/startup_mcxn947_cm33_core0.o
                0x00003798                FMU0_IRQHandler
 .text.ETHERNET_IRQHandler
                0x000037a0        0x8 ./startup/startup_mcxn947_cm33_core0.o
                0x000037a0                ETHERNET_IRQHandler
 .text.ETHERNET_PMT_IRQHandler
                0x000037a8        0x8 ./startup/startup_mcxn947_cm33_core0.o
                0x000037a8                ETHERNET_PMT_IRQHandler
 .text.ETHERNET_MACLP_IRQHandler
                0x000037b0        0x8 ./startup/startup_mcxn947_cm33_core0.o
                0x000037b0                ETHERNET_MACLP_IRQHandler
 .text.SINC_FILTER_IRQHandler
                0x000037b8        0x8 ./startup/startup_mcxn947_cm33_core0.o
                0x000037b8                SINC_FILTER_IRQHandler
 .text.LPTMR0_IRQHandler
                0x000037c0        0x8 ./startup/startup_mcxn947_cm33_core0.o
                0x000037c0                LPTMR0_IRQHandler
 .text.LPTMR1_IRQHandler
                0x000037c8        0x8 ./startup/startup_mcxn947_cm33_core0.o
                0x000037c8                LPTMR1_IRQHandler
 .text.SCG_IRQHandler
                0x000037d0        0x8 ./startup/startup_mcxn947_cm33_core0.o
                0x000037d0                SCG_IRQHandler
 .text.SPC_IRQHandler
                0x000037d8        0x8 ./startup/startup_mcxn947_cm33_core0.o
                0x000037d8                SPC_IRQHandler
 .text.WUU_IRQHandler
                0x000037e0        0x8 ./startup/startup_mcxn947_cm33_core0.o
                0x000037e0                WUU_IRQHandler
 .text.PORT_EFT_IRQHandler
                0x000037e8        0x8 ./startup/startup_mcxn947_cm33_core0.o
                0x000037e8                PORT_EFT_IRQHandler
 .text.ETB0_IRQHandler
                0x000037f0        0x8 ./startup/startup_mcxn947_cm33_core0.o
                0x000037f0                ETB0_IRQHandler
 .text.Reserved166_IRQHandler
                0x000037f8        0x8 ./startup/startup_mcxn947_cm33_core0.o
                0x000037f8                Reserved166_IRQHandler
 .text.Reserved167_IRQHandler
                0x00003800        0x8 ./startup/startup_mcxn947_cm33_core0.o
                0x00003800                Reserved167_IRQHandler
 .text.WWDT0_IRQHandler
                0x00003808        0x8 ./startup/startup_mcxn947_cm33_core0.o
                0x00003808                WWDT0_IRQHandler
 .text.WWDT1_IRQHandler
                0x00003810        0x8 ./startup/startup_mcxn947_cm33_core0.o
                0x00003810                WWDT1_IRQHandler
 .text.CMC0_IRQHandler
                0x00003818        0x8 ./startup/startup_mcxn947_cm33_core0.o
                0x00003818                CMC0_IRQHandler
 .text.CTI0_IRQHandler
                0x00003820        0x8 ./startup/startup_mcxn947_cm33_core0.o
                0x00003820                CTI0_IRQHandler
 .text.EnableIRQ
                0x00003828       0x32 ./source/lpadc_interrupt.o
 .text.GPIO_PinWrite
                0x0000385a       0x36 ./source/lpadc_interrupt.o
 .text.GPIO_PortSet
                0x00003890       0x1c ./source/lpadc_interrupt.o
 .text.GPIO_PortClear
                0x000038ac       0x1c ./source/lpadc_interrupt.o
 .text.LPADC_DoSoftwareTrigger
                0x000038c8       0x1c ./source/lpadc_interrupt.o
 .text.HardFault_Handler
                0x000038e4       0x36 ./source/semihost_hardfault.o
                0x000038e4                HardFault_Handler
 .text.CLOCK_GetPll0OutFreq
                0x0000391a       0x88 ./drivers/fsl_clock.o
                0x0000391a                CLOCK_GetPll0OutFreq
 .text.DelayLoop
                0x000039a2       0x20 ./drivers/fsl_common_arm.o
 .text.CLOCK_EnableClock
                0x000039c2       0x8c ./drivers/fsl_lpadc.o
 .text.RESET_ReleasePeripheralReset
                0x00003a4e       0x16 ./drivers/fsl_lpadc.o
 .text.LPADC_Enable
                0x00003a64       0x38 ./drivers/fsl_lpadc.o
 .text.LPADC_DoResetFIFO0
                0x00003a9c       0x20 ./drivers/fsl_lpadc.o
 .text.LPADC_DoResetFIFO1
                0x00003abc       0x20 ./drivers/fsl_lpadc.o
 .text.LPADC_DoResetConfig
                0x00003adc       0x2c ./drivers/fsl_lpadc.o
 .text.LPADC_GetConvResultCount
                0x00003b08       0x26 ./drivers/fsl_lpadc.o
 .text.LPADC_EnableOffsetCalibration
                0x00003b2e       0x38 ./drivers/fsl_lpadc.o
 .text.LPADC_GetDefaultConfig
                0x00003b66       0x5c ./drivers/fsl_lpadc.o
                0x00003b66                LPADC_GetDefaultConfig
 .text.LPADC_DoOffsetCalibration
                0x00003bc2       0x2a ./drivers/fsl_lpadc.o
                0x00003bc2                LPADC_DoOffsetCalibration
 .text.LPADC_DoAutoCalibration
                0x00003bec       0x1c ./drivers/fsl_lpadc.o
                0x00003bec                LPADC_DoAutoCalibration
 .text.LPADC_FinishAutoCalibration
                0x00003c08      0x104 ./drivers/fsl_lpadc.o
                0x00003c08                LPADC_FinishAutoCalibration
 .text.CLOCK_EnableClock
                0x00003d0c       0x8c ./drivers/fsl_lpflexcomm.o
 .text.LP_FLEXCOMM_PeripheralIsPresent
                0x00003d98       0x52 ./drivers/fsl_lpflexcomm.o
 .text.LP_FLEXCOMM0_DriverIRQHandler
                0x00003dea        0xe ./drivers/fsl_lpflexcomm.o
                0x00003dea                LP_FLEXCOMM0_DriverIRQHandler
 .text.LP_FLEXCOMM1_DriverIRQHandler
                0x00003df8        0xe ./drivers/fsl_lpflexcomm.o
                0x00003df8                LP_FLEXCOMM1_DriverIRQHandler
 .text.LP_FLEXCOMM2_DriverIRQHandler
                0x00003e06        0xe ./drivers/fsl_lpflexcomm.o
                0x00003e06                LP_FLEXCOMM2_DriverIRQHandler
 .text.LP_FLEXCOMM3_DriverIRQHandler
                0x00003e14        0xe ./drivers/fsl_lpflexcomm.o
                0x00003e14                LP_FLEXCOMM3_DriverIRQHandler
 .text.LP_FLEXCOMM4_DriverIRQHandler
                0x00003e22        0xe ./drivers/fsl_lpflexcomm.o
                0x00003e22                LP_FLEXCOMM4_DriverIRQHandler
 .text.LP_FLEXCOMM5_DriverIRQHandler
                0x00003e30        0xe ./drivers/fsl_lpflexcomm.o
                0x00003e30                LP_FLEXCOMM5_DriverIRQHandler
 .text.LP_FLEXCOMM6_DriverIRQHandler
                0x00003e3e        0xe ./drivers/fsl_lpflexcomm.o
                0x00003e3e                LP_FLEXCOMM6_DriverIRQHandler
 .text.LP_FLEXCOMM7_DriverIRQHandler
                0x00003e4c        0xe ./drivers/fsl_lpflexcomm.o
                0x00003e4c                LP_FLEXCOMM7_DriverIRQHandler
 .text.LP_FLEXCOMM8_DriverIRQHandler
                0x00003e5a        0xe ./drivers/fsl_lpflexcomm.o
                0x00003e5a                LP_FLEXCOMM8_DriverIRQHandler
 .text.LP_FLEXCOMM9_DriverIRQHandler
                0x00003e68        0xe ./drivers/fsl_lpflexcomm.o
                0x00003e68                LP_FLEXCOMM9_DriverIRQHandler
 .text.LPUART_SoftwareReset
                0x00003e76       0x2c ./drivers/fsl_lpuart.o
 .text.SPC_GetActiveModeBandgapMode
                0x00003ea2       0x22 ./drivers/fsl_spc.o
 .text.SPC_GetActiveModeVoltageDetectStatus
                0x00003ec4       0x22 ./drivers/fsl_spc.o
 .text.SPC_GetActiveModeCoreLDOVDDVoltageLevel
                0x00003ee6       0x22 ./drivers/fsl_spc.o
 .text.SPC_GetActiveModeCoreLDODriveStrength
                0x00003f08       0x22 ./drivers/fsl_spc.o
 .text.SPC_SetActiveModeDCDCRegulatorVoltageLevel
                0x00003f2a       0x32 ./drivers/fsl_spc.o
 .text.SPC_SetActiveModeCoreLDORegulatorVoltageLevel
                0x00003f5c       0x60 ./drivers/fsl_spc.o
                0x00003f5c                SPC_SetActiveModeCoreLDORegulatorVoltageLevel
 .text.SPC_SetActiveModeCoreLDORegulatorDriveStrength
                0x00003fbc       0x5e ./drivers/fsl_spc.o
                0x00003fbc                SPC_SetActiveModeCoreLDORegulatorDriveStrength
 .text.SPC_SetActiveModeDCDCRegulatorDriveStrength
                0x0000401a       0x48 ./drivers/fsl_spc.o
                0x0000401a                SPC_SetActiveModeDCDCRegulatorDriveStrength
 .text.CLOCK_EnableClock
                0x00004062       0x8c ./drivers/fsl_vref.o
 .text.SystemInitHook
                0x000040ee        0xe ./device/system_MCXN947_cm33_core0.o
                0x000040ee                SystemInitHook
 .text.HAL_UartGetStatus
                0x000040fc       0x28 ./component/uart/fsl_adapter_lpuart.o
 .text.CLOCK_EnableClock
                0x00004124       0x8c ./board/clock_config.o
 .text.BOARD_InitBootClocks
                0x000041b0        0xc ./board/clock_config.o
                0x000041b0                BOARD_InitBootClocks
 .text.CLOCK_EnableClock
                0x000041bc       0x8c ./board/hardware_init.o
 .text.SPC_EnableActiveModeAnalogModules
                0x00004248       0x26 ./board/hardware_init.o
 .text.CLOCK_EnableClock
                0x0000426e       0x8c ./board/pin_mux.o
 .text.__main   0x000042fa        0xe /Applications/MCUXpressoIDE_25.6.136/ide/plugins/com.nxp.mcuxpresso.tools.macosx_25.6.0.202501151204/tools/bin/../lib/gcc/arm-none-eabi/14.2.1/../../../../arm-none-eabi/lib/thumb/v8-m.main+fp/hard/libcr_nohost_nf.a(_cr__main.o)
                0x000042fa                __main
 .text.memset   0x00004308        0x4 /Applications/MCUXpressoIDE_25.6.136/ide/plugins/com.nxp.mcuxpresso.tools.macosx_25.6.0.202501151204/tools/bin/../lib/gcc/arm-none-eabi/14.2.1/../../../../arm-none-eabi/lib/thumb/v8-m.main+fp/hard/libcr_c.a(memset.o)
                0x00004308                memset
 .text.free     0x0000430c       0x30 /Applications/MCUXpressoIDE_25.6.136/ide/plugins/com.nxp.mcuxpresso.tools.macosx_25.6.0.202501151204/tools/bin/../lib/gcc/arm-none-eabi/14.2.1/../../../../arm-none-eabi/lib/thumb/v8-m.main+fp/hard/libcr_c.a(alloc.o)
                0x0000430c                free
 .text.setvbuf  0x0000433c       0x3e /Applications/MCUXpressoIDE_25.6.136/ide/plugins/com.nxp.mcuxpresso.tools.macosx_25.6.0.202501151204/tools/bin/../lib/gcc/arm-none-eabi/14.2.1/../../../../arm-none-eabi/lib/thumb/v8-m.main+fp/hard/libcr_c.a(setvbuf.o)
                0x0000433c                setvbuf
 .text.strlen   0x0000437a       0x4e /Applications/MCUXpressoIDE_25.6.136/ide/plugins/com.nxp.mcuxpresso.tools.macosx_25.6.0.202501151204/tools/bin/../lib/gcc/arm-none-eabi/14.2.1/../../../../arm-none-eabi/lib/thumb/v8-m.main+fp/hard/libcr_c.a(strlen.o)
                0x0000437a                strlen
 .text._deferredlazyseek
                0x000043c8       0x40 /Applications/MCUXpressoIDE_25.6.136/ide/plugins/com.nxp.mcuxpresso.tools.macosx_25.6.0.202501151204/tools/bin/../lib/gcc/arm-none-eabi/14.2.1/../../../../arm-none-eabi/lib/thumb/v8-m.main+fp/hard/libcr_c.a(_deferredlazyseek.o)
                0x000043c8                _deferredlazyseek
 .text._fdopen  0x00004408       0x68 /Applications/MCUXpressoIDE_25.6.136/ide/plugins/com.nxp.mcuxpresso.tools.macosx_25.6.0.202501151204/tools/bin/../lib/gcc/arm-none-eabi/14.2.1/../../../../arm-none-eabi/lib/thumb/v8-m.main+fp/hard/libcr_c.a(_fdopen.o)
                0x00004408                _fdopen
 .text._fflush  0x00004470       0x52 /Applications/MCUXpressoIDE_25.6.136/ide/plugins/com.nxp.mcuxpresso.tools.macosx_25.6.0.202501151204/tools/bin/../lib/gcc/arm-none-eabi/14.2.1/../../../../arm-none-eabi/lib/thumb/v8-m.main+fp/hard/libcr_c.a(_fflush.o)
                0x00004470                _fflush
 .text.fclose   0x000044c2       0x58 /Applications/MCUXpressoIDE_25.6.136/ide/plugins/com.nxp.mcuxpresso.tools.macosx_25.6.0.202501151204/tools/bin/../lib/gcc/arm-none-eabi/14.2.1/../../../../arm-none-eabi/lib/thumb/v8-m.main+fp/hard/libcr_c.a(fclose.o)
                0x000044c2                fclose
 .text.remove   0x0000451a       0x14 /Applications/MCUXpressoIDE_25.6.136/ide/plugins/com.nxp.mcuxpresso.tools.macosx_25.6.0.202501151204/tools/bin/../lib/gcc/arm-none-eabi/14.2.1/../../../../arm-none-eabi/lib/thumb/v8-m.main+fp/hard/libcr_c.a(remove.o)
                0x0000451a                remove
 .text._do_fflush
                0x0000452e       0x40 /Applications/MCUXpressoIDE_25.6.136/ide/plugins/com.nxp.mcuxpresso.tools.macosx_25.6.0.202501151204/tools/bin/../lib/gcc/arm-none-eabi/14.2.1/../../../../arm-none-eabi/lib/thumb/v8-m.main+fp/hard/libcr_c.a(_do_fflush.o)
                0x0000452e                _do_fflush
 .text.__aeabi_division_uldivmod
                0x0000456e      0x174 /Applications/MCUXpressoIDE_25.6.136/ide/plugins/com.nxp.mcuxpresso.tools.macosx_25.6.0.202501151204/tools/bin/../lib/gcc/arm-none-eabi/14.2.1/thumb/v8-m.main+fp/hard/libcr_eabihelpers.a(division_64.o)
                0x0000456e                __aeabi_uldivmod
                0x00004572                __bhs_ldivmod1
 .text.__aeabi_division_idiv0
                0x000046e2        0x2 /Applications/MCUXpressoIDE_25.6.136/ide/plugins/com.nxp.mcuxpresso.tools.macosx_25.6.0.202501151204/tools/bin/../lib/gcc/arm-none-eabi/14.2.1/thumb/v8-m.main+fp/hard/libcr_eabihelpers.a(division_idiv0.o)
                0x000046e2                __aeabi_idiv0
 .text.__bhs_ui2d
                0x000046e4       0x46 /Applications/MCUXpressoIDE_25.6.136/ide/plugins/com.nxp.mcuxpresso.tools.macosx_25.6.0.202501151204/tools/bin/../lib/gcc/arm-none-eabi/14.2.1/thumb/v8-m.main+fp/hard/libcr_eabihelpers.a(double.o)
                0x000046e4                __bhs_ui2d
 .text.__aeabi_ui2d
                0x0000472a        0x8 /Applications/MCUXpressoIDE_25.6.136/ide/plugins/com.nxp.mcuxpresso.tools.macosx_25.6.0.202501151204/tools/bin/../lib/gcc/arm-none-eabi/14.2.1/thumb/v8-m.main+fp/hard/libcr_eabihelpers.a(double.o)
                0x0000472a                __aeabi_ui2d
 .text.__aeabi_f2ulz
                0x00004732       0x3e /Applications/MCUXpressoIDE_25.6.136/ide/plugins/com.nxp.mcuxpresso.tools.macosx_25.6.0.202501151204/tools/bin/../lib/gcc/arm-none-eabi/14.2.1/thumb/v8-m.main+fp/hard/libcr_eabihelpers.a(float.o)
                0x00004732                __aeabi_f2ulz
 .text.__aeabi_memset_lowlevel
                0x00004770       0x32 /Applications/MCUXpressoIDE_25.6.136/ide/plugins/com.nxp.mcuxpresso.tools.macosx_25.6.0.202501151204/tools/bin/../lib/gcc/arm-none-eabi/14.2.1/thumb/v8-m.main+fp/hard/libcr_eabihelpers.a(memcpy.o)
                0x00004770                __aeabi_lowlevel_memset
 .text.__sys_close
                0x000047a2        0x6 /Applications/MCUXpressoIDE_25.6.136/ide/plugins/com.nxp.mcuxpresso.tools.macosx_25.6.0.202501151204/tools/bin/../lib/gcc/arm-none-eabi/14.2.1/../../../../arm-none-eabi/lib/thumb/v8-m.main+fp/hard/libcr_nohost_nf.a(__sys_close.o)
                0x000047a2                __sys_close
 .text.__sys_flen
                0x000047a8        0x6 /Applications/MCUXpressoIDE_25.6.136/ide/plugins/com.nxp.mcuxpresso.tools.macosx_25.6.0.202501151204/tools/bin/../lib/gcc/arm-none-eabi/14.2.1/../../../../arm-none-eabi/lib/thumb/v8-m.main+fp/hard/libcr_nohost_nf.a(__sys_flen.o)
                0x000047a8                __sys_flen
 .text.__sys_istty
                0x000047ae        0x6 /Applications/MCUXpressoIDE_25.6.136/ide/plugins/com.nxp.mcuxpresso.tools.macosx_25.6.0.202501151204/tools/bin/../lib/gcc/arm-none-eabi/14.2.1/../../../../arm-none-eabi/lib/thumb/v8-m.main+fp/hard/libcr_nohost_nf.a(__sys_istty.o)
                0x000047ae                __sys_istty
 .text.__sys_remove
                0x000047b4        0x6 /Applications/MCUXpressoIDE_25.6.136/ide/plugins/com.nxp.mcuxpresso.tools.macosx_25.6.0.202501151204/tools/bin/../lib/gcc/arm-none-eabi/14.2.1/../../../../arm-none-eabi/lib/thumb/v8-m.main+fp/hard/libcr_nohost_nf.a(__sys_remove.o)
                0x000047b4                __sys_remove
 .text.__sys_seek
                0x000047ba        0x6 /Applications/MCUXpressoIDE_25.6.136/ide/plugins/com.nxp.mcuxpresso.tools.macosx_25.6.0.202501151204/tools/bin/../lib/gcc/arm-none-eabi/14.2.1/../../../../arm-none-eabi/lib/thumb/v8-m.main+fp/hard/libcr_nohost_nf.a(__sys_seek.o)
                0x000047ba                __sys_seek
 .text.__sys_tmpnam
                0x000047c0        0x6 /Applications/MCUXpressoIDE_25.6.136/ide/plugins/com.nxp.mcuxpresso.tools.macosx_25.6.0.202501151204/tools/bin/../lib/gcc/arm-none-eabi/14.2.1/../../../../arm-none-eabi/lib/thumb/v8-m.main+fp/hard/libcr_nohost_nf.a(__sys_tmpnam.o)
                0x000047c0                __sys_tmpnam
 .text.__sys_write
                0x000047c6        0x4 /Applications/MCUXpressoIDE_25.6.136/ide/plugins/com.nxp.mcuxpresso.tools.macosx_25.6.0.202501151204/tools/bin/../lib/gcc/arm-none-eabi/14.2.1/../../../../arm-none-eabi/lib/thumb/v8-m.main+fp/hard/libcr_nohost_nf.a(__sys_write.o)
                0x000047c6                __sys_write
 *(SORT_BY_ALIGNMENT(.rodata) SORT_BY_ALIGNMENT(.rodata.*) SORT_BY_ALIGNMENT(.constdata) SORT_BY_ALIGNMENT(.constdata.*))
 *fill*         0x000047ca        0x2 ff
 .rodata.__assertion_failed.str1.4
                0x000047cc      0xa6a ./utilities/fsl_assert.o
                                 0x14 (size before relaxing)
 .rodata.LPADC_EnableInterrupts.str1.4
                0x00005236       0xbd ./source/lpadc_interrupt.o
 .rodata.main.str1.4
                0x00005236       0x7c ./source/lpadc_interrupt.o
 .rodata.SDK_DelayAtLeastUs.str1.4
                0x00005236       0x2b ./drivers/fsl_common_arm.o
 *fill*         0x00005236        0x2 ff
 .rodata.s_lpadcBases
                0x00005238        0x8 ./drivers/fsl_lpadc.o
 .rodata.s_lpadcClocks
                0x00005240        0x4 ./drivers/fsl_lpadc.o
 .rodata.s_lpadcResets
                0x00005244        0x8 ./drivers/fsl_lpadc.o
 .rodata.LPADC_GetInstance.str1.4
                0x0000524c       0x36 ./drivers/fsl_lpadc.o
 .rodata.LPADC_Init.str1.4
                0x0000524c       0x21 ./drivers/fsl_lpadc.o
 .rodata.LPADC_GetConvResult.str1.4
                0x0000524c       0x21 ./drivers/fsl_lpadc.o
 .rodata.LPADC_SetConvTriggerConfig.str1.4
                0x0000524c       0x51 ./drivers/fsl_lpadc.o
 .rodata.LPADC_GetDefaultConvTriggerConfig.str1.4
                0x0000524c       0x21 ./drivers/fsl_lpadc.o
 .rodata.LPADC_SetConvCommandConfig.str1.4
                0x0000524c      0x1ac ./drivers/fsl_lpadc.o
 .rodata.LPADC_GetDefaultConvCommandConfig.str1.4
                0x0000524c       0x21 ./drivers/fsl_lpadc.o
 .rodata.LPADC_PrepareAutoCalibration.str1.4
                0x0000524c       0x69 ./drivers/fsl_lpadc.o
 .rodata.s_lpflexcommBase
                0x0000524c       0x28 ./drivers/fsl_lpflexcomm.o
 .rodata.s_lpflexcommClocks
                0x00005274       0x14 ./drivers/fsl_lpflexcomm.o
 .rodata.s_lpflexcommResets
                0x00005288       0x28 ./drivers/fsl_lpflexcomm.o
 .rodata.LP_FLEXCOMM_SetPeriph.str1.4
                0x000052b0       0x43 ./drivers/fsl_lpflexcomm.o
 .rodata.LP_FLEXCOMM_Init.str1.4
                0x000052b0       0x49 ./drivers/fsl_lpflexcomm.o
 .rodata.s_lpuartBases
                0x000052b0       0x28 ./drivers/fsl_lpuart.o
 .rodata.LPUART_GetInstance.str1.4
                0x000052d8       0x38 ./drivers/fsl_lpuart.o
 .rodata.LPUART_Init.str1.4
                0x000052d8      0x10a ./drivers/fsl_lpuart.o
 .rodata.LPUART_GetDefaultConfig.str1.4
                0x000052d8       0x22 ./drivers/fsl_lpuart.o
 .rodata.LPUART_WriteBlocking.str1.4
                0x000052d8       0x21 ./drivers/fsl_lpuart.o
 .rodata.LPUART_ReadBlocking.str1.4
                0x000052d8       0x21 ./drivers/fsl_lpuart.o
 .rodata.RESET_ClearPeripheralReset.str1.4
                0x000052d8       0x1e ./drivers/fsl_reset.o
 .rodata.SPC_SetSRAMOperateVoltage.str1.4
                0x000052d8       0x1f ./drivers/fsl_spc.o
 .rodata.SPC_SetActiveModeCoreLDORegulatorConfig.str1.4
                0x000052d8       0x1f ./drivers/fsl_spc.o
 .rodata.SPC_SetActiveModeDCDCRegulatorConfig.str1.4
                0x000052d8       0x20 ./drivers/fsl_spc.o
 .rodata.VREF_GetInstance.str1.4
                0x000052d8       0x33 ./drivers/fsl_vref.o
 .rodata.VREF_Init.str1.4
                0x000052d8       0x1f ./drivers/fsl_vref.o
 .rodata.VREF_GetDefaultConfig.str1.4
                0x000052d8       0x20 ./drivers/fsl_vref.o
 .rodata.s_LpuartAdapterBase
                0x000052d8       0x28 ./component/uart/fsl_adapter_lpuart.o
 .rodata.HAL_UartInit.str1.4
                0x00005300      0x116 ./component/uart/fsl_adapter_lpuart.o
 .rodata.HAL_UartReceiveBlocking.str1.4
                0x00005300       0x7b ./component/uart/fsl_adapter_lpuart.o
 .rodata.HAL_UartSendBlocking.str1.4
                0x00005300       0x7b ./component/uart/fsl_adapter_lpuart.o
 .rodata        0x00005300       0x22 ./board/clock_config.o
 .rodata.PORT_SetPinConfig.str1.4
                0x00005322       0x76 ./board/pin_mux.o
 *fill*         0x00005322        0x2 ff
 .rodata.__num_Ciob_streams
                0x00005324        0x4 /Applications/MCUXpressoIDE_25.6.136/ide/plugins/com.nxp.mcuxpresso.tools.macosx_25.6.0.202501151204/tools/bin/../lib/gcc/arm-none-eabi/14.2.1/../../../../arm-none-eabi/lib/thumb/v8-m.main+fp/hard/libcr_nohost_nf.a(__ciob.o)
                0x00005324                __num_Ciob_streams
 .rodata._initio.str1.1
                0x00005328        0x4 /Applications/MCUXpressoIDE_25.6.136/ide/plugins/com.nxp.mcuxpresso.tools.macosx_25.6.0.202501151204/tools/bin/../lib/gcc/arm-none-eabi/14.2.1/../../../../arm-none-eabi/lib/thumb/v8-m.main+fp/hard/libcr_c.a(initio.o)
                0x0000532c                        . = ALIGN (0x4)

.glue_7         0x0000532c        0x0
 .glue_7        0x0000532c        0x0 linker stubs

.glue_7t        0x0000532c        0x0
 .glue_7t       0x0000532c        0x0 linker stubs

.vfp11_veneer   0x0000532c        0x0
 .vfp11_veneer  0x0000532c        0x0 linker stubs

.v4_bx          0x0000532c        0x0
 .v4_bx         0x0000532c        0x0 linker stubs

.iplt           0x0000532c        0x0
 .iplt          0x0000532c        0x0 ./utilities/debug_console_lite/fsl_debug_console.o

.rel.dyn        0x0000532c        0x0
 .rel.iplt      0x0000532c        0x0 ./utilities/debug_console_lite/fsl_debug_console.o

.ARM.extab
 *(SORT_BY_ALIGNMENT(.ARM.extab*) SORT_BY_ALIGNMENT(.gnu.linkonce.armextab.*))

.ARM.exidx      0x0000532c        0x0
                0x0000532c                        __exidx_start = .
 *(SORT_BY_ALIGNMENT(.ARM.exidx*) SORT_BY_ALIGNMENT(.gnu.linkonce.armexidx.*))
                0x0000532c                        __exidx_end = .
                0x0000532c                        _etext = .

.m_usb_data
 *(SORT_BY_ALIGNMENT(m_usb_global))

.data_RAM2      0x04000000        0x0 load address 0x0000532c
 FILL mask 0xff
                [!provide]                        PROVIDE (__start_data_RAM2 = .)
                [!provide]                        PROVIDE (__start_data_SRAMX = .)
 *(SORT_BY_ALIGNMENT(.ramfunc.$RAM2))
 *(SORT_BY_ALIGNMENT(.ramfunc.$SRAMX))
 *(SORT_BY_ALIGNMENT(.data.$RAM2))
 *(SORT_BY_ALIGNMENT(.data.$SRAMX))
 *(SORT_BY_ALIGNMENT(.data.$RAM2.*))
 *(SORT_BY_ALIGNMENT(.data.$SRAMX.*))
                0x04000000                        . = ALIGN (0x4)
                [!provide]                        PROVIDE (__end_data_RAM2 = .)
                [!provide]                        PROVIDE (__end_data_SRAMX = .)

.data_RAM3      0x20060000        0x0 load address 0x0000532c
 FILL mask 0xff
                [!provide]                        PROVIDE (__start_data_RAM3 = .)
                [!provide]                        PROVIDE (__start_data_SRAMH = .)
 *(SORT_BY_ALIGNMENT(.ramfunc.$RAM3))
 *(SORT_BY_ALIGNMENT(.ramfunc.$SRAMH))
 *(SORT_BY_ALIGNMENT(.data.$RAM3))
 *(SORT_BY_ALIGNMENT(.data.$SRAMH))
 *(SORT_BY_ALIGNMENT(.data.$RAM3.*))
 *(SORT_BY_ALIGNMENT(.data.$SRAMH.*))
                0x20060000                        . = ALIGN (0x4)
                [!provide]                        PROVIDE (__end_data_RAM3 = .)
                [!provide]                        PROVIDE (__end_data_SRAMH = .)

.data_RAM4      0x400ba000        0x0 load address 0x0000532c
 FILL mask 0xff
                [!provide]                        PROVIDE (__start_data_RAM4 = .)
                [!provide]                        PROVIDE (__start_data_USB_RAM = .)
 *(SORT_BY_ALIGNMENT(.ramfunc.$RAM4))
 *(SORT_BY_ALIGNMENT(.ramfunc.$USB_RAM))
 *(SORT_BY_ALIGNMENT(.data.$RAM4))
 *(SORT_BY_ALIGNMENT(.data.$USB_RAM))
 *(SORT_BY_ALIGNMENT(.data.$RAM4.*))
 *(SORT_BY_ALIGNMENT(.data.$USB_RAM.*))
                0x400ba000                        . = ALIGN (0x4)
                [!provide]                        PROVIDE (__end_data_RAM4 = .)
                [!provide]                        PROVIDE (__end_data_USB_RAM = .)

.uninit_RESERVED
                0x20000000        0x0
                0x20000000                        _start_uninit_RESERVED = .
 *(SORT_BY_ALIGNMENT(.bss.$RESERVED*))
                0x20000000                        . = ALIGN (0x4)
                0x20000000                        _end_uninit_RESERVED = .

.data           0x20000000        0xc load address 0x0000532c
 FILL mask 0xff
                0x20000000                        _data = .
                [!provide]                        PROVIDE (__start_data_RAM = .)
                [!provide]                        PROVIDE (__start_data_SRAM = .)
 *(SORT_BY_ALIGNMENT(vtable))
 *(SORT_BY_ALIGNMENT(.ramfunc*))
 *(SORT_BY_ALIGNMENT(CodeQuickAccess))
 *(SORT_BY_ALIGNMENT(DataQuickAccess))
 *(SORT_BY_ALIGNMENT(RamFunction))
 *(SORT_BY_ALIGNMENT(.data*))
 .data.s_Ext_Clk_Freq
                0x20000000        0x4 ./drivers/fsl_clock.o
 .data.s_Xtal32_Freq
                0x20000004        0x4 ./drivers/fsl_clock.o
 .data.SystemCoreClock
                0x20000008        0x4 ./device/system_MCXN947_cm33_core0.o
                0x20000008                SystemCoreClock
                0x2000000c                        . = ALIGN (0x4)
                0x2000000c                        _edata = .
                [!provide]                        PROVIDE (__end_data_RAM = .)
                [!provide]                        PROVIDE (__end_data_SRAM = .)

.igot.plt       0x2000000c        0x0 load address 0x00005338
 .igot.plt      0x2000000c        0x0 ./utilities/debug_console_lite/fsl_debug_console.o

.bss_RAM2       0x04000000        0x0
                [!provide]                        PROVIDE (__start_bss_RAM2 = .)
                [!provide]                        PROVIDE (__start_bss_SRAMX = .)
 *(SORT_BY_ALIGNMENT(.bss.$RAM2))
 *(SORT_BY_ALIGNMENT(.bss.$SRAMX))
 *(SORT_BY_ALIGNMENT(.bss.$RAM2.*))
 *(SORT_BY_ALIGNMENT(.bss.$SRAMX.*))
                0x04000000                        . = ALIGN ((. != 0x0)?0x4:0x1)
                [!provide]                        PROVIDE (__end_bss_RAM2 = .)
                [!provide]                        PROVIDE (__end_bss_SRAMX = .)

.bss_RAM3       0x20060000        0x0
                [!provide]                        PROVIDE (__start_bss_RAM3 = .)
                [!provide]                        PROVIDE (__start_bss_SRAMH = .)
 *(SORT_BY_ALIGNMENT(.bss.$RAM3))
 *(SORT_BY_ALIGNMENT(.bss.$SRAMH))
 *(SORT_BY_ALIGNMENT(.bss.$RAM3.*))
 *(SORT_BY_ALIGNMENT(.bss.$SRAMH.*))
                0x20060000                        . = ALIGN ((. != 0x0)?0x4:0x1)
                [!provide]                        PROVIDE (__end_bss_RAM3 = .)
                [!provide]                        PROVIDE (__end_bss_SRAMH = .)

.bss_RAM4       0x400ba000        0x0
                [!provide]                        PROVIDE (__start_bss_RAM4 = .)
                [!provide]                        PROVIDE (__start_bss_USB_RAM = .)
 *(SORT_BY_ALIGNMENT(.bss.$RAM4))
 *(SORT_BY_ALIGNMENT(.bss.$USB_RAM))
 *(SORT_BY_ALIGNMENT(.bss.$RAM4.*))
 *(SORT_BY_ALIGNMENT(.bss.$USB_RAM.*))
                0x400ba000                        . = ALIGN ((. != 0x0)?0x4:0x1)
                [!provide]                        PROVIDE (__end_bss_RAM4 = .)
                [!provide]                        PROVIDE (__end_bss_USB_RAM = .)

.bss            0x2000000c      0x220
                0x2000000c                        _bss = .
                [!provide]                        PROVIDE (__start_bss_RAM = .)
                [!provide]                        PROVIDE (__start_bss_SRAM = .)
 *(SORT_BY_ALIGNMENT(.bss*))
 .bss.s_debugConsole
                0x2000000c       0x14 ./utilities/debug_console_lite/fsl_debug_console.o
 .bss.ADC_Valx  0x20000020        0x4 ./source/lpadc_interrupt.o
                0x20000020                ADC_Valx
 .bss.ADC_Valy  0x20000024        0x4 ./source/lpadc_interrupt.o
                0x20000024                ADC_Valy
 .bss.Xconv     0x20000028        0x4 ./source/lpadc_interrupt.o
                0x20000028                Xconv
 .bss.Yconv     0x2000002c        0x4 ./source/lpadc_interrupt.o
                0x2000002c                Yconv
 .bss.s_lpflexcommIrqHandler
                0x20000030       0xa0 ./drivers/fsl_lpflexcomm.o
 .bss.s_lpflexcommHandle
                0x200000d0       0xa0 ./drivers/fsl_lpflexcomm.o
 .bss.errno     0x20000170        0x4 /Applications/MCUXpressoIDE_25.6.136/ide/plugins/com.nxp.mcuxpresso.tools.macosx_25.6.0.202501151204/tools/bin/../lib/gcc/arm-none-eabi/14.2.1/../../../../arm-none-eabi/lib/thumb/v8-m.main+fp/hard/libcr_c.a(errno.o)
                0x20000170                errno
 .bss.__Ciob    0x20000174       0xb4 /Applications/MCUXpressoIDE_25.6.136/ide/plugins/com.nxp.mcuxpresso.tools.macosx_25.6.0.202501151204/tools/bin/../lib/gcc/arm-none-eabi/14.2.1/../../../../arm-none-eabi/lib/thumb/v8-m.main+fp/hard/libcr_nohost_nf.a(__ciob.o)
                0x20000174                __Ciob
 .bss.g_LpadcConversionCompletedFlag
                0x20000228        0x1 ./source/lpadc_interrupt.o
                0x20000228                g_LpadcConversionCompletedFlag
 *(SORT_BY_ALIGNMENT(COMMON))
                0x2000022c                        . = ALIGN (0x4)
 *fill*         0x20000229        0x3 
                0x2000022c                        _ebss = .
                [!provide]                        PROVIDE (__end_bss_RAM = .)
                [!provide]                        PROVIDE (__end_bss_SRAM = .)
                [!provide]                        PROVIDE (end = .)

.noinit_RAM2    0x04000000        0x0
                [!provide]                        PROVIDE (__start_noinit_RAM2 = .)
                [!provide]                        PROVIDE (__start_noinit_SRAMX = .)
 *(SORT_BY_ALIGNMENT(.noinit.$RAM2))
 *(SORT_BY_ALIGNMENT(.noinit.$SRAMX))
 *(SORT_BY_ALIGNMENT(.noinit.$RAM2.*))
 *(SORT_BY_ALIGNMENT(.noinit.$SRAMX.*))
                0x04000000                        . = ALIGN (0x4)
                [!provide]                        PROVIDE (__end_noinit_RAM2 = .)
                [!provide]                        PROVIDE (__end_noinit_SRAMX = .)

.noinit_RAM3    0x20060000        0x0
                [!provide]                        PROVIDE (__start_noinit_RAM3 = .)
                [!provide]                        PROVIDE (__start_noinit_SRAMH = .)
 *(SORT_BY_ALIGNMENT(.noinit.$RAM3))
 *(SORT_BY_ALIGNMENT(.noinit.$SRAMH))
 *(SORT_BY_ALIGNMENT(.noinit.$RAM3.*))
 *(SORT_BY_ALIGNMENT(.noinit.$SRAMH.*))
                0x20060000                        . = ALIGN (0x4)
                [!provide]                        PROVIDE (__end_noinit_RAM3 = .)
                [!provide]                        PROVIDE (__end_noinit_SRAMH = .)

.noinit_RAM4    0x400ba000        0x0
                [!provide]                        PROVIDE (__start_noinit_RAM4 = .)
                [!provide]                        PROVIDE (__start_noinit_USB_RAM = .)
 *(SORT_BY_ALIGNMENT(.noinit.$RAM4))
 *(SORT_BY_ALIGNMENT(.noinit.$USB_RAM))
 *(SORT_BY_ALIGNMENT(.noinit.$RAM4.*))
 *(SORT_BY_ALIGNMENT(.noinit.$USB_RAM.*))
                0x400ba000                        . = ALIGN (0x4)
                [!provide]                        PROVIDE (__end_noinit_RAM4 = .)
                [!provide]                        PROVIDE (__end_noinit_USB_RAM = .)

.noinit         0x2000022c        0x0
                0x2000022c                        _noinit = .
                [!provide]                        PROVIDE (__start_noinit_RAM = .)
                [!provide]                        PROVIDE (__start_noinit_SRAM = .)
 *(SORT_BY_ALIGNMENT(.noinit*))
                0x2000022c                        . = ALIGN (0x4)
                0x2000022c                        _end_noinit = .
                [!provide]                        PROVIDE (__end_noinit_RAM = .)
                [!provide]                        PROVIDE (__end_noinit_SRAM = .)
                0x00001000                        _HeapSize = 0x1000

.heap           0x2000022c     0x1000
                0x2000022c                        _pvHeapStart = .
                0x2000122c                        . = (. + _HeapSize)
 *fill*         0x2000022c     0x1000 
                0x2000122c                        . = ALIGN (0x4)
                0x2000122c                        _pvHeapLimit = .
                0x00001000                        _StackSize = 0x1000

.heap2stackfill
                0x2000122c     0x1000
                0x2000222c                        . = (. + _StackSize)
 *fill*         0x2000122c     0x1000 

.stack          0x2005f000        0x0
                0x2005f000                        _vStackBase = .
                0x2005f000                        . = ALIGN (0x4)
                0x20060000                        _vStackTop = (. + _StackSize)
                0x00000000                        _image_start = LOADADDR (.text)
                0x00005338                        _image_end = (LOADADDR (.data) + SIZEOF (.data))
                0x00005338                        _image_size = (_image_end - _image_start)
OUTPUT(ADC_FOR_Joysticks_lpadc_interrupt_cm33_core0.axf elf32-littlearm)
LOAD linker stubs

.debug_info     0x00000000    0x2494f
 .debug_info    0x00000000      0xd18 ./utilities/debug_console_lite/fsl_debug_console.o
 .debug_info    0x00000d18      0x12e ./utilities/fsl_assert.o
 .debug_info    0x00000e46       0x24 ./utilities/fsl_memcpy.o
 .debug_info    0x00000e6a     0x14b6 ./startup/startup_mcxn947_cm33_core0.o
 .debug_info    0x00002320     0x178d ./source/lpadc_interrupt.o
 .debug_info    0x00003aad       0x3c ./source/semihost_hardfault.o
 .debug_info    0x00003ae9     0x51bf ./drivers/fsl_clock.o
 .debug_info    0x00008ca8      0x38b ./drivers/fsl_common_arm.o
 .debug_info    0x00009033     0x2885 ./drivers/fsl_lpadc.o
 .debug_info    0x0000b8b8     0x2341 ./drivers/fsl_lpflexcomm.o
 .debug_info    0x0000dbf9     0x2401 ./drivers/fsl_lpuart.o
 .debug_info    0x0000fffa     0x12a2 ./drivers/fsl_reset.o
 .debug_info    0x0001129c     0x1a73 ./drivers/fsl_spc.o
 .debug_info    0x00012d0f     0x19e5 ./drivers/fsl_vref.o
 .debug_info    0x000146f4     0x192c ./device/system_MCXN947_cm33_core0.o
 .debug_info    0x00016020      0xe71 ./component/uart/fsl_adapter_lpuart.o
 .debug_info    0x00016e91     0x12da ./board/board.o
 .debug_info    0x0001816b     0x2768 ./board/clock_config.o
 .debug_info    0x0001a8d3     0x233b ./board/hardware_init.o
 .debug_info    0x0001cc0e     0x1738 ./board/pin_mux.o
 .debug_info    0x0001e346       0x85 /Applications/MCUXpressoIDE_25.6.136/ide/plugins/com.nxp.mcuxpresso.tools.macosx_25.6.0.202501151204/tools/bin/../lib/gcc/arm-none-eabi/14.2.1/../../../../arm-none-eabi/lib/thumb/v8-m.main+fp/hard/libcr_nohost_nf.a(_cr__main.o)
 .debug_info    0x0001e3cb       0xfc /Applications/MCUXpressoIDE_25.6.136/ide/plugins/com.nxp.mcuxpresso.tools.macosx_25.6.0.202501151204/tools/bin/../lib/gcc/arm-none-eabi/14.2.1/../../../../arm-none-eabi/lib/thumb/v8-m.main+fp/hard/libcr_c.a(memset.o)
 .debug_info    0x0001e4c7      0x520 /Applications/MCUXpressoIDE_25.6.136/ide/plugins/com.nxp.mcuxpresso.tools.macosx_25.6.0.202501151204/tools/bin/../lib/gcc/arm-none-eabi/14.2.1/../../../../arm-none-eabi/lib/thumb/v8-m.main+fp/hard/libcr_c.a(alloc.o)
 .debug_info    0x0001e9e7       0x44 /Applications/MCUXpressoIDE_25.6.136/ide/plugins/com.nxp.mcuxpresso.tools.macosx_25.6.0.202501151204/tools/bin/../lib/gcc/arm-none-eabi/14.2.1/../../../../arm-none-eabi/lib/thumb/v8-m.main+fp/hard/libcr_c.a(errno.o)
 .debug_info    0x0001ea2b      0x339 /Applications/MCUXpressoIDE_25.6.136/ide/plugins/com.nxp.mcuxpresso.tools.macosx_25.6.0.202501151204/tools/bin/../lib/gcc/arm-none-eabi/14.2.1/../../../../arm-none-eabi/lib/thumb/v8-m.main+fp/hard/libcr_c.a(initio.o)
 .debug_info    0x0001ed64      0x1fd /Applications/MCUXpressoIDE_25.6.136/ide/plugins/com.nxp.mcuxpresso.tools.macosx_25.6.0.202501151204/tools/bin/../lib/gcc/arm-none-eabi/14.2.1/../../../../arm-none-eabi/lib/thumb/v8-m.main+fp/hard/libcr_c.a(setvbuf.o)
 .debug_info    0x0001ef61       0xe1 /Applications/MCUXpressoIDE_25.6.136/ide/plugins/com.nxp.mcuxpresso.tools.macosx_25.6.0.202501151204/tools/bin/../lib/gcc/arm-none-eabi/14.2.1/../../../../arm-none-eabi/lib/thumb/v8-m.main+fp/hard/libcr_c.a(strlen.o)
 .debug_info    0x0001f042      0x396 /Applications/MCUXpressoIDE_25.6.136/ide/plugins/com.nxp.mcuxpresso.tools.macosx_25.6.0.202501151204/tools/bin/../lib/gcc/arm-none-eabi/14.2.1/../../../../arm-none-eabi/lib/thumb/v8-m.main+fp/hard/libcr_c.a(_deferredlazyseek.o)
 .debug_info    0x0001f3d8      0x24b /Applications/MCUXpressoIDE_25.6.136/ide/plugins/com.nxp.mcuxpresso.tools.macosx_25.6.0.202501151204/tools/bin/../lib/gcc/arm-none-eabi/14.2.1/../../../../arm-none-eabi/lib/thumb/v8-m.main+fp/hard/libcr_c.a(_fdopen.o)
 .debug_info    0x0001f623      0x1e3 /Applications/MCUXpressoIDE_25.6.136/ide/plugins/com.nxp.mcuxpresso.tools.macosx_25.6.0.202501151204/tools/bin/../lib/gcc/arm-none-eabi/14.2.1/../../../../arm-none-eabi/lib/thumb/v8-m.main+fp/hard/libcr_c.a(_fflush.o)
 .debug_info    0x0001f806      0x289 /Applications/MCUXpressoIDE_25.6.136/ide/plugins/com.nxp.mcuxpresso.tools.macosx_25.6.0.202501151204/tools/bin/../lib/gcc/arm-none-eabi/14.2.1/../../../../arm-none-eabi/lib/thumb/v8-m.main+fp/hard/libcr_c.a(_writebuf.o)
 .debug_info    0x0001fa8f      0x31e /Applications/MCUXpressoIDE_25.6.136/ide/plugins/com.nxp.mcuxpresso.tools.macosx_25.6.0.202501151204/tools/bin/../lib/gcc/arm-none-eabi/14.2.1/../../../../arm-none-eabi/lib/thumb/v8-m.main+fp/hard/libcr_c.a(fclose.o)
 .debug_info    0x0001fdad      0x209 /Applications/MCUXpressoIDE_25.6.136/ide/plugins/com.nxp.mcuxpresso.tools.macosx_25.6.0.202501151204/tools/bin/../lib/gcc/arm-none-eabi/14.2.1/../../../../arm-none-eabi/lib/thumb/v8-m.main+fp/hard/libcr_c.a(fflush.o)
 .debug_info    0x0001ffb6      0x276 /Applications/MCUXpressoIDE_25.6.136/ide/plugins/com.nxp.mcuxpresso.tools.macosx_25.6.0.202501151204/tools/bin/../lib/gcc/arm-none-eabi/14.2.1/../../../../arm-none-eabi/lib/thumb/v8-m.main+fp/hard/libcr_c.a(fseek.o)
 .debug_info    0x0002022c      0x197 /Applications/MCUXpressoIDE_25.6.136/ide/plugins/com.nxp.mcuxpresso.tools.macosx_25.6.0.202501151204/tools/bin/../lib/gcc/arm-none-eabi/14.2.1/../../../../arm-none-eabi/lib/thumb/v8-m.main+fp/hard/libcr_c.a(ftell.o)
 .debug_info    0x000203c3      0x1d7 /Applications/MCUXpressoIDE_25.6.136/ide/plugins/com.nxp.mcuxpresso.tools.macosx_25.6.0.202501151204/tools/bin/../lib/gcc/arm-none-eabi/14.2.1/../../../../arm-none-eabi/lib/thumb/v8-m.main+fp/hard/libcr_c.a(remove.o)
 .debug_info    0x0002059a      0x23a /Applications/MCUXpressoIDE_25.6.136/ide/plugins/com.nxp.mcuxpresso.tools.macosx_25.6.0.202501151204/tools/bin/../lib/gcc/arm-none-eabi/14.2.1/../../../../arm-none-eabi/lib/thumb/v8-m.main+fp/hard/libcr_c.a(_do_fflush.o)
 .debug_info    0x000207d4     0x2159 /Applications/MCUXpressoIDE_25.6.136/ide/plugins/com.nxp.mcuxpresso.tools.macosx_25.6.0.202501151204/tools/bin/../lib/gcc/arm-none-eabi/14.2.1/thumb/v8-m.main+fp/hard/libcr_eabihelpers.a(double.o)
 .debug_info    0x0002292d     0x1b31 /Applications/MCUXpressoIDE_25.6.136/ide/plugins/com.nxp.mcuxpresso.tools.macosx_25.6.0.202501151204/tools/bin/../lib/gcc/arm-none-eabi/14.2.1/thumb/v8-m.main+fp/hard/libcr_eabihelpers.a(float.o)
 .debug_info    0x0002445e      0x18b /Applications/MCUXpressoIDE_25.6.136/ide/plugins/com.nxp.mcuxpresso.tools.macosx_25.6.0.202501151204/tools/bin/../lib/gcc/arm-none-eabi/14.2.1/../../../../arm-none-eabi/lib/thumb/v8-m.main+fp/hard/libcr_nohost_nf.a(__ciob.o)
 .debug_info    0x000245e9       0x6a /Applications/MCUXpressoIDE_25.6.136/ide/plugins/com.nxp.mcuxpresso.tools.macosx_25.6.0.202501151204/tools/bin/../lib/gcc/arm-none-eabi/14.2.1/../../../../arm-none-eabi/lib/thumb/v8-m.main+fp/hard/libcr_nohost_nf.a(__sys_close.o)
 .debug_info    0x00024653       0x6a /Applications/MCUXpressoIDE_25.6.136/ide/plugins/com.nxp.mcuxpresso.tools.macosx_25.6.0.202501151204/tools/bin/../lib/gcc/arm-none-eabi/14.2.1/../../../../arm-none-eabi/lib/thumb/v8-m.main+fp/hard/libcr_nohost_nf.a(__sys_flen.o)
 .debug_info    0x000246bd       0x6a /Applications/MCUXpressoIDE_25.6.136/ide/plugins/com.nxp.mcuxpresso.tools.macosx_25.6.0.202501151204/tools/bin/../lib/gcc/arm-none-eabi/14.2.1/../../../../arm-none-eabi/lib/thumb/v8-m.main+fp/hard/libcr_nohost_nf.a(__sys_istty.o)
 .debug_info    0x00024727       0x8a /Applications/MCUXpressoIDE_25.6.136/ide/plugins/com.nxp.mcuxpresso.tools.macosx_25.6.0.202501151204/tools/bin/../lib/gcc/arm-none-eabi/14.2.1/../../../../arm-none-eabi/lib/thumb/v8-m.main+fp/hard/libcr_nohost_nf.a(__sys_remove.o)
 .debug_info    0x000247b1       0x78 /Applications/MCUXpressoIDE_25.6.136/ide/plugins/com.nxp.mcuxpresso.tools.macosx_25.6.0.202501151204/tools/bin/../lib/gcc/arm-none-eabi/14.2.1/../../../../arm-none-eabi/lib/thumb/v8-m.main+fp/hard/libcr_nohost_nf.a(__sys_seek.o)
 .debug_info    0x00024829       0x93 /Applications/MCUXpressoIDE_25.6.136/ide/plugins/com.nxp.mcuxpresso.tools.macosx_25.6.0.202501151204/tools/bin/../lib/gcc/arm-none-eabi/14.2.1/../../../../arm-none-eabi/lib/thumb/v8-m.main+fp/hard/libcr_nohost_nf.a(__sys_tmpnam.o)