Archive member included to satisfy reference by file (symbol)

C:/nxp/MCUXpressoIDE_24.12.148/ide/plugins/com.nxp.mcuxpresso.tools.win32_24.12.0.202407110909/tools/bin/../lib/gcc/arm-none-eabi/13.2.1/../../../../arm-none-eabi/lib/thumb/v8-m.main+fp/hard\libcr_nohost_nf.a(_cr__main.o)
                              ./startup/startup_mcxn947_cm33_core0.o (__main)
C:/nxp/MCUXpressoIDE_24.12.148/ide/plugins/com.nxp.mcuxpresso.tools.win32_24.12.0.202407110909/tools/bin/../lib/gcc/arm-none-eabi/13.2.1/../../../../arm-none-eabi/lib/thumb/v8-m.main+fp/hard\libcr_c.a(memset.o)
                              ./drivers/fsl_lpuart.o (memset)
C:/nxp/MCUXpressoIDE_24.12.148/ide/plugins/com.nxp.mcuxpresso.tools.win32_24.12.0.202407110909/tools/bin/../lib/gcc/arm-none-eabi/13.2.1/../../../../arm-none-eabi/lib/thumb/v8-m.main+fp/hard\libcr_c.a(alloc.o)
                              ./drivers/fsl_common.o (malloc)
C:/nxp/MCUXpressoIDE_24.12.148/ide/plugins/com.nxp.mcuxpresso.tools.win32_24.12.0.202407110909/tools/bin/../lib/gcc/arm-none-eabi/13.2.1/../../../../arm-none-eabi/lib/thumb/v8-m.main+fp/hard\libcr_c.a(errno.o)
                              ./utilities/str/fsl_str.o (errno)
C:/nxp/MCUXpressoIDE_24.12.148/ide/plugins/com.nxp.mcuxpresso.tools.win32_24.12.0.202407110909/tools/bin/../lib/gcc/arm-none-eabi/13.2.1/../../../../arm-none-eabi/lib/thumb/v8-m.main+fp/hard\libcr_c.a(initio.o)
                              C:/nxp/MCUXpressoIDE_24.12.148/ide/plugins/com.nxp.mcuxpresso.tools.win32_24.12.0.202407110909/tools/bin/../lib/gcc/arm-none-eabi/13.2.1/../../../../arm-none-eabi/lib/thumb/v8-m.main+fp/hard\libcr_nohost_nf.a(_cr__main.o) (_initio)
C:/nxp/MCUXpressoIDE_24.12.148/ide/plugins/com.nxp.mcuxpresso.tools.win32_24.12.0.202407110909/tools/bin/../lib/gcc/arm-none-eabi/13.2.1/../../../../arm-none-eabi/lib/thumb/v8-m.main+fp/hard\libcr_c.a(scanf.o)
                              ./utilities/str/fsl_str.o (strtoul)
C:/nxp/MCUXpressoIDE_24.12.148/ide/plugins/com.nxp.mcuxpresso.tools.win32_24.12.0.202407110909/tools/bin/../lib/gcc/arm-none-eabi/13.2.1/../../../../arm-none-eabi/lib/thumb/v8-m.main+fp/hard\libcr_c.a(setvbuf.o)
                              C:/nxp/MCUXpressoIDE_24.12.148/ide/plugins/com.nxp.mcuxpresso.tools.win32_24.12.0.202407110909/tools/bin/../lib/gcc/arm-none-eabi/13.2.1/../../../../arm-none-eabi/lib/thumb/v8-m.main+fp/hard\libcr_c.a(initio.o) (setvbuf)
C:/nxp/MCUXpressoIDE_24.12.148/ide/plugins/com.nxp.mcuxpresso.tools.win32_24.12.0.202407110909/tools/bin/../lib/gcc/arm-none-eabi/13.2.1/../../../../arm-none-eabi/lib/thumb/v8-m.main+fp/hard\libcr_c.a(strlen.o)
                              ./utilities/str/fsl_str.o (strlen)
C:/nxp/MCUXpressoIDE_24.12.148/ide/plugins/com.nxp.mcuxpresso.tools.win32_24.12.0.202407110909/tools/bin/../lib/gcc/arm-none-eabi/13.2.1/../../../../arm-none-eabi/lib/thumb/v8-m.main+fp/hard\libcr_c.a(ungetc.o)
                              C:/nxp/MCUXpressoIDE_24.12.148/ide/plugins/com.nxp.mcuxpresso.tools.win32_24.12.0.202407110909/tools/bin/../lib/gcc/arm-none-eabi/13.2.1/../../../../arm-none-eabi/lib/thumb/v8-m.main+fp/hard\libcr_c.a(scanf.o) (ungetc)
C:/nxp/MCUXpressoIDE_24.12.148/ide/plugins/com.nxp.mcuxpresso.tools.win32_24.12.0.202407110909/tools/bin/../lib/gcc/arm-none-eabi/13.2.1/../../../../arm-none-eabi/lib/thumb/v8-m.main+fp/hard\libcr_c.a(__fillbuf.o)
                              C:/nxp/MCUXpressoIDE_24.12.148/ide/plugins/com.nxp.mcuxpresso.tools.win32_24.12.0.202407110909/tools/bin/../lib/gcc/arm-none-eabi/13.2.1/../../../../arm-none-eabi/lib/thumb/v8-m.main+fp/hard\libcr_c.a(scanf.o) (__filbuf)
C:/nxp/MCUXpressoIDE_24.12.148/ide/plugins/com.nxp.mcuxpresso.tools.win32_24.12.0.202407110909/tools/bin/../lib/gcc/arm-none-eabi/13.2.1/../../../../arm-none-eabi/lib/thumb/v8-m.main+fp/hard\libcr_c.a(__init_alloc.o)
                              C:/nxp/MCUXpressoIDE_24.12.148/ide/plugins/com.nxp.mcuxpresso.tools.win32_24.12.0.202407110909/tools/bin/../lib/gcc/arm-none-eabi/13.2.1/../../../../arm-none-eabi/lib/thumb/v8-m.main+fp/hard\libcr_c.a(alloc.o) (__heaps)
C:/nxp/MCUXpressoIDE_24.12.148/ide/plugins/com.nxp.mcuxpresso.tools.win32_24.12.0.202407110909/tools/bin/../lib/gcc/arm-none-eabi/13.2.1/../../../../arm-none-eabi/lib/thumb/v8-m.main+fp/hard\libcr_c.a(_cr_sbrk.o)
                              C:/nxp/MCUXpressoIDE_24.12.148/ide/plugins/com.nxp.mcuxpresso.tools.win32_24.12.0.202407110909/tools/bin/../lib/gcc/arm-none-eabi/13.2.1/../../../../arm-none-eabi/lib/thumb/v8-m.main+fp/hard\libcr_c.a(alloc.o) (_sbrk)
C:/nxp/MCUXpressoIDE_24.12.148/ide/plugins/com.nxp.mcuxpresso.tools.win32_24.12.0.202407110909/tools/bin/../lib/gcc/arm-none-eabi/13.2.1/../../../../arm-none-eabi/lib/thumb/v8-m.main+fp/hard\libcr_c.a(_deferredlazyseek.o)
[...]
Memory Configuration

Name             Origin             Length             Attributes
PROGRAM_FLASH0   0x00000000         0x00100000         xr
PROGRAM_FLASH1   0x00100000         0x00100000         xr
SRAM             0x20000000         0x00060000         xrw
SRAMX            0x04000000         0x00018000         xrw
SRAMH            0x20060000         0x00008000         xrw
USB_RAM          0x400ba000         0x00001000         xrw
*default*        0x00000000         0xffffffff

Linker script and memory map

LOAD ./utilities/str/fsl_str.o
LOAD ./utilities/debug_console_lite/fsl_debug_console.o
LOAD ./utilities/fsl_assert.o
LOAD ./utilities/fsl_memcpy.o
LOAD ./startup/boot_multicore_slave.o
LOAD ./startup/startup_mcxn947_cm33_core0.o
LOAD ./source/pwm.o
LOAD ./source/semihost_hardfault.o
LOAD ./drivers/fsl_clock.o
LOAD ./drivers/fsl_common.o
LOAD ./drivers/fsl_common_arm.o
LOAD ./drivers/fsl_gpio.o
LOAD ./drivers/fsl_inputmux.o
LOAD ./drivers/fsl_lpflexcomm.o
LOAD ./drivers/fsl_lpuart.o
LOAD ./drivers/fsl_pwm.o
LOAD ./drivers/fsl_reset.o
LOAD ./drivers/fsl_spc.o
LOAD ./device/system_MCXN947_cm33_core0.o
LOAD ./component/uart/fsl_adapter_lpuart.o
LOAD ./board/board.o
LOAD ./board/clock_config.o
LOAD ./board/hardware_init.o
LOAD ./board/pin_mux.o
START GROUP
LOAD C:/nxp/MCUXpressoIDE_24.12.148/ide/plugins/com.nxp.mcuxpresso.tools.win32_24.12.0.202407110909/tools/bin/../lib/gcc/arm-none-eabi/13.2.1/../../../../arm-none-eabi/lib/thumb/v8-m.main+fp/hard\libcr_nohost_nf.a
LOAD C:/nxp/MCUXpressoIDE_24.12.148/ide/plugins/com.nxp.mcuxpresso.tools.win32_24.12.0.202407110909/tools/bin/../lib/gcc/arm-none-eabi/13.2.1/../../../../arm-none-eabi/lib/thumb/v8-m.main+fp/hard\libcr_c.a
LOAD C:/nxp/MCUXpressoIDE_24.12.148/ide/plugins/com.nxp.mcuxpresso.tools.win32_24.12.0.202407110909/tools/bin/../lib/gcc/arm-none-eabi/13.2.1/thumb/v8-m.main+fp/hard\libcr_eabihelpers.a
LOAD C:/nxp/MCUXpressoIDE_24.12.148/ide/plugins/com.nxp.mcuxpresso.tools.win32_24.12.0.202407110909/tools/bin/../lib/gcc/arm-none-eabi/13.2.1/thumb/v8-m.main+fp/hard\libgcc.a
END GROUP
                0x00000000                        __base_PROGRAM_FLASH0 = 0x0
                0x00000000                        __base_Flash = 0x0
                0x00100000                        __top_PROGRAM_FLASH0 = 0x100000
                0x00100000                        __top_Flash = 0x100000
                0x00100000                        __base_PROGRAM_FLASH1 = 0x100000
                0x00100000                        __base_Flash2 = 0x100000
                0x00200000                        __top_PROGRAM_FLASH1 = 0x200000
                0x00200000                        __top_Flash2 = 0x200000
                0x20000000                        __base_SRAM = 0x20000000
                0x20000000                        __base_RAM = 0x20000000
                0x20060000                        __top_SRAM = 0x20060000
                0x20060000                        __top_RAM = 0x20060000
                0x04000000                        __base_SRAMX = 0x4000000
                0x04000000                        __base_RAM2 = 0x4000000
                0x04018000                        __top_SRAMX = 0x4018000
                0x04018000                        __top_RAM2 = 0x4018000
                0x20060000                        __base_SRAMH = 0x20060000
                0x20060000                        __base_RAM3 = 0x20060000
                0x20068000                        __top_SRAMH = 0x20068000
                0x20068000                        __top_RAM3 = 0x20068000
                0x400ba000                        __base_USB_RAM = 0x400ba000
                0x400ba000                        __base_RAM4 = 0x400ba000
                0x400bb000                        __top_USB_RAM = 0x400bb000
                0x400bb000                        __top_RAM4 = 0x400bb000

.text_Flash2    0x00100000        0x0
 FILL mask 0xff
 *(SORT_BY_ALIGNMENT(.text_Flash2))
 *(SORT_BY_ALIGNMENT(.text_PROGRAM_FLASH1))
 *(SORT_BY_ALIGNMENT(.text.$Flash2))
 *(SORT_BY_ALIGNMENT(.text.$PROGRAM_FLASH1))
 *(SORT_BY_ALIGNMENT(.text_Flash2.*))
 *(SORT_BY_ALIGNMENT(.text_PROGRAM_FLASH1.*))
 *(SORT_BY_ALIGNMENT(.text.$Flash2.*))
 *(SORT_BY_ALIGNMENT(.text.$PROGRAM_FLASH1.*))
 *(SORT_BY_ALIGNMENT(.rodata.$Flash2))
 *(SORT_BY_ALIGNMENT(.rodata.$PROGRAM_FLASH1))
 *(SORT_BY_ALIGNMENT(.rodata.$Flash2.*))
 *(SORT_BY_ALIGNMENT(.rodata.$PROGRAM_FLASH1.*))

.text           0x00000000     0x5590
 FILL mask 0xff
                0x00000000                        __vectors_start__ = ABSOLUTE (.)
 *(SORT_BY_ALIGNMENT(.isr_vector))
 .isr_vector    0x00000000      0x2b0 ./startup/startup_mcxn947_cm33_core0.o
                0x00000000                g_pfnVectors
                0x00000000                __Vectors
                0x000002b0                        . = ALIGN (0x4)
                0x000002b0                        __section_table_start = .
                0x000002b0                        __data_section_table = .
                0x000002b0        0x4 LONG 0x5590 LOADADDR (.data)
                0x000002b4        0x4 LONG 0x20000000 ADDR (.data)
                0x000002b8        0x4 LONG 0xc SIZEOF (.data)
                0x000002bc        0x4 LONG 0x5590 LOADADDR (.data_RAM2)
                0x000002c0        0x4 LONG 0x4000000 ADDR (.data_RAM2)
                0x000002c4        0x4 LONG 0x0 SIZEOF (.data_RAM2)
                0x000002c8        0x4 LONG 0x5590 LOADADDR (.data_RAM3)
                0x000002cc        0x4 LONG 0x20060000 ADDR (.data_RAM3)
                0x000002d0        0x4 LONG 0x0 SIZEOF (.data_RAM3)
                0x000002d4        0x4 LONG 0x5590 LOADADDR (.data_RAM4)
                0x000002d8        0x4 LONG 0x400ba000 ADDR (.data_RAM4)
                0x000002dc        0x4 LONG 0x0 SIZEOF (.data_RAM4)
                0x000002e0                        __data_section_table_end = .
                0x000002e0                        __bss_section_table = .
                0x000002e0        0x4 LONG 0x2000000c ADDR (.bss)
                0x000002e4        0x4 LONG 0x218 SIZEOF (.bss)
                0x000002e8        0x4 LONG 0x4000000 ADDR (.bss_RAM2)
                0x000002ec        0x4 LONG 0x0 SIZEOF (.bss_RAM2)
                0x000002f0        0x4 LONG 0x20060000 ADDR (.bss_RAM3)
                0x000002f4        0x4 LONG 0x0 SIZEOF (.bss_RAM3)
                0x000002f8        0x4 LONG 0x400ba000 ADDR (.bss_RAM4)
                0x000002fc        0x4 LONG 0x0 SIZEOF (.bss_RAM4)
                0x00000300                        __bss_section_table_end = .
                0x00000300                        __section_table_end = .
 *(SORT_BY_ALIGNMENT(.after_vectors*))
 .after_vectors.reset
                0x00000300       0x68 ./startup/startup_mcxn947_cm33_core0.o
                0x00000300                ResetISR
 .after_vectors.init_data
                0x00000368       0x1e ./startup/startup_mcxn947_cm33_core0.o
                0x00000368                data_init
 .after_vectors.init_bss
                0x00000386       0x12 ./startup/startup_mcxn947_cm33_core0.o
                0x00000386                bss_init
 .after_vectors
                0x00000398       0x16 ./startup/startup_mcxn947_cm33_core0.o
                0x00000398                NMI_Handler
                0x0000039c                MemManage_Handler
                0x0000039e                BusFault_Handler
                0x000003a0                UsageFault_Handler
                0x000003a2                SecureFault_Handler
                0x000003a4                SVC_Handler
                0x000003a6                DebugMon_Handler
                0x000003a8                PendSV_Handler
                0x000003aa                SysTick_Handler
                0x000003ac                PKC_ERR_DriverIRQHandler
                0x000003ac                QDC1_HOME_DriverIRQHandler
                0x000003ac                EDMA_0_CH5_DriverIRQHandler
                0x000003ac                EDMA_0_CH14_DriverIRQHandler
                0x000003ac                EDMA_1_CH0_DriverIRQHandler
                0x000003ac                I3C0_DriverIRQHandler
                0x000003ac                CMC0_DriverIRQHandler
                0x000003ac                EDMA_0_CH15_DriverIRQHandler
                0x000003ac                LPTMR0_DriverIRQHandler
                0x000003ac                EDMA_0_CH2_DriverIRQHandler
                0x000003ac                USB0_FS_DriverIRQHandler
                0x000003ac                FLEXPWM1_SUBMODULE1_DriverIRQHandler
                0x000003ac                FLEXPWM0_SUBMODULE1_DriverIRQHandler
                0x000003ac                SCG_DriverIRQHandler
                0x000003ac                EDMA_1_CH13_DriverIRQHandler
                0x000003ac                EDMA_1_CH11_DriverIRQHandler
                0x000003ac                FLEXPWM0_RELOAD_ERROR_DriverIRQHandler
                0x000003ac                QDC0_HOME_DriverIRQHandler
                0x000003ac                Reserved167_DriverIRQHandler
                0x000003ac                EDMA_1_CH9_DriverIRQHandler
                0x000003ac                SEC_VIO_DriverIRQHandler
                0x000003ac                ERM_MULTI_BIT_ERROR_DriverIRQHandler
                0x000003ac                GPIO31_DriverIRQHandler
                0x000003ac                EWM0_DriverIRQHandler
                0x000003ac                PKC_DriverIRQHandler
                0x000003ac                EDMA_0_CH10_DriverIRQHandler
                0x000003ac                USB1_HS_PHY_DriverIRQHandler
                0x000003ac                QDC0_IDX_DriverIRQHandler
                0x000003ac                ELS_DriverIRQHandler
                0x000003ac                Reserved166_DriverIRQHandler
                0x000003ac                EDMA_1_CH2_DriverIRQHandler
                0x000003ac                ETHERNET_DriverIRQHandler
                0x000003ac                QDC1_IDX_DriverIRQHandler
                0x000003ac                EDMA_1_CH14_DriverIRQHandler
                0x000003ac                FLEXPWM1_SUBMODULE3_DriverIRQHandler
                0x000003ac                EDMA_1_CH7_DriverIRQHandler
                0x000003ac                EDMA_1_CH6_DriverIRQHandler
                0x000003ac                DAC1_DriverIRQHandler
                0x000003ac                CTIMER2_DriverIRQHandler
                0x000003ac                EMVSIM0_DriverIRQHandler
                0x000003ac                ITRC0_DriverIRQHandler
                0x000003ac                EDMA_0_CH9_DriverIRQHandler
                0x000003ac                ETB0_DriverIRQHandler
                0x000003ac                WWDT1_DriverIRQHandler
                0x000003ac                Reserved80_DriverIRQHandler
                0x000003ac                IntDefaultHandler
                0x000003ac                ELS_ERR_DriverIRQHandler
                0x000003ac                FLEXIO_DriverIRQHandler
                0x000003ac                DAC0_DriverIRQHandler
                0x000003ac                MRT0_DriverIRQHandler
                0x000003ac                UTICK0_DriverIRQHandler
                0x000003ac                FLEXPWM0_SUBMODULE2_DriverIRQHandler
                0x000003ac                GPIO01_DriverIRQHandler
                0x000003ac                EDMA_0_CH3_DriverIRQHandler
                0x000003ac                WWDT0_DriverIRQHandler
                0x000003ac                USDHC0_DriverIRQHandler
                0x000003ac                GPIO00_DriverIRQHandler
                0x000003ac                EDMA_0_CH4_DriverIRQHandler
                0x000003ac                GPIO11_DriverIRQHandler
                0x000003ac                CTIMER4_DriverIRQHandler
                0x000003ac                BSP32_DriverIRQHandler
                0x000003ac                FLEXPWM0_FAULT_DriverIRQHandler
                0x000003ac                EDMA_1_CH1_DriverIRQHandler
                0x000003ac                SAI1_DriverIRQHandler
                0x000003ac                ERM_SINGLE_BIT_ERROR_DriverIRQHandler
                0x000003ac                GPIO21_DriverIRQHandler
                0x000003ac                FLEXPWM1_FAULT_DriverIRQHandler
                0x000003ac                GPIO30_DriverIRQHandler
                0x000003ac                CTIMER0_DriverIRQHandler
                0x000003ac                CTIMER1_DriverIRQHandler
                0x000003ac                QDC0_COMPARE_DriverIRQHandler
                0x000003ac                PINT0_DriverIRQHandler
                0x000003ac                ADC1_DriverIRQHandler
                0x000003ac                PQ_DriverIRQHandler
                0x000003ac                ETHERNET_MACLP_DriverIRQHandler
                0x000003ac                USB0_DCD_DriverIRQHandler
                0x000003ac                EDMA_0_CH11_DriverIRQHandler
                0x000003ac                MAILBOX_DriverIRQHandler
                0x000003ac                WUU_DriverIRQHandler
                0x000003ac                EDMA_0_CH6_DriverIRQHandler
                0x000003ac                CTIMER3_DriverIRQHandler
                0x000003ac                FLEXPWM1_SUBMODULE0_DriverIRQHandler
                0x000003ac                CDOG1_DriverIRQHandler
                0x000003ac                TSI_OUT_OF_SCAN_DriverIRQHandler
                0x000003ac                EDMA_1_CH4_DriverIRQHandler
                0x000003ac                PUF_DriverIRQHandler
                0x000003ac                SPC_DriverIRQHandler
                0x000003ac                RTC_DriverIRQHandler
                0x000003ac                VBAT0_DriverIRQHandler
                0x000003ac                Reserved65_DriverIRQHandler
                0x000003ac                HSCMP2_DriverIRQHandler
                0x000003ac                EDMA_0_CH0_DriverIRQHandler
                0x000003ac                EDMA_1_CH5_DriverIRQHandler
                0x000003ac                PDM_EVENT_DriverIRQHandler
                0x000003ac                Freqme_DriverIRQHandler
                0x000003ac                ETHERNET_PMT_DriverIRQHandler
                0x000003ac                FLEXPWM1_RELOAD_ERROR_DriverIRQHandler
                0x000003ac                FMU0_DriverIRQHandler
                0x000003ac                QDC1_COMPARE_DriverIRQHandler
                0x000003ac                EDMA_0_CH8_DriverIRQHandler
                0x000003ac                LPTMR1_DriverIRQHandler
                0x000003ac                GPIO40_DriverIRQHandler
                0x000003ac                CTI0_DriverIRQHandler
                0x000003ac                EDMA_1_CH3_DriverIRQHandler
                0x000003ac                EDMA_1_CH15_DriverIRQHandler
                0x000003ac                FLEXPWM1_SUBMODULE2_DriverIRQHandler
                0x000003ac                GPIO20_DriverIRQHandler
                0x000003ac                QDC1_WDG_SAB_DriverIRQHandler
                0x000003ac                EDMA_1_CH8_DriverIRQHandler
                0x000003ac                GDET_DriverIRQHandler
                0x000003ac                PORT_EFT_DriverIRQHandler
                0x000003ac                Reserved85_DriverIRQHandler
                0x000003ac                Reserved81_DriverIRQHandler
                0x000003ac                TSI_END_OF_SCAN_DriverIRQHandler
                0x000003ac                FLEXPWM0_SUBMODULE3_DriverIRQHandler
                0x000003ac                ADC0_DriverIRQHandler
                0x000003ac                OR_DriverIRQHandler
                0x000003ac                EDMA_0_CH13_DriverIRQHandler
                0x000003ac                USB1_HS_DriverIRQHandler
                0x000003ac                EDMA_0_CH1_DriverIRQHandler
                0x000003ac                DAC2_DriverIRQHandler
                0x000003ac                GPIO51_DriverIRQHandler
                0x000003ac                HSCMP0_DriverIRQHandler
                0x000003ac                EDMA_0_CH12_DriverIRQHandler
                0x000003ac                QDC0_WDG_SAB_DriverIRQHandler
                0x000003ac                CDOG0_DriverIRQHandler
                0x000003ac                CAN0_DriverIRQHandler
                0x000003ac                SMARTDMA_DriverIRQHandler
                0x000003ac                SAI0_DriverIRQHandler
                0x000003ac                EMVSIM1_DriverIRQHandler
                0x000003ac                I3C1_DriverIRQHandler
                0x000003ac                EDMA_0_CH7_DriverIRQHandler
                0x000003ac                HSCMP1_DriverIRQHandler
                0x000003ac                EDMA_1_CH10_DriverIRQHandler
                0x000003ac                EDMA_1_CH12_DriverIRQHandler
                0x000003ac                FLEXSPI0_DriverIRQHandler
                0x000003ac                GPIO50_DriverIRQHandler
                0x000003ac                GPIO10_DriverIRQHandler
                0x000003ac                SCT0_DriverIRQHandler
                0x000003ac                CAN1_DriverIRQHandler
                0x000003ac                PLU_DriverIRQHandler
                0x000003ac                FLEXPWM0_SUBMODULE0_DriverIRQHandler
                0x000003ac                OS_EVENT_DriverIRQHandler
                0x000003ac                SINC_FILTER_DriverIRQHandler
                0x000003ac                NPU_DriverIRQHandler
                0x000003ac                GPIO41_DriverIRQHandler
                0x000003ac                SEC_HYPERVISOR_CALL_DriverIRQHandler
 *(SORT_BY_ALIGNMENT(.text*))
 *fill*         0x000003ae        0x2 ff
 .text.PWM_DRV_Init3PhPwm
                0x000003b0      0x114 ./source/pwm.o
 .text.DbgConsole_Init
                0x000004c4       0x88 ./utilities/debug_console_lite/fsl_debug_console.o
                0x000004c4                DbgConsole_Init
 .text.DbgConsole_Vprintf
                0x0000054c       0x3c ./utilities/debug_console_lite/fsl_debug_console.o
                0x0000054c                DbgConsole_Vprintf
 .text.DbgConsole_Putchar
                0x00000588       0x30 ./utilities/debug_console_lite/fsl_debug_console.o
                0x00000588                DbgConsole_Putchar
 .text.DbgConsole_PrintfFormattedData
                0x000005b8      0x3e0 ./utilities/debug_console_lite/fsl_debug_console.o
 .text.__assertion_failed
                0x00000998       0x2c ./utilities/fsl_assert.o
                0x00000998                __assertion_failed
 .text          0x000009c4       0xa0 ./utilities/fsl_memcpy.o
                0x000009c4                memcpy
 .text.PWM_SetupFaultDisableMap
                0x00000a64       0xd4 ./source/pwm.o
 .text.main     0x00000b38      0x18c ./source/pwm.o
                0x00000b38                main
 .text.CLOCK_IsPLL0Locked
                0x00000cc4       0x28 ./drivers/fsl_clock.o
 .text.CLOCK_IsPLL1Locked
                0x00000cec       0x28 ./drivers/fsl_clock.o
 .text.CLOCK_SetupFROHFClocking
                0x00000d14       0x9c ./drivers/fsl_clock.o
                0x00000d14                CLOCK_SetupFROHFClocking
 .text.CLOCK_SetPll0MonitorMode
                0x00000db0       0x38 ./drivers/fsl_clock.o
                0x00000db0                CLOCK_SetPll0MonitorMode
 .text.CLOCK_AttachClk
                0x00000de8       0xb0 ./drivers/fsl_clock.o
                0x00000de8                CLOCK_AttachClk
 .text.CLOCK_SetClkDiv
                0x00000e98       0x54 ./drivers/fsl_clock.o
                0x00000e98                CLOCK_SetClkDiv
 .text.CLOCK_GetFreq
                0x00000eec      0x15c ./drivers/fsl_clock.o
                0x00000eec                CLOCK_GetFreq
 .text.CLOCK_GetPLL0InClockRate
                0x00001048       0x5c ./drivers/fsl_clock.o
                0x00001048                CLOCK_GetPLL0InClockRate
 .text.CLOCK_GetPLL1InClockRate
                0x000010a4       0x58 ./drivers/fsl_clock.o
                0x000010a4                CLOCK_GetPLL1InClockRate
 .text.CLOCK_SetPLL0Freq
                0x000010fc      0x10c ./drivers/fsl_clock.o
                0x000010fc                CLOCK_SetPLL0Freq
 .text.CLOCK_GetFro12MFreq
                0x00001208       0x2c ./drivers/fsl_clock.o
 .text.CLOCK_GetClk1MFreq
                0x00001234       0x14 ./drivers/fsl_clock.o
 .text.CLOCK_GetFroHfFreq
                0x00001248       0x4c ./drivers/fsl_clock.o
 .text.CLOCK_GetClk48MFreq
                0x00001294       0x2c ./drivers/fsl_clock.o
 .text.CLOCK_GetClk144MFreq
                0x000012c0       0x2c ./drivers/fsl_clock.o
 .text.CLOCK_GetClk16KFreq
                0x000012ec       0x44 ./drivers/fsl_clock.o
 .text.CLOCK_GetExtClkFreq
                0x00001330       0x2c ./drivers/fsl_clock.o
 .text.CLOCK_GetOsc32KFreq
                0x0000135c       0x4c ./drivers/fsl_clock.o
 .text.CLOCK_GetMainClkFreq
                0x000013a8       0x90 ./drivers/fsl_clock.o
                0x000013a8                CLOCK_GetMainClkFreq
 .text.CLOCK_GetClockOutClkFreq
                0x00001438       0xa8 ./drivers/fsl_clock.o
 .text.CLOCK_GetLposcFreq
                0x000014e0       0x48 ./drivers/fsl_clock.o
 .text.findPll0PreDiv
                0x00001528       0x40 ./drivers/fsl_clock.o
 .text.findPll1PreDiv
                0x00001568       0x40 ./drivers/fsl_clock.o
 .text.findPll0PostDiv
                0x000015a8       0x60 ./drivers/fsl_clock.o
 .text.findPll1PostDiv
                0x00001608       0x60 ./drivers/fsl_clock.o
 .text.findPll0MMult
                0x00001668       0xac ./drivers/fsl_clock.o
 .text.findPll1MMult
                0x00001714       0xac ./drivers/fsl_clock.o
 .text.SDK_DelayAtLeastUs
                0x000017c0       0x8c ./drivers/fsl_common_arm.o
                0x000017c0                SDK_DelayAtLeastUs
 .text.LP_FLEXCOMM_GetInterruptStatus
                0x0000184c       0x28 ./drivers/fsl_lpflexcomm.o
                0x0000184c                LP_FLEXCOMM_GetInterruptStatus
 .text.LP_FLEXCOMM_SetPeriph
                0x00001874       0x94 ./drivers/fsl_lpflexcomm.o
 .text.LP_FLEXCOMM_Init
                0x00001908       0x58 ./drivers/fsl_lpflexcomm.o
                0x00001908                LP_FLEXCOMM_Init
 .text.LP_FLEXCOMM_CommonIRQHandler
                0x00001960       0xb8 ./drivers/fsl_lpflexcomm.o
 .text.LPUART_GetInstance
                0x00001a18       0x4c ./drivers/fsl_lpuart.o
                0x00001a18                LPUART_GetInstance
 .text.LPUART_Init
                0x00001a64      0x3b4 ./drivers/fsl_lpuart.o
                0x00001a64                LPUART_Init
 .text.LPUART_GetDefaultConfig
                0x00001e18       0x8c ./drivers/fsl_lpuart.o
                0x00001e18                LPUART_GetDefaultConfig
 .text.LPUART_GetStatusFlags
                0x00001ea4       0x60 ./drivers/fsl_lpuart.o
                0x00001ea4                LPUART_GetStatusFlags
 .text.LPUART_ClearStatusFlags
                0x00001f04       0x94 ./drivers/fsl_lpuart.o
                0x00001f04                LPUART_ClearStatusFlags
 .text.LPUART_WriteBlocking
                0x00001f98       0x68 ./drivers/fsl_lpuart.o
                0x00001f98                LPUART_WriteBlocking
 .text.LPUART_ReadBlocking
                0x00002000      0x160 ./drivers/fsl_lpuart.o
                0x00002000                LPUART_ReadBlocking
 .text.dutyCycleToReloadValue
                0x00002160       0x30 ./drivers/fsl_pwm.o
 .text.PWM_GetInstance
                0x00002190       0x4c ./drivers/fsl_pwm.o
 .text.PWM_SetPeriodRegister
                0x000021dc      0x190 ./drivers/fsl_pwm.o
 .text.PWM_SetDutycycleRegister
                0x0000236c      0x2ac ./drivers/fsl_pwm.o
 .text.PWM_Init
                0x00002618      0x2a0 ./drivers/fsl_pwm.o
                0x00002618                PWM_Init
 .text.PWM_GetDefaultConfig
                0x000028b8       0x60 ./drivers/fsl_pwm.o
                0x000028b8                PWM_GetDefaultConfig
 .text.PWM_SetupPwm
                0x00002918      0x3d4 ./drivers/fsl_pwm.o
                0x00002918                PWM_SetupPwm
 .text.PWM_UpdatePwmDutycycle
                0x00002cec       0x50 ./drivers/fsl_pwm.o
                0x00002cec                PWM_UpdatePwmDutycycle
 .text.PWM_UpdatePwmDutycycleHighAccuracy
                0x00002d3c       0xdc ./drivers/fsl_pwm.o
                0x00002d3c                PWM_UpdatePwmDutycycleHighAccuracy
 .text.PWM_SetupFaults
                0x00002e18      0x1f8 ./drivers/fsl_pwm.o
                0x00002e18                PWM_SetupFaults
 .text.PWM_FaultDefaultConfig
                0x00003010       0x44 ./drivers/fsl_pwm.o
                0x00003010                PWM_FaultDefaultConfig
 .text.RESET_ClearPeripheralReset
                0x00003054       0x64 ./drivers/fsl_reset.o
                0x00003054                RESET_ClearPeripheralReset
 .text.SPC_SetSRAMOperateVoltage
                0x000030b8       0x58 ./drivers/fsl_spc.o
                0x000030b8                SPC_SetSRAMOperateVoltage
 .text.SPC_SetActiveModeCoreLDORegulatorConfig
                0x00003110       0x94 ./drivers/fsl_spc.o
                0x00003110                SPC_SetActiveModeCoreLDORegulatorConfig
 .text.SPC_SetActiveModeDCDCRegulatorConfig
                0x000031a4       0x68 ./drivers/fsl_spc.o
                0x000031a4                SPC_SetActiveModeDCDCRegulatorConfig
 .text.SystemInit
                0x0000320c      0x124 ./device/system_MCXN947_cm33_core0.o
                0x0000320c                SystemInit
 .text.HAL_UartInitCommon
                0x00003330       0xe4 ./component/uart/fsl_adapter_lpuart.o
 .text.HAL_UartInit
                0x00003414       0x84 ./component/uart/fsl_adapter_lpuart.o
                0x00003414                HAL_UartInit
 .text.HAL_UartReceiveBlocking
                0x00003498       0x6c ./component/uart/fsl_adapter_lpuart.o
                0x00003498                HAL_UartReceiveBlocking
 .text.HAL_UartSendBlocking
                0x00003504       0x64 ./component/uart/fsl_adapter_lpuart.o
                0x00003504                HAL_UartSendBlocking
 .text.BOARD_InitDebugConsole
                0x00003568       0x38 ./board/board.o
                0x00003568                BOARD_InitDebugConsole
 .text.BOARD_BootClockPLL150M
                0x000035a0       0xd8 ./board/clock_config.o
                0x000035a0                BOARD_BootClockPLL150M
 .text.PORT_SetPinConfig
                0x00003678       0x38 ./board/pin_mux.o
 .text.BOARD_InitPins
                0x000036b0       0xf8 ./board/pin_mux.o
                0x000036b0                BOARD_InitPins
 .text._initio  0x000037a8       0x78 C:/nxp/MCUXpressoIDE_24.12.148/ide/plugins/com.nxp.mcuxpresso.tools.win32_24.12.0.202407110909/tools/bin/../lib/gcc/arm-none-eabi/13.2.1/../../../../arm-none-eabi/lib/thumb/v8-m.main+fp/hard\libcr_c.a(initio.o)
                0x000037a8                _initio
 .text._Cwritebuf
                0x00003820       0x6c C:/nxp/MCUXpressoIDE_24.12.148/ide/plugins/com.nxp.mcuxpresso.tools.win32_24.12.0.202407110909/tools/bin/../lib/gcc/arm-none-eabi/13.2.1/../../../../arm-none-eabi/lib/thumb/v8-m.main+fp/hard\libcr_c.a(_writebuf.o)
                0x00003820                _Cwritebuf
 .text.fflush   0x0000388c       0x3c C:/nxp/MCUXpressoIDE_24.12.148/ide/plugins/com.nxp.mcuxpresso.tools.win32_24.12.0.202407110909/tools/bin/../lib/gcc/arm-none-eabi/13.2.1/../../../../arm-none-eabi/lib/thumb/v8-m.main+fp/hard\libcr_c.a(fflush.o)
                0x0000388c                fflush
 .text.fseek    0x000038c8       0xf8 C:/nxp/MCUXpressoIDE_24.12.148/ide/plugins/com.nxp.mcuxpresso.tools.win32_24.12.0.202407110909/tools/bin/../lib/gcc/arm-none-eabi/13.2.1/../../../../arm-none-eabi/lib/thumb/v8-m.main+fp/hard\libcr_c.a(fseek.o)
                0x000038c8                fseek
 .text.ftell    0x000039c0       0x44 C:/nxp/MCUXpressoIDE_24.12.148/ide/plugins/com.nxp.mcuxpresso.tools.win32_24.12.0.202407110909/tools/bin/../lib/gcc/arm-none-eabi/13.2.1/../../../../arm-none-eabi/lib/thumb/v8-m.main+fp/hard\libcr_c.a(ftell.o)
                0x000039c0                ftell
 .text.DbgConsole_Printf
                0x00003a04       0x2c ./utilities/debug_console_lite/fsl_debug_console.o
                0x00003a04                DbgConsole_Printf
 .text.DbgConsole_PrintfPaddingCharacter
                0x00003a30       0x40 ./utilities/debug_console_lite/fsl_debug_console.o
 .text.DbgConsole_ConvertRadixNumToString
                0x00003a70       0xc2 ./utilities/debug_console_lite/fsl_debug_console.o
 .text.fsl_assert_hook
                0x00003b32       0x1a ./utilities/fsl_assert.o
                0x00003b32                fsl_assert_hook
 .text.OR_IRQHandler
                0x00003b4c        0x8 ./startup/startup_mcxn947_cm33_core0.o
                0x00003b4c                OR_IRQHandler
 .text.EDMA_0_CH0_IRQHandler
                0x00003b54        0x8 ./startup/startup_mcxn947_cm33_core0.o
                0x00003b54                EDMA_0_CH0_IRQHandler
 .text.EDMA_0_CH1_IRQHandler
                0x00003b5c        0x8 ./startup/startup_mcxn947_cm33_core0.o
                0x00003b5c                EDMA_0_CH1_IRQHandler
 .text.EDMA_0_CH2_IRQHandler
                0x00003b64        0x8 ./startup/startup_mcxn947_cm33_core0.o
                0x00003b64                EDMA_0_CH2_IRQHandler
 .text.EDMA_0_CH3_IRQHandler
                0x00003b6c        0x8 ./startup/startup_mcxn947_cm33_core0.o
                0x00003b6c                EDMA_0_CH3_IRQHandler
 .text.EDMA_0_CH4_IRQHandler
                0x00003b74        0x8 ./startup/startup_mcxn947_cm33_core0.o
                0x00003b74                EDMA_0_CH4_IRQHandler
 .text.EDMA_0_CH5_IRQHandler
                0x00003b7c        0x8 ./startup/startup_mcxn947_cm33_core0.o
                0x00003b7c                EDMA_0_CH5_IRQHandler
 .text.EDMA_0_CH6_IRQHandler
                0x00003b84        0x8 ./startup/startup_mcxn947_cm33_core0.o
                0x00003b84                EDMA_0_CH6_IRQHandler
 .text.EDMA_0_CH7_IRQHandler
                0x00003b8c        0x8 ./startup/startup_mcxn947_cm33_core0.o
                0x00003b8c                EDMA_0_CH7_IRQHandler
 .text.EDMA_0_CH8_IRQHandler
                0x00003b94        0x8 ./startup/startup_mcxn947_cm33_core0.o
                0x00003b94                EDMA_0_CH8_IRQHandler
 .text.EDMA_0_CH9_IRQHandler
                0x00003b9c        0x8 ./startup/startup_mcxn947_cm33_core0.o
                0x00003b9c                EDMA_0_CH9_IRQHandler
 .text.EDMA_0_CH10_IRQHandler
                0x00003ba4        0x8 ./startup/startup_mcxn947_cm33_core0.o
                0x00003ba4                EDMA_0_CH10_IRQHandler
 .text.EDMA_0_CH11_IRQHandler
                0x00003bac        0x8 ./startup/startup_mcxn947_cm33_core0.o
                0x00003bac                EDMA_0_CH11_IRQHandler
 .text.EDMA_0_CH12_IRQHandler
                0x00003bb4        0x8 ./startup/startup_mcxn947_cm33_core0.o
                0x00003bb4                EDMA_0_CH12_IRQHandler
 .text.EDMA_0_CH13_IRQHandler
                0x00003bbc        0x8 ./startup/startup_mcxn947_cm33_core0.o
                0x00003bbc                EDMA_0_CH13_IRQHandler
 .text.EDMA_0_CH14_IRQHandler
                0x00003bc4        0x8 ./startup/startup_mcxn947_cm33_core0.o
                0x00003bc4                EDMA_0_CH14_IRQHandler
 .text.EDMA_0_CH15_IRQHandler
                0x00003bcc        0x8 ./startup/startup_mcxn947_cm33_core0.o
                0x00003bcc                EDMA_0_CH15_IRQHandler
 .text.GPIO00_IRQHandler
                0x00003bd4        0x8 ./startup/startup_mcxn947_cm33_core0.o
                0x00003bd4                GPIO00_IRQHandler
 .text.GPIO01_IRQHandler
                0x00003bdc        0x8 ./startup/startup_mcxn947_cm33_core0.o
                0x00003bdc                GPIO01_IRQHandler
 .text.GPIO10_IRQHandler
                0x00003be4        0x8 ./startup/startup_mcxn947_cm33_core0.o
                0x00003be4                GPIO10_IRQHandler
 .text.GPIO11_IRQHandler
                0x00003bec        0x8 ./startup/startup_mcxn947_cm33_core0.o
                0x00003bec                GPIO11_IRQHandler
 .text.GPIO20_IRQHandler
                0x00003bf4        0x8 ./startup/startup_mcxn947_cm33_core0.o
                0x00003bf4                GPIO20_IRQHandler
 .text.GPIO21_IRQHandler
                0x00003bfc        0x8 ./startup/startup_mcxn947_cm33_core0.o
                0x00003bfc                GPIO21_IRQHandler
 .text.GPIO30_IRQHandler
                0x00003c04        0x8 ./startup/startup_mcxn947_cm33_core0.o
                0x00003c04                GPIO30_IRQHandler
 .text.GPIO31_IRQHandler
                0x00003c0c        0x8 ./startup/startup_mcxn947_cm33_core0.o
                0x00003c0c                GPIO31_IRQHandler
 .text.GPIO40_IRQHandler
                0x00003c14        0x8 ./startup/startup_mcxn947_cm33_core0.o
                0x00003c14                GPIO40_IRQHandler
 .text.GPIO41_IRQHandler
                0x00003c1c        0x8 ./startup/startup_mcxn947_cm33_core0.o
                0x00003c1c                GPIO41_IRQHandler
 .text.GPIO50_IRQHandler
                0x00003c24        0x8 ./startup/startup_mcxn947_cm33_core0.o
                0x00003c24                GPIO50_IRQHandler
 .text.GPIO51_IRQHandler
                0x00003c2c        0x8 ./startup/startup_mcxn947_cm33_core0.o
                0x00003c2c                GPIO51_IRQHandler
 .text.UTICK0_IRQHandler
                0x00003c34        0x8 ./startup/startup_mcxn947_cm33_core0.o
                0x00003c34                UTICK0_IRQHandler
 .text.MRT0_IRQHandler
                0x00003c3c        0x8 ./startup/startup_mcxn947_cm33_core0.o
                0x00003c3c                MRT0_IRQHandler
 .text.CTIMER0_IRQHandler
                0x00003c44        0x8 ./startup/startup_mcxn947_cm33_core0.o
                0x00003c44                CTIMER0_IRQHandler
 .text.CTIMER1_IRQHandler
                0x00003c4c        0x8 ./startup/startup_mcxn947_cm33_core0.o
                0x00003c4c                CTIMER1_IRQHandler
 .text.SCT0_IRQHandler
                0x00003c54        0x8 ./startup/startup_mcxn947_cm33_core0.o
                0x00003c54                SCT0_IRQHandler
 .text.CTIMER2_IRQHandler
                0x00003c5c        0x8 ./startup/startup_mcxn947_cm33_core0.o
                0x00003c5c                CTIMER2_IRQHandler
 .text.LP_FLEXCOMM0_IRQHandler
                0x00003c64        0x8 ./startup/startup_mcxn947_cm33_core0.o
                0x00003c64                LP_FLEXCOMM0_IRQHandler
 .text.LP_FLEXCOMM1_IRQHandler
                0x00003c6c        0x8 ./startup/startup_mcxn947_cm33_core0.o
                0x00003c6c                LP_FLEXCOMM1_IRQHandler
 .text.LP_FLEXCOMM2_IRQHandler
                0x00003c74        0x8 ./startup/startup_mcxn947_cm33_core0.o
                0x00003c74                LP_FLEXCOMM2_IRQHandler
 .text.LP_FLEXCOMM3_IRQHandler
                0x00003c7c        0x8 ./startup/startup_mcxn947_cm33_core0.o
                0x00003c7c                LP_FLEXCOMM3_IRQHandler
 .text.LP_FLEXCOMM4_IRQHandler
                0x00003c84        0x8 ./startup/startup_mcxn947_cm33_core0.o
                0x00003c84                LP_FLEXCOMM4_IRQHandler
 .text.LP_FLEXCOMM5_IRQHandler
                0x00003c8c        0x8 ./startup/startup_mcxn947_cm33_core0.o
                0x00003c8c                LP_FLEXCOMM5_IRQHandler
 .text.LP_FLEXCOMM6_IRQHandler
                0x00003c94        0x8 ./startup/startup_mcxn947_cm33_core0.o
                0x00003c94                LP_FLEXCOMM6_IRQHandler
 .text.LP_FLEXCOMM7_IRQHandler
                0x00003c9c        0x8 ./startup/startup_mcxn947_cm33_core0.o
                0x00003c9c                LP_FLEXCOMM7_IRQHandler
 .text.LP_FLEXCOMM8_IRQHandler
                0x00003ca4        0x8 ./startup/startup_mcxn947_cm33_core0.o
                0x00003ca4                LP_FLEXCOMM8_IRQHandler
 .text.LP_FLEXCOMM9_IRQHandler
                0x00003cac        0x8 ./startup/startup_mcxn947_cm33_core0.o
                0x00003cac                LP_FLEXCOMM9_IRQHandler
 .text.ADC0_IRQHandler
                0x00003cb4        0x8 ./startup/startup_mcxn947_cm33_core0.o
                0x00003cb4                ADC0_IRQHandler
 .text.ADC1_IRQHandler
                0x00003cbc        0x8 ./startup/startup_mcxn947_cm33_core0.o
                0x00003cbc                ADC1_IRQHandler
 .text.PINT0_IRQHandler
                0x00003cc4        0x8 ./startup/startup_mcxn947_cm33_core0.o
                0x00003cc4                PINT0_IRQHandler
 .text.PDM_EVENT_IRQHandler
                0x00003ccc        0x8 ./startup/startup_mcxn947_cm33_core0.o
                0x00003ccc                PDM_EVENT_IRQHandler
 .text.Reserved65_IRQHandler
                0x00003cd4        0x8 ./startup/startup_mcxn947_cm33_core0.o
                0x00003cd4                Reserved65_IRQHandler
 .text.USB0_FS_IRQHandler
                0x00003cdc        0x8 ./startup/startup_mcxn947_cm33_core0.o
                0x00003cdc                USB0_FS_IRQHandler
 .text.USB0_DCD_IRQHandler
                0x00003ce4        0x8 ./startup/startup_mcxn947_cm33_core0.o
                0x00003ce4                USB0_DCD_IRQHandler
 .text.RTC_IRQHandler
                0x00003cec        0x8 ./startup/startup_mcxn947_cm33_core0.o
                0x00003cec                RTC_IRQHandler
 .text.SMARTDMA_IRQHandler
                0x00003cf4        0x8 ./startup/startup_mcxn947_cm33_core0.o
                0x00003cf4                SMARTDMA_IRQHandler
 .text.MAILBOX_IRQHandler
                0x00003cfc        0x8 ./startup/startup_mcxn947_cm33_core0.o
                0x00003cfc                MAILBOX_IRQHandler
 .text.CTIMER3_IRQHandler
                0x00003d04        0x8 ./startup/startup_mcxn947_cm33_core0.o
                0x00003d04                CTIMER3_IRQHandler
 .text.CTIMER4_IRQHandler
                0x00003d0c        0x8 ./startup/startup_mcxn947_cm33_core0.o
                0x00003d0c                CTIMER4_IRQHandler
 .text.OS_EVENT_IRQHandler
                0x00003d14        0x8 ./startup/startup_mcxn947_cm33_core0.o
                0x00003d14                OS_EVENT_IRQHandler
 .text.FLEXSPI0_IRQHandler
                0x00003d1c        0x8 ./startup/startup_mcxn947_cm33_core0.o
                0x00003d1c                FLEXSPI0_IRQHandler
 .text.SAI0_IRQHandler
                0x00003d24        0x8 ./startup/startup_mcxn947_cm33_core0.o
                0x00003d24                SAI0_IRQHandler
 .text.SAI1_IRQHandler
                0x00003d2c        0x8 ./startup/startup_mcxn947_cm33_core0.o
                0x00003d2c                SAI1_IRQHandler
 .text.USDHC0_IRQHandler
                0x00003d34        0x8 ./startup/startup_mcxn947_cm33_core0.o
                0x00003d34                USDHC0_IRQHandler
 .text.CAN0_IRQHandler
                0x00003d3c        0x8 ./startup/startup_mcxn947_cm33_core0.o
                0x00003d3c                CAN0_IRQHandler
 .text.CAN1_IRQHandler
                0x00003d44        0x8 ./startup/startup_mcxn947_cm33_core0.o
                0x00003d44                CAN1_IRQHandler
 .text.Reserved80_IRQHandler
                0x00003d4c        0x8 ./startup/startup_mcxn947_cm33_core0.o
                0x00003d4c                Reserved80_IRQHandler
 .text.Reserved81_IRQHandler
                0x00003d54        0x8 ./startup/startup_mcxn947_cm33_core0.o
                0x00003d54                Reserved81_IRQHandler
 .text.USB1_HS_PHY_IRQHandler
                0x00003d5c        0x8 ./startup/startup_mcxn947_cm33_core0.o
                0x00003d5c                USB1_HS_PHY_IRQHandler
 .text.USB1_HS_IRQHandler
                0x00003d64        0x8 ./startup/startup_mcxn947_cm33_core0.o
                0x00003d64                USB1_HS_IRQHandler
 .text.SEC_HYPERVISOR_CALL_IRQHandler
                0x00003d6c        0x8 ./startup/startup_mcxn947_cm33_core0.o
                0x00003d6c                SEC_HYPERVISOR_CALL_IRQHandler
 .text.Reserved85_IRQHandler
                0x00003d74        0x8 ./startup/startup_mcxn947_cm33_core0.o
                0x00003d74                Reserved85_IRQHandler
 .text.PLU_IRQHandler
                0x00003d7c        0x8 ./startup/startup_mcxn947_cm33_core0.o
                0x00003d7c                PLU_IRQHandler
 .text.Freqme_IRQHandler
                0x00003d84        0x8 ./startup/startup_mcxn947_cm33_core0.o
                0x00003d84                Freqme_IRQHandler
 .text.SEC_VIO_IRQHandler
                0x00003d8c        0x8 ./startup/startup_mcxn947_cm33_core0.o
                0x00003d8c                SEC_VIO_IRQHandler
 .text.ELS_IRQHandler
                0x00003d94        0x8 ./startup/startup_mcxn947_cm33_core0.o
                0x00003d94                ELS_IRQHandler
 .text.PKC_IRQHandler
                0x00003d9c        0x8 ./startup/startup_mcxn947_cm33_core0.o
                0x00003d9c                PKC_IRQHandler
 .text.PUF_IRQHandler
                0x00003da4        0x8 ./startup/startup_mcxn947_cm33_core0.o
                0x00003da4                PUF_IRQHandler
 .text.PQ_IRQHandler
                0x00003dac        0x8 ./startup/startup_mcxn947_cm33_core0.o
                0x00003dac                PQ_IRQHandler
 .text.EDMA_1_CH0_IRQHandler
                0x00003db4        0x8 ./startup/startup_mcxn947_cm33_core0.o
                0x00003db4                EDMA_1_CH0_IRQHandler
 .text.EDMA_1_CH1_IRQHandler
                0x00003dbc        0x8 ./startup/startup_mcxn947_cm33_core0.o
                0x00003dbc                EDMA_1_CH1_IRQHandler
 .text.EDMA_1_CH2_IRQHandler
                0x00003dc4        0x8 ./startup/startup_mcxn947_cm33_core0.o
                0x00003dc4                EDMA_1_CH2_IRQHandler
 .text.EDMA_1_CH3_IRQHandler
                0x00003dcc        0x8 ./startup/startup_mcxn947_cm33_core0.o
                0x00003dcc                EDMA_1_CH3_IRQHandler
 .text.EDMA_1_CH4_IRQHandler
                0x00003dd4        0x8 ./startup/startup_mcxn947_cm33_core0.o
                0x00003dd4                EDMA_1_CH4_IRQHandler
 .text.EDMA_1_CH5_IRQHandler
                0x00003ddc        0x8 ./startup/startup_mcxn947_cm33_core0.o
                0x00003ddc                EDMA_1_CH5_IRQHandler
 .text.EDMA_1_CH6_IRQHandler
                0x00003de4        0x8 ./startup/startup_mcxn947_cm33_core0.o
                0x00003de4                EDMA_1_CH6_IRQHandler
 .text.EDMA_1_CH7_IRQHandler
                0x00003dec        0x8 ./startup/startup_mcxn947_cm33_core0.o
                0x00003dec                EDMA_1_CH7_IRQHandler
 .text.EDMA_1_CH8_IRQHandler
                0x00003df4        0x8 ./startup/startup_mcxn947_cm33_core0.o
                0x00003df4                EDMA_1_CH8_IRQHandler
 .text.EDMA_1_CH9_IRQHandler
                0x00003dfc        0x8 ./startup/startup_mcxn947_cm33_core0.o
                0x00003dfc                EDMA_1_CH9_IRQHandler
 .text.EDMA_1_CH10_IRQHandler
                0x00003e04        0x8 ./startup/startup_mcxn947_cm33_core0.o
                0x00003e04                EDMA_1_CH10_IRQHandler
 .text.EDMA_1_CH11_IRQHandler
                0x00003e0c        0x8 ./startup/startup_mcxn947_cm33_core0.o
                0x00003e0c                EDMA_1_CH11_IRQHandler
 .text.EDMA_1_CH12_IRQHandler
                0x00003e14        0x8 ./startup/startup_mcxn947_cm33_core0.o
                0x00003e14                EDMA_1_CH12_IRQHandler
 .text.EDMA_1_CH13_IRQHandler
                0x00003e1c        0x8 ./startup/startup_mcxn947_cm33_core0.o
                0x00003e1c                EDMA_1_CH13_IRQHandler
 .text.EDMA_1_CH14_IRQHandler
                0x00003e24        0x8 ./startup/startup_mcxn947_cm33_core0.o
                0x00003e24                EDMA_1_CH14_IRQHandler
 .text.EDMA_1_CH15_IRQHandler
                0x00003e2c        0x8 ./startup/startup_mcxn947_cm33_core0.o
                0x00003e2c                EDMA_1_CH15_IRQHandler
 .text.CDOG0_IRQHandler
                0x00003e34        0x8 ./startup/startup_mcxn947_cm33_core0.o
                0x00003e34                CDOG0_IRQHandler
 .text.CDOG1_IRQHandler
                0x00003e3c        0x8 ./startup/startup_mcxn947_cm33_core0.o
                0x00003e3c                CDOG1_IRQHandler
 .text.I3C0_IRQHandler
                0x00003e44        0x8 ./startup/startup_mcxn947_cm33_core0.o
                0x00003e44                I3C0_IRQHandler
 .text.I3C1_IRQHandler
                0x00003e4c        0x8 ./startup/startup_mcxn947_cm33_core0.o
                0x00003e4c                I3C1_IRQHandler
 .text.NPU_IRQHandler
                0x00003e54        0x8 ./startup/startup_mcxn947_cm33_core0.o
                0x00003e54                NPU_IRQHandler
 .text.GDET_IRQHandler
                0x00003e5c        0x8 ./startup/startup_mcxn947_cm33_core0.o
                0x00003e5c                GDET_IRQHandler
 .text.VBAT0_IRQHandler
                0x00003e64        0x8 ./startup/startup_mcxn947_cm33_core0.o
                0x00003e64                VBAT0_IRQHandler
 .text.EWM0_IRQHandler
                0x00003e6c        0x8 ./startup/startup_mcxn947_cm33_core0.o
                0x00003e6c                EWM0_IRQHandler
 .text.TSI_END_OF_SCAN_IRQHandler
                0x00003e74        0x8 ./startup/startup_mcxn947_cm33_core0.o
                0x00003e74                TSI_END_OF_SCAN_IRQHandler
 .text.TSI_OUT_OF_SCAN_IRQHandler
                0x00003e7c        0x8 ./startup/startup_mcxn947_cm33_core0.o
                0x00003e7c                TSI_OUT_OF_SCAN_IRQHandler
 .text.EMVSIM0_IRQHandler
                0x00003e84        0x8 ./startup/startup_mcxn947_cm33_core0.o
                0x00003e84                EMVSIM0_IRQHandler
 .text.EMVSIM1_IRQHandler
                0x00003e8c        0x8 ./startup/startup_mcxn947_cm33_core0.o
                0x00003e8c                EMVSIM1_IRQHandler
 .text.FLEXIO_IRQHandler
                0x00003e94        0x8 ./startup/startup_mcxn947_cm33_core0.o
                0x00003e94                FLEXIO_IRQHandler
 .text.DAC0_IRQHandler
                0x00003e9c        0x8 ./startup/startup_mcxn947_cm33_core0.o
                0x00003e9c                DAC0_IRQHandler
 .text.DAC1_IRQHandler
                0x00003ea4        0x8 ./startup/startup_mcxn947_cm33_core0.o
                0x00003ea4                DAC1_IRQHandler
 .text.DAC2_IRQHandler
                0x00003eac        0x8 ./startup/startup_mcxn947_cm33_core0.o
                0x00003eac                DAC2_IRQHandler
 .text.HSCMP0_IRQHandler
                0x00003eb4        0x8 ./startup/startup_mcxn947_cm33_core0.o
                0x00003eb4                HSCMP0_IRQHandler
 .text.HSCMP1_IRQHandler
                0x00003ebc        0x8 ./startup/startup_mcxn947_cm33_core0.o
                0x00003ebc                HSCMP1_IRQHandler
 .text.HSCMP2_IRQHandler
                0x00003ec4        0x8 ./startup/startup_mcxn947_cm33_core0.o
                0x00003ec4                HSCMP2_IRQHandler
 .text.FLEXPWM0_RELOAD_ERROR_IRQHandler
                0x00003ecc        0x8 ./startup/startup_mcxn947_cm33_core0.o
                0x00003ecc                FLEXPWM0_RELOAD_ERROR_IRQHandler
 .text.FLEXPWM0_FAULT_IRQHandler
                0x00003ed4        0x8 ./startup/startup_mcxn947_cm33_core0.o
                0x00003ed4                FLEXPWM0_FAULT_IRQHandler
 .text.FLEXPWM0_SUBMODULE0_IRQHandler
                0x00003edc        0x8 ./startup/startup_mcxn947_cm33_core0.o
                0x00003edc                FLEXPWM0_SUBMODULE0_IRQHandler
 .text.FLEXPWM0_SUBMODULE1_IRQHandler
                0x00003ee4        0x8 ./startup/startup_mcxn947_cm33_core0.o
                0x00003ee4                FLEXPWM0_SUBMODULE1_IRQHandler
 .text.FLEXPWM0_SUBMODULE2_IRQHandler
                0x00003eec        0x8 ./startup/startup_mcxn947_cm33_core0.o
                0x00003eec                FLEXPWM0_SUBMODULE2_IRQHandler
 .text.FLEXPWM0_SUBMODULE3_IRQHandler
                0x00003ef4        0x8 ./startup/startup_mcxn947_cm33_core0.o
                0x00003ef4                FLEXPWM0_SUBMODULE3_IRQHandler
 .text.FLEXPWM1_RELOAD_ERROR_IRQHandler
                0x00003efc        0x8 ./startup/startup_mcxn947_cm33_core0.o
                0x00003efc                FLEXPWM1_RELOAD_ERROR_IRQHandler
 .text.FLEXPWM1_FAULT_IRQHandler
                0x00003f04        0x8 ./startup/startup_mcxn947_cm33_core0.o
                0x00003f04                FLEXPWM1_FAULT_IRQHandler
 .text.FLEXPWM1_SUBMODULE0_IRQHandler
                0x00003f0c        0x8 ./startup/startup_mcxn947_cm33_core0.o
                0x00003f0c                FLEXPWM1_SUBMODULE0_IRQHandler
 .text.FLEXPWM1_SUBMODULE1_IRQHandler
                0x00003f14        0x8 ./startup/startup_mcxn947_cm33_core0.o
                0x00003f14                FLEXPWM1_SUBMODULE1_IRQHandler
 .text.FLEXPWM1_SUBMODULE2_IRQHandler
                0x00003f1c        0x8 ./startup/startup_mcxn947_cm33_core0.o
                0x00003f1c                FLEXPWM1_SUBMODULE2_IRQHandler
 .text.FLEXPWM1_SUBMODULE3_IRQHandler
                0x00003f24        0x8 ./startup/startup_mcxn947_cm33_core0.o
                0x00003f24                FLEXPWM1_SUBMODULE3_IRQHandler
 .text.QDC0_COMPARE_IRQHandler
                0x00003f2c        0x8 ./startup/startup_mcxn947_cm33_core0.o
                0x00003f2c                QDC0_COMPARE_IRQHandler
 .text.QDC0_HOME_IRQHandler
                0x00003f34        0x8 ./startup/startup_mcxn947_cm33_core0.o
                0x00003f34                QDC0_HOME_IRQHandler
 .text.QDC0_WDG_SAB_IRQHandler
                0x00003f3c        0x8 ./startup/startup_mcxn947_cm33_core0.o
                0x00003f3c                QDC0_WDG_SAB_IRQHandler
 .text.QDC0_IDX_IRQHandler
                0x00003f44        0x8 ./startup/startup_mcxn947_cm33_core0.o
                0x00003f44                QDC0_IDX_IRQHandler
 .text.QDC1_COMPARE_IRQHandler
                0x00003f4c        0x8 ./startup/startup_mcxn947_cm33_core0.o
                0x00003f4c                QDC1_COMPARE_IRQHandler
 .text.QDC1_HOME_IRQHandler
                0x00003f54        0x8 ./startup/startup_mcxn947_cm33_core0.o
                0x00003f54                QDC1_HOME_IRQHandler
 .text.QDC1_WDG_SAB_IRQHandler
                0x00003f5c        0x8 ./startup/startup_mcxn947_cm33_core0.o
                0x00003f5c                QDC1_WDG_SAB_IRQHandler
 .text.QDC1_IDX_IRQHandler
                0x00003f64        0x8 ./startup/startup_mcxn947_cm33_core0.o
                0x00003f64                QDC1_IDX_IRQHandler
 .text.ITRC0_IRQHandler
                0x00003f6c        0x8 ./startup/startup_mcxn947_cm33_core0.o
                0x00003f6c                ITRC0_IRQHandler
 .text.BSP32_IRQHandler
                0x00003f74        0x8 ./startup/startup_mcxn947_cm33_core0.o
                0x00003f74                BSP32_IRQHandler
 .text.ELS_ERR_IRQHandler
                0x00003f7c        0x8 ./startup/startup_mcxn947_cm33_core0.o
                0x00003f7c                ELS_ERR_IRQHandler
 .text.PKC_ERR_IRQHandler
                0x00003f84        0x8 ./startup/startup_mcxn947_cm33_core0.o
                0x00003f84                PKC_ERR_IRQHandler
 .text.ERM_SINGLE_BIT_ERROR_IRQHandler
                0x00003f8c        0x8 ./startup/startup_mcxn947_cm33_core0.o
                0x00003f8c                ERM_SINGLE_BIT_ERROR_IRQHandler
 .text.ERM_MULTI_BIT_ERROR_IRQHandler
                0x00003f94        0x8 ./startup/startup_mcxn947_cm33_core0.o
                0x00003f94                ERM_MULTI_BIT_ERROR_IRQHandler
 .text.FMU0_IRQHandler
                0x00003f9c        0x8 ./startup/startup_mcxn947_cm33_core0.o
                0x00003f9c                FMU0_IRQHandler
 .text.ETHERNET_IRQHandler
                0x00003fa4        0x8 ./startup/startup_mcxn947_cm33_core0.o
                0x00003fa4                ETHERNET_IRQHandler
 .text.ETHERNET_PMT_IRQHandler
                0x00003fac        0x8 ./startup/startup_mcxn947_cm33_core0.o
                0x00003fac                ETHERNET_PMT_IRQHandler
 .text.ETHERNET_MACLP_IRQHandler
                0x00003fb4        0x8 ./startup/startup_mcxn947_cm33_core0.o
                0x00003fb4                ETHERNET_MACLP_IRQHandler
 .text.SINC_FILTER_IRQHandler
                0x00003fbc        0x8 ./startup/startup_mcxn947_cm33_core0.o
                0x00003fbc                SINC_FILTER_IRQHandler
 .text.LPTMR0_IRQHandler
                0x00003fc4        0x8 ./startup/startup_mcxn947_cm33_core0.o
                0x00003fc4                LPTMR0_IRQHandler
 .text.LPTMR1_IRQHandler
                0x00003fcc        0x8 ./startup/startup_mcxn947_cm33_core0.o
                0x00003fcc                LPTMR1_IRQHandler
 .text.SCG_IRQHandler
                0x00003fd4        0x8 ./startup/startup_mcxn947_cm33_core0.o
                0x00003fd4                SCG_IRQHandler
 .text.SPC_IRQHandler
                0x00003fdc        0x8 ./startup/startup_mcxn947_cm33_core0.o
                0x00003fdc                SPC_IRQHandler
 .text.WUU_IRQHandler
                0x00003fe4        0x8 ./startup/startup_mcxn947_cm33_core0.o
                0x00003fe4                WUU_IRQHandler
 .text.PORT_EFT_IRQHandler
                0x00003fec        0x8 ./startup/startup_mcxn947_cm33_core0.o
                0x00003fec                PORT_EFT_IRQHandler
 .text.ETB0_IRQHandler
                0x00003ff4        0x8 ./startup/startup_mcxn947_cm33_core0.o
                0x00003ff4                ETB0_IRQHandler
 .text.Reserved166_IRQHandler
                0x00003ffc        0x8 ./startup/startup_mcxn947_cm33_core0.o
                0x00003ffc                Reserved166_IRQHandler
 .text.Reserved167_IRQHandler
                0x00004004        0x8 ./startup/startup_mcxn947_cm33_core0.o
                0x00004004                Reserved167_IRQHandler
 .text.WWDT0_IRQHandler
                0x0000400c        0x8 ./startup/startup_mcxn947_cm33_core0.o
                0x0000400c                WWDT0_IRQHandler
 .text.WWDT1_IRQHandler
                0x00004014        0x8 ./startup/startup_mcxn947_cm33_core0.o
                0x00004014                WWDT1_IRQHandler
 .text.CMC0_IRQHandler
                0x0000401c        0x8 ./startup/startup_mcxn947_cm33_core0.o
                0x0000401c                CMC0_IRQHandler
 .text.CTI0_IRQHandler
                0x00004024        0x8 ./startup/startup_mcxn947_cm33_core0.o
                0x00004024                CTI0_IRQHandler
 .text.PWM_StartTimer
                0x0000402c       0x38 ./source/pwm.o
 .text.PWM_SetPwmLdok
                0x00004064       0x5e ./source/pwm.o
 .text.HardFault_Handler
                0x000040c2       0x36 ./source/semihost_hardfault.o
                0x000040c2                HardFault_Handler
 .text.CLOCK_GetPll0OutFreq
                0x000040f8       0x88 ./drivers/fsl_clock.o
                0x000040f8                CLOCK_GetPll0OutFreq
 .text.CLOCK_GetPll1OutFreq
                0x00004180       0x82 ./drivers/fsl_clock.o
                0x00004180                CLOCK_GetPll1OutFreq
 .text.CLOCK_GetCoreSysClkFreq
                0x00004202       0x2c ./drivers/fsl_clock.o
                0x00004202                CLOCK_GetCoreSysClkFreq
 .text.CLOCK_GetSystickClkFreq
                0x0000422e       0x74 ./drivers/fsl_clock.o
 .text.DelayLoop
                0x000042a2       0x20 ./drivers/fsl_common_arm.o
 .text.CLOCK_EnableClock
                0x000042c2       0x8c ./drivers/fsl_lpflexcomm.o
 .text.LP_FLEXCOMM_PeripheralIsPresent
                0x0000434e       0x52 ./drivers/fsl_lpflexcomm.o
 .text.LP_FLEXCOMM0_DriverIRQHandler
                0x000043a0        0xe ./drivers/fsl_lpflexcomm.o
                0x000043a0                LP_FLEXCOMM0_DriverIRQHandler
 .text.LP_FLEXCOMM1_DriverIRQHandler
                0x000043ae        0xe ./drivers/fsl_lpflexcomm.o
                0x000043ae                LP_FLEXCOMM1_DriverIRQHandler
 .text.LP_FLEXCOMM2_DriverIRQHandler
                0x000043bc        0xe ./drivers/fsl_lpflexcomm.o
                0x000043bc                LP_FLEXCOMM2_DriverIRQHandler
 .text.LP_FLEXCOMM3_DriverIRQHandler
                0x000043ca        0xe ./drivers/fsl_lpflexcomm.o
                0x000043ca                LP_FLEXCOMM3_DriverIRQHandler
 .text.LP_FLEXCOMM4_DriverIRQHandler
                0x000043d8        0xe ./drivers/fsl_lpflexcomm.o
                0x000043d8                LP_FLEXCOMM4_DriverIRQHandler
 .text.LP_FLEXCOMM5_DriverIRQHandler
                0x000043e6        0xe ./drivers/fsl_lpflexcomm.o
                0x000043e6                LP_FLEXCOMM5_DriverIRQHandler
 .text.LP_FLEXCOMM6_DriverIRQHandler
                0x000043f4        0xe ./drivers/fsl_lpflexcomm.o
                0x000043f4                LP_FLEXCOMM6_DriverIRQHandler
 .text.LP_FLEXCOMM7_DriverIRQHandler
                0x00004402        0xe ./drivers/fsl_lpflexcomm.o
                0x00004402                LP_FLEXCOMM7_DriverIRQHandler
 .text.LP_FLEXCOMM8_DriverIRQHandler
                0x00004410        0xe ./drivers/fsl_lpflexcomm.o
                0x00004410                LP_FLEXCOMM8_DriverIRQHandler
 .text.LP_FLEXCOMM9_DriverIRQHandler
                0x0000441e        0xe ./drivers/fsl_lpflexcomm.o
                0x0000441e                LP_FLEXCOMM9_DriverIRQHandler
 .text.LPUART_SoftwareReset
                0x0000442c       0x2c ./drivers/fsl_lpuart.o
 .text.CLOCK_EnableClock
                0x00004458       0x8c ./drivers/fsl_pwm.o
 .text.PWM_GetComplementU16
                0x000044e4       0x1c ./drivers/fsl_pwm.o
 .text.SPC_GetActiveModeBandgapMode
                0x00004500       0x22 ./drivers/fsl_spc.o
 .text.SPC_GetActiveModeVoltageDetectStatus
                0x00004522       0x22 ./drivers/fsl_spc.o
 .text.SPC_GetActiveModeCoreLDOVDDVoltageLevel
                0x00004544       0x22 ./drivers/fsl_spc.o
 .text.SPC_GetActiveModeCoreLDODriveStrength
                0x00004566       0x22 ./drivers/fsl_spc.o
 .text.SPC_SetActiveModeDCDCRegulatorVoltageLevel
                0x00004588       0x32 ./drivers/fsl_spc.o
 .text.SPC_SetActiveModeCoreLDORegulatorVoltageLevel
                0x000045ba       0x60 ./drivers/fsl_spc.o
                0x000045ba                SPC_SetActiveModeCoreLDORegulatorVoltageLevel
 .text.SPC_SetActiveModeCoreLDORegulatorDriveStrength
                0x0000461a       0x5e ./drivers/fsl_spc.o
                0x0000461a                SPC_SetActiveModeCoreLDORegulatorDriveStrength
 .text.SPC_SetActiveModeDCDCRegulatorDriveStrength
                0x00004678       0x48 ./drivers/fsl_spc.o
                0x00004678                SPC_SetActiveModeDCDCRegulatorDriveStrength
 .text.SystemInitHook
                0x000046c0        0xe ./device/system_MCXN947_cm33_core0.o
                0x000046c0                SystemInitHook
 .text.HAL_UartGetStatus
                0x000046ce       0x28 ./component/uart/fsl_adapter_lpuart.o
 .text.CLOCK_EnableClock
                0x000046f6       0x8c ./board/clock_config.o
 .text.BOARD_InitBootClocks
                0x00004782        0xc ./board/clock_config.o
                0x00004782                BOARD_InitBootClocks
 .text.BOARD_InitHardware
                0x0000478e       0x3a ./board/hardware_init.o
                0x0000478e                BOARD_InitHardware
 .text.CLOCK_EnableClock
                0x000047c8       0x8c ./board/pin_mux.o
 .text.__main   0x00004854        0xe C:/nxp/MCUXpressoIDE_24.12.148/ide/plugins/com.nxp.mcuxpresso.tools.win32_24.12.0.202407110909/tools/bin/../lib/gcc/arm-none-eabi/13.2.1/../../../../arm-none-eabi/lib/thumb/v8-m.main+fp/hard\libcr_nohost_nf.a(_cr__main.o)
                0x00004854                __main
 .text.memset   0x00004862        0x4 C:/nxp/MCUXpressoIDE_24.12.148/ide/plugins/com.nxp.mcuxpresso.tools.win32_24.12.0.202407110909/tools/bin/../lib/gcc/arm-none-eabi/13.2.1/../../../../arm-none-eabi/lib/thumb/v8-m.main+fp/hard\libcr_c.a(memset.o)
                0x00004862                memset
 .text.free     0x00004866       0x30 C:/nxp/MCUXpressoIDE_24.12.148/ide/plugins/com.nxp.mcuxpresso.tools.win32_24.12.0.202407110909/tools/bin/../lib/gcc/arm-none-eabi/13.2.1/../../../../arm-none-eabi/lib/thumb/v8-m.main+fp/hard\libcr_c.a(alloc.o)
                0x00004866                free
 .text.setvbuf  0x00004896       0x3e C:/nxp/MCUXpressoIDE_24.12.148/ide/plugins/com.nxp.mcuxpresso.tools.win32_24.12.0.202407110909/tools/bin/../lib/gcc/arm-none-eabi/13.2.1/../../../../arm-none-eabi/lib/thumb/v8-m.main+fp/hard\libcr_c.a(setvbuf.o)
                0x00004896                setvbuf
 .text.strlen   0x000048d4       0x4e C:/nxp/MCUXpressoIDE_24.12.148/ide/plugins/com.nxp.mcuxpresso.tools.win32_24.12.0.202407110909/tools/bin/../lib/gcc/arm-none-eabi/13.2.1/../../../../arm-none-eabi/lib/thumb/v8-m.main+fp/hard\libcr_c.a(strlen.o)
                0x000048d4                strlen
 .text._deferredlazyseek
                0x00004922       0x40 C:/nxp/MCUXpressoIDE_24.12.148/ide/plugins/com.nxp.mcuxpresso.tools.win32_24.12.0.202407110909/tools/bin/../lib/gcc/arm-none-eabi/13.2.1/../../../../arm-none-eabi/lib/thumb/v8-m.main+fp/hard\libcr_c.a(_deferredlazyseek.o)
                0x00004922                _deferredlazyseek
 .text._fdopen  0x00004962       0x68 C:/nxp/MCUXpressoIDE_24.12.148/ide/plugins/com.nxp.mcuxpresso.tools.win32_24.12.0.202407110909/tools/bin/../lib/gcc/arm-none-eabi/13.2.1/../../../../arm-none-eabi/lib/thumb/v8-m.main+fp/hard\libcr_c.a(_fdopen.o)
                0x00004962                _fdopen
 .text._fflush  0x000049ca       0x52 C:/nxp/MCUXpressoIDE_24.12.148/ide/plugins/com.nxp.mcuxpresso.tools.win32_24.12.0.202407110909/tools/bin/../lib/gcc/arm-none-eabi/13.2.1/../../../../arm-none-eabi/lib/thumb/v8-m.main+fp/hard\libcr_c.a(_fflush.o)
                0x000049ca                _fflush
 .text.fclose   0x00004a1c       0x58 C:/nxp/MCUXpressoIDE_24.12.148/ide/plugins/com.nxp.mcuxpresso.tools.win32_24.12.0.202407110909/tools/bin/../lib/gcc/arm-none-eabi/13.2.1/../../../../arm-none-eabi/lib/thumb/v8-m.main+fp/hard\libcr_c.a(fclose.o)
                0x00004a1c                fclose
 .text.remove   0x00004a74       0x14 C:/nxp/MCUXpressoIDE_24.12.148/ide/plugins/com.nxp.mcuxpresso.tools.win32_24.12.0.202407110909/tools/bin/../lib/gcc/arm-none-eabi/13.2.1/../../../../arm-none-eabi/lib/thumb/v8-m.main+fp/hard\libcr_c.a(remove.o)
                0x00004a74                remove
 .text._do_fflush
                0x00004a88       0x40 C:/nxp/MCUXpressoIDE_24.12.148/ide/plugins/com.nxp.mcuxpresso.tools.win32_24.12.0.202407110909/tools/bin/../lib/gcc/arm-none-eabi/13.2.1/../../../../arm-none-eabi/lib/thumb/v8-m.main+fp/hard\libcr_c.a(_do_fflush.o)
                0x00004a88                _do_fflush
 .text.__aeabi_division_uldivmod
                0x00004ac8      0x174 C:/nxp/MCUXpressoIDE_24.12.148/ide/plugins/com.nxp.mcuxpresso.tools.win32_24.12.0.202407110909/tools/bin/../lib/gcc/arm-none-eabi/13.2.1/thumb/v8-m.main+fp/hard\libcr_eabihelpers.a(division_64.o)
                0x00004ac8                __aeabi_uldivmod
                0x00004acc                __bhs_ldivmod1
 .text.__aeabi_division_idiv0
                0x00004c3c        0x2 C:/nxp/MCUXpressoIDE_24.12.148/ide/plugins/com.nxp.mcuxpresso.tools.win32_24.12.0.202407110909/tools/bin/../lib/gcc/arm-none-eabi/13.2.1/thumb/v8-m.main+fp/hard\libcr_eabihelpers.a(division_idiv0.o)
                0x00004c3c                __aeabi_idiv0
 .text.__aeabi_f2ulz
                0x00004c3e       0x3e C:/nxp/MCUXpressoIDE_24.12.148/ide/plugins/com.nxp.mcuxpresso.tools.win32_24.12.0.202407110909/tools/bin/../lib/gcc/arm-none-eabi/13.2.1/thumb/v8-m.main+fp/hard\libcr_eabihelpers.a(float.o)
                0x00004c3e                __aeabi_f2ulz
 .text.__aeabi_memset_lowlevel
                0x00004c7c       0x32 C:/nxp/MCUXpressoIDE_24.12.148/ide/plugins/com.nxp.mcuxpresso.tools.win32_24.12.0.202407110909/tools/bin/../lib/gcc/arm-none-eabi/13.2.1/thumb/v8-m.main+fp/hard\libcr_eabihelpers.a(memcpy.o)
                0x00004c7c                __aeabi_lowlevel_memset
 .text.__sys_close
                0x00004cae        0x6 C:/nxp/MCUXpressoIDE_24.12.148/ide/plugins/com.nxp.mcuxpresso.tools.win32_24.12.0.202407110909/tools/bin/../lib/gcc/arm-none-eabi/13.2.1/../../../../arm-none-eabi/lib/thumb/v8-m.main+fp/hard\libcr_nohost_nf.a(__sys_close.o)
                0x00004cae                __sys_close
 .text.__sys_flen
                0x00004cb4        0x6 C:/nxp/MCUXpressoIDE_24.12.148/ide/plugins/com.nxp.mcuxpresso.tools.win32_24.12.0.202407110909/tools/bin/../lib/gcc/arm-none-eabi/13.2.1/../../../../arm-none-eabi/lib/thumb/v8-m.main+fp/hard\libcr_nohost_nf.a(__sys_flen.o)
                0x00004cb4                __sys_flen
 .text.__sys_istty
                0x00004cba        0x6 C:/nxp/MCUXpressoIDE_24.12.148/ide/plugins/com.nxp.mcuxpresso.tools.win32_24.12.0.202407110909/tools/bin/../lib/gcc/arm-none-eabi/13.2.1/../../../../arm-none-eabi/lib/thumb/v8-m.main+fp/hard\libcr_nohost_nf.a(__sys_istty.o)
                0x00004cba                __sys_istty
 .text.__sys_remove
                0x00004cc0        0x6 C:/nxp/MCUXpressoIDE_24.12.148/ide/plugins/com.nxp.mcuxpresso.tools.win32_24.12.0.202407110909/tools/bin/../lib/gcc/arm-none-eabi/13.2.1/../../../../arm-none-eabi/lib/thumb/v8-m.main+fp/hard\libcr_nohost_nf.a(__sys_remove.o)
                0x00004cc0                __sys_remove
 .text.__sys_seek
                0x00004cc6        0x6 C:/nxp/MCUXpressoIDE_24.12.148/ide/plugins/com.nxp.mcuxpresso.tools.win32_24.12.0.202407110909/tools/bin/../lib/gcc/arm-none-eabi/13.2.1/../../../../arm-none-eabi/lib/thumb/v8-m.main+fp/hard\libcr_nohost_nf.a(__sys_seek.o)
                0x00004cc6                __sys_seek
 .text.__sys_tmpnam
                0x00004ccc        0x6 C:/nxp/MCUXpressoIDE_24.12.148/ide/plugins/com.nxp.mcuxpresso.tools.win32_24.12.0.202407110909/tools/bin/../lib/gcc/arm-none-eabi/13.2.1/../../../../arm-none-eabi/lib/thumb/v8-m.main+fp/hard\libcr_nohost_nf.a(__sys_tmpnam.o)
                0x00004ccc                __sys_tmpnam
 .text.__sys_write
                0x00004cd2        0x4 C:/nxp/MCUXpressoIDE_24.12.148/ide/plugins/com.nxp.mcuxpresso.tools.win32_24.12.0.202407110909/tools/bin/../lib/gcc/arm-none-eabi/13.2.1/../../../../arm-none-eabi/lib/thumb/v8-m.main+fp/hard\libcr_nohost_nf.a(__sys_write.o)
                0x00004cd2                __sys_write
 *(SORT_BY_ALIGNMENT(.rodata) SORT_BY_ALIGNMENT(.rodata.*) SORT_BY_ALIGNMENT(.constdata) SORT_BY_ALIGNMENT(.constdata.*))
 *fill*         0x00004cd6        0x2 ff
 .rodata.__assertion_failed.str1.4
                0x00004cd8      0x7be ./utilities/fsl_assert.o
                                 0x14 (size before relaxing)
 .rodata.PWM_SetupFaultDisableMap.str1.4
                0x00005496       0x59 ./source/pwm.o
 .rodata.main.str1.4
                0x00005496       0x33 ./source/pwm.o
 .rodata.SDK_DelayAtLeastUs.str1.4
                0x00005496       0x2b ./drivers/fsl_common_arm.o
 *fill*         0x00005496        0x2 ff
 .rodata.s_lpflexcommBase
                0x00005498       0x28 ./drivers/fsl_lpflexcomm.o
 .rodata.s_lpflexcommClocks
                0x000054c0       0x14 ./drivers/fsl_lpflexcomm.o
 .rodata.s_lpflexcommResets
                0x000054d4       0x28 ./drivers/fsl_lpflexcomm.o
 .rodata.LP_FLEXCOMM_SetPeriph.str1.4
                0x000054fc       0x43 ./drivers/fsl_lpflexcomm.o
 .rodata.LP_FLEXCOMM_Init.str1.4
                0x000054fc       0x49 ./drivers/fsl_lpflexcomm.o
 .rodata.s_lpuartBases
                0x000054fc       0x28 ./drivers/fsl_lpuart.o
 .rodata.LPUART_GetInstance.str1.4
                0x00005524       0x38 ./drivers/fsl_lpuart.o
 .rodata.LPUART_Init.str1.4
                0x00005524      0x10a ./drivers/fsl_lpuart.o
 .rodata.LPUART_GetDefaultConfig.str1.4
                0x00005524       0x22 ./drivers/fsl_lpuart.o
 .rodata.LPUART_WriteBlocking.str1.4
                0x00005524       0x21 ./drivers/fsl_lpuart.o
 .rodata.LPUART_ReadBlocking.str1.4
                0x00005524       0x21 ./drivers/fsl_lpuart.o
 .rodata.s_pwmBases
                0x00005524        0x8 ./drivers/fsl_pwm.o
 .rodata.s_pwmClocks
                0x0000552c       0x10 ./drivers/fsl_pwm.o
 .rodata.PWM_GetInstance.str1.4
                0x0000553c       0x31 ./drivers/fsl_pwm.o
 .rodata.PWM_SetPeriodRegister.str1.4
                0x0000553c       0x16 ./drivers/fsl_pwm.o
 .rodata.PWM_SetDutycycleRegister.str1.4
                0x0000553c       0x16 ./drivers/fsl_pwm.o
 .rodata.PWM_Init.str1.4
                0x0000553c       0x46 ./drivers/fsl_pwm.o
 .rodata.PWM_GetDefaultConfig.str1.4
                0x0000553c       0x17 ./drivers/fsl_pwm.o
 .rodata.PWM_SetupPwm.str1.4
                0x0000553c       0x86 ./drivers/fsl_pwm.o
 .rodata.PWM_UpdatePwmDutycycle.str1.4
                0x0000553c       0x29 ./drivers/fsl_pwm.o
 .rodata.PWM_SetupFaults.str1.4
                0x0000553c       0x33 ./drivers/fsl_pwm.o
 .rodata.PWM_FaultDefaultConfig.str1.4
                0x0000553c       0x18 ./drivers/fsl_pwm.o
 .rodata.RESET_ClearPeripheralReset.str1.4
                0x0000553c       0x1e ./drivers/fsl_reset.o
 .rodata.SPC_SetSRAMOperateVoltage.str1.4
                0x0000553c       0x1f ./drivers/fsl_spc.o
 .rodata.SPC_SetActiveModeCoreLDORegulatorConfig.str1.4
                0x0000553c       0x1f ./drivers/fsl_spc.o
 .rodata.SPC_SetActiveModeDCDCRegulatorConfig.str1.4
                0x0000553c       0x20 ./drivers/fsl_spc.o
 .rodata.s_LpuartAdapterBase
                0x0000553c       0x28 ./component/uart/fsl_adapter_lpuart.o
 .rodata.HAL_UartInit.str1.4
                0x00005564      0x116 ./component/uart/fsl_adapter_lpuart.o
 .rodata.HAL_UartReceiveBlocking.str1.4
                0x00005564       0x7b ./component/uart/fsl_adapter_lpuart.o
 .rodata.HAL_UartSendBlocking.str1.4
                0x00005564       0x7b ./component/uart/fsl_adapter_lpuart.o
 .rodata        0x00005564       0x22 ./board/clock_config.o
 .rodata.PORT_SetPinConfig.str1.4
                0x00005586       0x5a ./board/pin_mux.o
 *fill*         0x00005586        0x2 ff
 .rodata.__num_Ciob_streams
                0x00005588        0x4 C:/nxp/MCUXpressoIDE_24.12.148/ide/plugins/com.nxp.mcuxpresso.tools.win32_24.12.0.202407110909/tools/bin/../lib/gcc/arm-none-eabi/13.2.1/../../../../arm-none-eabi/lib/thumb/v8-m.main+fp/hard\libcr_nohost_nf.a(__ciob.o)
                0x00005588                __num_Ciob_streams
 .rodata._initio.str1.1
                0x0000558c        0x4 C:/nxp/MCUXpressoIDE_24.12.148/ide/plugins/com.nxp.mcuxpresso.tools.win32_24.12.0.202407110909/tools/bin/../lib/gcc/arm-none-eabi/13.2.1/../../../../arm-none-eabi/lib/thumb/v8-m.main+fp/hard\libcr_c.a(initio.o)
                0x00005590                        . = ALIGN (0x4)

.glue_7         0x00005590        0x0
 .glue_7        0x00005590        0x0 linker stubs

.glue_7t        0x00005590        0x0
 .glue_7t       0x00005590        0x0 linker stubs

.vfp11_veneer   0x00005590        0x0
 .vfp11_veneer  0x00005590        0x0 linker stubs

.v4_bx          0x00005590        0x0
 .v4_bx         0x00005590        0x0 linker stubs

.iplt           0x00005590        0x0
 .iplt          0x00005590        0x0 ./utilities/debug_console_lite/fsl_debug_console.o

.rel.dyn        0x00005590        0x0
 .rel.iplt      0x00005590        0x0 ./utilities/debug_console_lite/fsl_debug_console.o

.ARM.extab
 *(SORT_BY_ALIGNMENT(.ARM.extab*) SORT_BY_ALIGNMENT(.gnu.linkonce.armextab.*))

.ARM.exidx      0x00005590        0x0
                0x00005590                        __exidx_start = .
 *(SORT_BY_ALIGNMENT(.ARM.exidx*) SORT_BY_ALIGNMENT(.gnu.linkonce.armexidx.*))
                0x00005590                        __exidx_end = .
                0x00005590                        _etext = .

.m_usb_data
 *(SORT_BY_ALIGNMENT(m_usb_global))

.data_RAM2      0x04000000        0x0 load address 0x00005590
 FILL mask 0xff
                [!provide]                        PROVIDE (__start_data_RAM2 = .)
                [!provide]                        PROVIDE (__start_data_SRAMX = .)
 *(SORT_BY_ALIGNMENT(.ramfunc.$RAM2))
 *(SORT_BY_ALIGNMENT(.ramfunc.$SRAMX))
 *(SORT_BY_ALIGNMENT(.data.$RAM2))
 *(SORT_BY_ALIGNMENT(.data.$SRAMX))
 *(SORT_BY_ALIGNMENT(.data.$RAM2.*))
 *(SORT_BY_ALIGNMENT(.data.$SRAMX.*))
                0x04000000                        . = ALIGN (0x4)
                [!provide]                        PROVIDE (__end_data_RAM2 = .)
                [!provide]                        PROVIDE (__end_data_SRAMX = .)

.data_RAM3      0x20060000        0x0 load address 0x00005590
 FILL mask 0xff
                [!provide]                        PROVIDE (__start_data_RAM3 = .)
                [!provide]                        PROVIDE (__start_data_SRAMH = .)
 *(SORT_BY_ALIGNMENT(.ramfunc.$RAM3))
 *(SORT_BY_ALIGNMENT(.ramfunc.$SRAMH))
 *(SORT_BY_ALIGNMENT(.data.$RAM3))
 *(SORT_BY_ALIGNMENT(.data.$SRAMH))
 *(SORT_BY_ALIGNMENT(.data.$RAM3.*))
 *(SORT_BY_ALIGNMENT(.data.$SRAMH.*))
                0x20060000                        . = ALIGN (0x4)
                [!provide]                        PROVIDE (__end_data_RAM3 = .)
                [!provide]                        PROVIDE (__end_data_SRAMH = .)

.data_RAM4      0x400ba000        0x0 load address 0x00005590
 FILL mask 0xff
                [!provide]                        PROVIDE (__start_data_RAM4 = .)
                [!provide]                        PROVIDE (__start_data_USB_RAM = .)
 *(SORT_BY_ALIGNMENT(.ramfunc.$RAM4))
 *(SORT_BY_ALIGNMENT(.ramfunc.$USB_RAM))
 *(SORT_BY_ALIGNMENT(.data.$RAM4))
 *(SORT_BY_ALIGNMENT(.data.$USB_RAM))
 *(SORT_BY_ALIGNMENT(.data.$RAM4.*))
 *(SORT_BY_ALIGNMENT(.data.$USB_RAM.*))
                0x400ba000                        . = ALIGN (0x4)
                [!provide]                        PROVIDE (__end_data_RAM4 = .)
                [!provide]                        PROVIDE (__end_data_USB_RAM = .)

.uninit_RESERVED
                0x20000000        0x0
                0x20000000                        _start_uninit_RESERVED = .
 *(SORT_BY_ALIGNMENT(.bss.$RESERVED*))
                0x20000000                        . = ALIGN (0x4)
                0x20000000                        _end_uninit_RESERVED = .

.data           0x20000000        0xc load address 0x00005590
 FILL mask 0xff
                0x20000000                        _data = .
                [!provide]                        PROVIDE (__start_data_RAM = .)
                [!provide]                        PROVIDE (__start_data_SRAM = .)
 *(SORT_BY_ALIGNMENT(vtable))
 *(SORT_BY_ALIGNMENT(.ramfunc*))
 *(SORT_BY_ALIGNMENT(CodeQuickAccess))
 *(SORT_BY_ALIGNMENT(DataQuickAccess))
 *(SORT_BY_ALIGNMENT(RamFunction))
 *(SORT_BY_ALIGNMENT(.data*))
 .data.s_Ext_Clk_Freq
                0x20000000        0x4 ./drivers/fsl_clock.o
 .data.s_Xtal32_Freq
                0x20000004        0x4 ./drivers/fsl_clock.o
 .data.SystemCoreClock
                0x20000008        0x4 ./device/system_MCXN947_cm33_core0.o
                0x20000008                SystemCoreClock
                0x2000000c                        . = ALIGN (0x4)
                0x2000000c                        _edata = .
                [!provide]                        PROVIDE (__end_data_RAM = .)
                [!provide]                        PROVIDE (__end_data_SRAM = .)

.igot.plt       0x2000000c        0x0 load address 0x0000559c
 .igot.plt      0x2000000c        0x0 ./utilities/debug_console_lite/fsl_debug_console.o

.bss_RAM2       0x04000000        0x0
                [!provide]                        PROVIDE (__start_bss_RAM2 = .)
                [!provide]                        PROVIDE (__start_bss_SRAMX = .)
 *(SORT_BY_ALIGNMENT(.bss.$RAM2))
 *(SORT_BY_ALIGNMENT(.bss.$SRAMX))
 *(SORT_BY_ALIGNMENT(.bss.$RAM2.*))
 *(SORT_BY_ALIGNMENT(.bss.$SRAMX.*))
                0x04000000                        . = ALIGN ((. != 0x0)?0x4:0x1)
                [!provide]                        PROVIDE (__end_bss_RAM2 = .)
                [!provide]                        PROVIDE (__end_bss_SRAMX = .)

.bss_RAM3       0x20060000        0x0
                [!provide]                        PROVIDE (__start_bss_RAM3 = .)
                [!provide]                        PROVIDE (__start_bss_SRAMH = .)
 *(SORT_BY_ALIGNMENT(.bss.$RAM3))
 *(SORT_BY_ALIGNMENT(.bss.$SRAMH))
 *(SORT_BY_ALIGNMENT(.bss.$RAM3.*))
 *(SORT_BY_ALIGNMENT(.bss.$SRAMH.*))
                0x20060000                        . = ALIGN ((. != 0x0)?0x4:0x1)
                [!provide]                        PROVIDE (__end_bss_RAM3 = .)
                [!provide]                        PROVIDE (__end_bss_SRAMH = .)

.bss_RAM4       0x400ba000        0x0
                [!provide]                        PROVIDE (__start_bss_RAM4 = .)
                [!provide]                        PROVIDE (__start_bss_USB_RAM = .)
 *(SORT_BY_ALIGNMENT(.bss.$RAM4))
 *(SORT_BY_ALIGNMENT(.bss.$USB_RAM))
 *(SORT_BY_ALIGNMENT(.bss.$RAM4.*))
 *(SORT_BY_ALIGNMENT(.bss.$USB_RAM.*))
                0x400ba000                        . = ALIGN ((. != 0x0)?0x4:0x1)
                [!provide]                        PROVIDE (__end_bss_RAM4 = .)
                [!provide]                        PROVIDE (__end_bss_USB_RAM = .)

.bss            0x2000000c      0x218
                0x2000000c                        _bss = .
                [!provide]                        PROVIDE (__start_bss_RAM = .)
                [!provide]                        PROVIDE (__start_bss_SRAM = .)
 *(SORT_BY_ALIGNMENT(.bss*))
 .bss.s_debugConsole
                0x2000000c       0x14 ./utilities/debug_console_lite/fsl_debug_console.o
 .bss.s_lpflexcommIrqHandler
                0x20000020       0xa0 ./drivers/fsl_lpflexcomm.o
 .bss.s_lpflexcommHandle
                0x200000c0       0xa0 ./drivers/fsl_lpflexcomm.o
 .bss.s_pwmGetPwmDutyCycle
                0x20000160        0xc ./drivers/fsl_pwm.o
 .bss.errno     0x2000016c        0x4 C:/nxp/MCUXpressoIDE_24.12.148/ide/plugins/com.nxp.mcuxpresso.tools.win32_24.12.0.202407110909/tools/bin/../lib/gcc/arm-none-eabi/13.2.1/../../../../arm-none-eabi/lib/thumb/v8-m.main+fp/hard\libcr_c.a(errno.o)
                0x2000016c                errno
 .bss.__Ciob    0x20000170       0xb4 C:/nxp/MCUXpressoIDE_24.12.148/ide/plugins/com.nxp.mcuxpresso.tools.win32_24.12.0.202407110909/tools/bin/../lib/gcc/arm-none-eabi/13.2.1/../../../../arm-none-eabi/lib/thumb/v8-m.main+fp/hard\libcr_nohost_nf.a(__ciob.o)
                0x20000170                __Ciob
 *(SORT_BY_ALIGNMENT(COMMON))
                0x20000224                        . = ALIGN (0x4)
                0x20000224                        _ebss = .
                [!provide]                        PROVIDE (__end_bss_RAM = .)
                [!provide]                        PROVIDE (__end_bss_SRAM = .)
                [!provide]                        PROVIDE (end = .)

.noinit_RAM2    0x04000000        0x0
                [!provide]                        PROVIDE (__start_noinit_RAM2 = .)
                [!provide]                        PROVIDE (__start_noinit_SRAMX = .)
 *(SORT_BY_ALIGNMENT(.noinit.$RAM2))
 *(SORT_BY_ALIGNMENT(.noinit.$SRAMX))
 *(SORT_BY_ALIGNMENT(.noinit.$RAM2.*))
 *(SORT_BY_ALIGNMENT(.noinit.$SRAMX.*))
                0x04000000                        . = ALIGN (0x4)
                [!provide]                        PROVIDE (__end_noinit_RAM2 = .)
                [!provide]                        PROVIDE (__end_noinit_SRAMX = .)

.noinit_RAM3    0x20060000        0x0
                [!provide]                        PROVIDE (__start_noinit_RAM3 = .)
                [!provide]                        PROVIDE (__start_noinit_SRAMH = .)
 *(SORT_BY_ALIGNMENT(.noinit.$RAM3))
 *(SORT_BY_ALIGNMENT(.noinit.$SRAMH))
 *(SORT_BY_ALIGNMENT(.noinit.$RAM3.*))
 *(SORT_BY_ALIGNMENT(.noinit.$SRAMH.*))
                0x20060000                        . = ALIGN (0x4)
                [!provide]                        PROVIDE (__end_noinit_RAM3 = .)
                [!provide]                        PROVIDE (__end_noinit_SRAMH = .)

.noinit_RAM4    0x400ba000        0x0
                [!provide]                        PROVIDE (__start_noinit_RAM4 = .)
                [!provide]                        PROVIDE (__start_noinit_USB_RAM = .)
 *(SORT_BY_ALIGNMENT(.noinit.$RAM4))
 *(SORT_BY_ALIGNMENT(.noinit.$USB_RAM))
 *(SORT_BY_ALIGNMENT(.noinit.$RAM4.*))
 *(SORT_BY_ALIGNMENT(.noinit.$USB_RAM.*))
                0x400ba000                        . = ALIGN (0x4)
                [!provide]                        PROVIDE (__end_noinit_RAM4 = .)
                [!provide]                        PROVIDE (__end_noinit_USB_RAM = .)

.noinit         0x20000224        0x0
                0x20000224                        _noinit = .
                [!provide]                        PROVIDE (__start_noinit_RAM = .)
                [!provide]                        PROVIDE (__start_noinit_SRAM = .)
 *(SORT_BY_ALIGNMENT(.noinit*))
                0x20000224                        . = ALIGN (0x4)
                0x20000224                        _end_noinit = .
                [!provide]                        PROVIDE (__end_noinit_RAM = .)
                [!provide]                        PROVIDE (__end_noinit_SRAM = .)
                0x00001000                        _HeapSize = 0x1000

.heap           0x20000224     0x1000
                0x20000224                        _pvHeapStart = .
                0x20001224                        . = (. + _HeapSize)
 *fill*         0x20000224     0x1000 
                0x20001224                        . = ALIGN (0x4)
                0x20001224                        _pvHeapLimit = .
                0x00001000                        _StackSize = 0x1000

.heap2stackfill
                0x20001224     0x1000
                0x20002224                        . = (. + _StackSize)
 *fill*         0x20001224     0x1000 

.stack          0x2005f000        0x0
                0x2005f000                        _vStackBase = .
                0x2005f000                        . = ALIGN (0x4)
                0x20060000                        _vStackTop = (. + _StackSize)
                0x00000000                        _image_start = LOADADDR (.text)
                0x0000559c                        _image_end = (LOADADDR (.data) + SIZEOF (.data))
                0x0000559c                        _image_size = (_image_end - _image_start)
OUTPUT(frdmmcxn947_pwm_cm33_core0.axf elf32-littlearm)
LOAD linker stubs

.debug_info     0x00000000    0x1fe59
 .debug_info    0x00000000      0xd06 ./utilities/debug_console_lite/fsl_debug_console.o
 .debug_info    0x00000d06      0x12e ./utilities/fsl_assert.o
 .debug_info    0x00000e34       0x24 ./utilities/fsl_memcpy.o
 .debug_info    0x00000e58     0x14b6 ./startup/startup_mcxn947_cm33_core0.o
 .debug_info    0x0000230e      0xdd7 ./source/pwm.o
 .debug_info    0x000030e5       0x3c ./source/semihost_hardfault.o
 .debug_info    0x00003121     0x51aa ./drivers/fsl_clock.o
 .debug_info    0x000082cb      0x38b ./drivers/fsl_common_arm.o
 .debug_info    0x00008656     0x232c ./drivers/fsl_lpflexcomm.o
 .debug_info    0x0000a982     0x23ef ./drivers/fsl_lpuart.o
 .debug_info    0x0000cd71     0x2b8c ./drivers/fsl_pwm.o
 .debug_info    0x0000f8fd     0x129f ./drivers/fsl_reset.o
 .debug_info    0x00010b9c     0x1a73 ./drivers/fsl_spc.o
 .debug_info    0x0001260f     0x1917 ./device/system_MCXN947_cm33_core0.o
 .debug_info    0x00013f26      0xe5f ./component/uart/fsl_adapter_lpuart.o
 .debug_info    0x00014d85     0x12da ./board/board.o
 .debug_info    0x0001605f     0x2765 ./board/clock_config.o
 .debug_info    0x000187c4     0x1ae3 ./board/hardware_init.o
 .debug_info    0x0001a2a7     0x1735 ./board/pin_mux.o
 .debug_info    0x0001b9dc       0x85 C:/nxp/MCUXpressoIDE_24.12.148/ide/plugins/com.nxp.mcuxpresso.tools.win32_24.12.0.202407110909/tools/bin/../lib/gcc/arm-none-eabi/13.2.1/../../../../arm-none-eabi/lib/thumb/v8-m.main+fp/hard\libcr_nohost_nf.a(_cr__main.o)
 .debug_info    0x0001ba61       0xfc C:/nxp/MCUXpressoIDE_24.12.148/ide/plugins/com.nxp.mcuxpresso.tools.win32_24.12.0.202407110909/tools/bin/../lib/gcc/arm-none-eabi/13.2.1/../../../../arm-none-eabi/lib/thumb/v8-m.main+fp/hard\libcr_c.a(memset.o)
 .debug_info    0x0001bb5d      0x520 C:/nxp/MCUXpressoIDE_24.12.148/ide/plugins/com.nxp.mcuxpresso.tools.win32_24.12.0.202407110909/tools/bin/../lib/gcc/arm-none-eabi/13.2.1/../../../../arm-none-eabi/lib/thumb/v8-m.main+fp/hard\libcr_c.a(alloc.o)
 .debug_info    0x0001c07d       0x44 C:/nxp/MCUXpressoIDE_24.12.148/ide/plugins/com.nxp.mcuxpresso.tools.win32_24.12.0.202407110909/tools/bin/../lib/gcc/arm-none-eabi/13.2.1/../../../../arm-none-eabi/lib/thumb/v8-m.main+fp/hard\libcr_c.a(errno.o)
 .debug_info    0x0001c0c1      0x339 C:/nxp/MCUXpressoIDE_24.12.148/ide/plugins/com.nxp.mcuxpresso.tools.win32_24.12.0.202407110909/tools/bin/../lib/gcc/arm-none-eabi/13.2.1/../../../../arm-none-eabi/lib/thumb/v8-m.main+fp/hard\libcr_c.a(initio.o)
 .debug_info    0x0001c3fa      0x1fd C:/nxp/MCUXpressoIDE_24.12.148/ide/plugins/com.nxp.mcuxpresso.tools.win32_24.12.0.202407110909/tools/bin/../lib/gcc/arm-none-eabi/13.2.1/../../../../arm-none-eabi/lib/thumb/v8-m.main+fp/hard\libcr_c.a(setvbuf.o)
 .debug_info    0x0001c5f7       0xe1 C:/nxp/MCUXpressoIDE_24.12.148/ide/plugins/com.nxp.mcuxpresso.tools.win32_24.12.0.202407110909/tools/bin/../lib/gcc/arm-none-eabi/13.2.1/../../../../arm-none-eabi/lib/thumb/v8-m.main+fp/hard\libcr_c.a(strlen.o)
 .debug_info    0x0001c6d8      0x369 C:/nxp/MCUXpressoIDE_24.12.148/ide/plugins/com.nxp.mcuxpresso.tools.win32_24.12.0.202407110909/tools/bin/../lib/gcc/arm-none-eabi/13.2.1/../../../../arm-none-eabi/lib/thumb/v8-m.main+fp/hard\libcr_c.a(_deferredlazyseek.o)
 .debug_info    0x0001ca41      0x24b C:/nxp/MCUXpressoIDE_24.12.148/ide/plugins/com.nxp.mcuxpresso.tools.win32_24.12.0.202407110909/tools/bin/../lib/gcc/arm-none-eabi/13.2.1/../../../../arm-none-eabi/lib/thumb/v8-m.main+fp/hard\libcr_c.a(_fdopen.o)
 .debug_info    0x0001cc8c      0x1e3 C:/nxp/MCUXpressoIDE_24.12.148/ide/plugins/com.nxp.mcuxpresso.tools.win32_24.12.0.202407110909/tools/bin/../lib/gcc/arm-none-eabi/13.2.1/../../../../arm-none-eabi/lib/thumb/v8-m.main+fp/hard\libcr_c.a(_fflush.o)
 .debug_info    0x0001ce6f      0x289 C:/nxp/MCUXpressoIDE_24.12.148/ide/plugins/com.nxp.mcuxpresso.tools.win32_24.12.0.202407110909/tools/bin/../lib/gcc/arm-none-eabi/13.2.1/../../../../arm-none-eabi/lib/thumb/v8-m.main+fp/hard\libcr_c.a(_writebuf.o)
 .debug_info    0x0001d0f8      0x318 C:/nxp/MCUXpressoIDE_24.12.148/ide/plugins/com.nxp.mcuxpresso.tools.win32_24.12.0.202407110909/tools/bin/../lib/gcc/arm-none-eabi/13.2.1/../../../../arm-none-eabi/lib/thumb/v8-m.main+fp/hard\libcr_c.a(fclose.o)
 .debug_info    0x0001d410      0x209 C:/nxp/MCUXpressoIDE_24.12.148/ide/plugins/com.nxp.mcuxpresso.tools.win32_24.12.0.202407110909/tools/bin/../lib/gcc/arm-none-eabi/13.2.1/../../../../arm-none-eabi/lib/thumb/v8-m.main+fp/hard\libcr_c.a(fflush.o)
 .debug_info    0x0001d619      0x276 C:/nxp/MCUXpressoIDE_24.12.148/ide/plugins/com.nxp.mcuxpresso.tools.win32_24.12.0.202407110909/tools/bin/../lib/gcc/arm-none-eabi/13.2.1/../../../../arm-none-eabi/lib/thumb/v8-m.main+fp/hard\libcr_c.a(fseek.o)
 .debug_info    0x0001d88f      0x197 C:/nxp/MCUXpressoIDE_24.12.148/ide/plugins/com.nxp.mcuxpresso.tools.win32_24.12.0.202407110909/tools/bin/../lib/gcc/arm-none-eabi/13.2.1/../../../../arm-none-eabi/lib/thumb/v8-m.main+fp/hard\libcr_c.a(ftell.o)
 .debug_info    0x0001da26      0x1d7 C:/nxp/MCUXpressoIDE_24.12.148/ide/plugins/com.nxp.mcuxpresso.tools.win32_24.12.0.202407110909/tools/bin/../lib/gcc/arm-none-eabi/13.2.1/../../../../arm-none-eabi/lib/thumb/v8-m.main+fp/hard\libcr_c.a(remove.o)
 .debug_info    0x0001dbfd      0x23a C:/nxp/MCUXpressoIDE_24.12.148/ide/plugins/com.nxp.mcuxpresso.tools.win32_24.12.0.202407110909/tools/bin/../lib/gcc/arm-none-eabi/13.2.1/../../../../arm-none-eabi/lib/thumb/v8-m.main+fp/hard\libcr_c.a(_do_fflush.o)
 .debug_info    0x0001de37     0x1b31 C:/nxp/MCUXpressoIDE_24.12.148/ide/plugins/com.nxp.mcuxpresso.tools.win32_24.12.0.202407110909/tools/bin/../lib/gcc/arm-none-eabi/13.2.1/thumb/v8-m.main+fp/hard\libcr_eabihelpers.a(float.o)
 .debug_info    0x0001f968      0x18b C:/nxp/MCUXpressoIDE_24.12.148/ide/plugins/com.nxp.mcuxpresso.tools.win32_24.12.0.202407110909/tools/bin/../lib/gcc/arm-none-eabi/13.2.1/../../../../arm-none-eabi/lib/thumb/v8-m.main+fp/hard\libcr_nohost_nf.a(__ciob.o)
 .debug_info    0x0001faf3       0x6a C:/nxp/MCUXpressoIDE_24.12.148/ide/plugins/com.nxp.mcuxpresso.tools.win32_24.12.0.202407110909/tools/bin/../lib/gcc/arm-none-eabi/13.2.1/../../../../arm-none-eabi/lib/thumb/v8-m.main+fp/hard\libcr_nohost_nf.a(__sys_close.o)
 .debug_info    0x0001fb5d       0x6a C:/nxp/MCUXpressoIDE_24.12.148/ide/plugins/com.nxp.mcuxpresso.tools.win32_24.12.0.202407110909/tools/bin/../lib/gcc/arm-none-eabi/13.2.1/../../../../arm-none-eabi/lib/thumb/v8-m.main+fp/hard\libcr_nohost_nf.a(__sys_flen.o)
 .debug_info    0x0001fbc7       0x6a C:/nxp/MCUXpressoIDE_24.12.148/ide/plugins/com.nxp.mcuxpresso.tools.win32_24.12.0.202407110909/tools/bin/../lib/gcc/arm-none-eabi/13.2.1/../../../../arm-none-eabi/lib/thumb/v8-m.main+fp/hard\libcr_nohost_nf.a(__sys_istty.o)
 .debug_info    0x0001fc31       0x8a C:/nxp/MCUXpressoIDE_24.12.148/ide/plugins/com.nxp.mcuxpresso.tools.win32_24.12.0.202407110909/tools/bin/../lib/gcc/arm-none-eabi/13.2.1/../../../../arm-none-eabi/lib/thumb/v8-m.main+fp/hard\libcr_nohost_nf.a(__sys_remove.o)
 .debug_info    0x0001fcbb       0x78 C:/nxp/MCUXpressoIDE_24.12.148/ide/plugins/com.nxp.mcuxpresso.tools.win32_24.12.0.202407110909/tools/bin/../lib/gcc/arm-none-eabi/13.2.1/../../../../arm-none-eabi/lib/thumb/v8-m.main+fp/hard\libcr_nohost_nf.a(__sys_seek.o)
 .debug_info    0x0001fd33       0x93 C:/nxp/MCUXpressoIDE_24.12.148/ide/plugins/com.nxp.mcuxpresso.tools.win32_24.12.0.202407110909/tools/bin/../lib/gcc/arm-none-eabi/13.2.1/../../../../arm-none-eabi/lib/thumb/v8-m.main+fp/hard\libcr_nohost_nf.a(__sys_tmpnam.o)
 .debug_info    0x0001fdc6       0x93 C:/nxp/MCUXpressoIDE_24.12.148/ide/plugins/com.nxp.mcuxpresso.tools.win32_24.12.0.202407110909/tools/bin/../lib/gcc/arm-none-eabi/13.2.1/../../../../arm-none-eabi/lib/thumb/v8-m.main+fp/hard\libcr_nohost_nf.a(__sys_write.o)

.debug_abbrev   0x00000000     0x3fac
 .debug_abbrev  0x00000000      0x256 ./utilities/debug_console_lite/fsl_debug_console.o
 .debug_abbrev  0x00000256       0xbd ./utilities/fsl_assert.o
 .debug_abbrev  0x00000313       0x14 ./utilities/fsl_memcpy.o
 .debug_abbrev  0x00000327      0x147 ./startup/startup_mcxn947_cm33_core0.o
 .debug_abbrev  0x0000046e      0x25e ./source/pwm.o
 .debug_abbrev  0x000006cc       0x31 ./source/semihost_hardfault.o
 .debug_abbrev  0x000006fd      0x359 ./drivers/fsl_clock.o
 .debug_abbrev  0x00000a56      0x16a ./drivers/fsl_common_arm.o
 .debug_abbrev  0x00000bc0      0x352 ./drivers/fsl_lpflexcomm.o
 .debug_abbrev  0x00000f12      0x465 ./drivers/fsl_lpuart.o
 .debug_abbrev  0x00001377      0x2fc ./drivers/fsl_pwm.o
 .debug_abbrev  0x00001673      0x17d ./drivers/fsl_reset.o
 .debug_abbrev  0x000017f0      0x2eb ./drivers/fsl_spc.o
 .debug_abbrev  0x00001adb      0x1d2 ./device/system_MCXN947_cm33_core0.o
 .debug_abbrev  0x00001cad      0x238 ./component/uart/fsl_adapter_lpuart.o
 .debug_abbrev  0x00001ee5      0x1e6 ./board/board.o
 .debug_abbrev  0x000020cb      0x254 ./board/clock_config.o
 .debug_abbrev  0x0000231f      0x14f ./board/hardware_init.o
 .debug_abbrev  0x0000246e      0x25e ./board/pin_mux.o
 .debug_abbrev  0x000026cc       0x70 C:/nxp/MCUXpressoIDE_24.12.148/ide/plugins/com.nxp.mcuxpresso.tools.win32_24.12.0.202407110909/tools/bin/../lib/gcc/arm-none-eabi/13.2.1/../../../../arm-none-eabi/lib/thumb/v8-m.main+fp/hard\libcr_nohost_nf.a(_cr__main.o)
 .debug_abbrev  0x0000273c       0xa8 C:/nxp/MCUXpressoIDE_24.12.148/ide/plugins/com.nxp.mcuxpresso.tools.win32_24.12.0.202407110909/tools/bin/../lib/gcc/arm-none-eabi/13.2.1/../../../../arm-none-eabi/lib/thumb/v8-m.main+fp/hard\libcr_c.a(memset.o)
 .debug_abbrev  0x000027e4      0x284 C:/nxp/MCUXpressoIDE_24.12.148/ide/plugins/com.nxp.mcuxpresso.tools.win32_24.12.0.202407110909/tools/bin/../lib/gcc/arm-none-eabi/13.2.1/../../../../arm-none-eabi/lib/thumb/v8-m.main+fp/hard\libcr_c.a(alloc.o)
 .debug_abbrev  0x00002a68       0x44 C:/nxp/MCUXpressoIDE_24.12.148/ide/plugins/com.nxp.mcuxpresso.tools.win32_24.12.0.202407110909/tools/bin/../lib/gcc/arm-none-eabi/13.2.1/../../../../arm-none-eabi/lib/thumb/v8-m.main+fp/hard\libcr_c.a(errno.o)
 .debug_abbrev  0x00002aac      0x169 C:/nxp/MCUXpressoIDE_24.12.148/ide/plugins/com.nxp.mcuxpresso.tools.win32_24.12.0.202407110909/tools/bin/../lib/gcc/arm-none-eabi/13.2.1/../../../../arm-none-eabi/lib/thumb/v8-m.main+fp/hard\libcr_c.a(initio.o)
 .debug_abbrev  0x00002c15       0xe1 C:/nxp/MCUXpressoIDE_24.12.148/ide/plugins/com.nxp.mcuxpresso.tools.win32_24.12.0.202407110909/tools/bin/../lib/gcc/arm-none-eabi/13.2.1/../../../../arm-none-eabi/lib/thumb/v8-m.main+fp/hard\libcr_c.a(setvbuf.o)
 .debug_abbrev  0x00002cf6       0xa7 C:/nxp/MCUXpressoIDE_24.12.148/ide/plugins/com.nxp.mcuxpresso.tools.win32_24.12.0.202407110909/tools/bin/../lib/gcc/arm-none-eabi/13.2.1/../../../../arm-none-eabi/lib/thumb/v8-m.main+fp/hard\libcr_c.a(strlen.o)
 .debug_abbrev  0x00002d9d      0x152 C:/nxp/MCUXpressoIDE_24.12.148/ide/plugins/com.nxp.mcuxpresso.tools.win32_24.12.0.202407110909/tools/bin/../lib/gcc/arm-none-eabi/13.2.1/../../../../arm-none-eabi/lib/thumb/v8-m.main+fp/hard\libcr_c.a(_deferredlazyseek.o)
 .debug_abbrev  0x00002eef      0x119 C:/nxp/MCUXpressoIDE_24.12.148/ide/plugins/com.nxp.mcuxpresso.tools.win32_24.12.0.202407110909/tools/bin/../lib/gcc/arm-none-eabi/13.2.1/../../../../arm-none-eabi/lib/thumb/v8-m.main+fp/hard\libcr_c.a(_fdopen.o)