Archive member included to satisfy reference by file (symbol)

/Applications/MCUXpressoIDE_25.6.136/ide/plugins/com.nxp.mcuxpresso.tools.macosx_25.6.0.202501151204/tools/bin/../lib/gcc/arm-none-eabi/14.2.1/../../../../arm-none-eabi/lib/thumb/v8-m.main+fp/hard/libcr_semihost_nf.a(_cr__main.o)
                              ./startup/startup_mcxn947_cm33_core0.o (__main)
/Applications/MCUXpressoIDE_25.6.136/ide/plugins/com.nxp.mcuxpresso.tools.macosx_25.6.0.202501151204/tools/bin/../lib/gcc/arm-none-eabi/14.2.1/../../../../arm-none-eabi/lib/thumb/v8-m.main+fp/hard/libcr_c.a(memset.o)
                              ./drivers/fsl_lpi2c.o (memset)
/Applications/MCUXpressoIDE_25.6.136/ide/plugins/com.nxp.mcuxpresso.tools.macosx_25.6.0.202501151204/tools/bin/../lib/gcc/arm-none-eabi/14.2.1/../../../../arm-none-eabi/lib/thumb/v8-m.main+fp/hard/libcr_c.a(alloc.o)
                              ./drivers/fsl_common.o (malloc)
/Applications/MCUXpressoIDE_25.6.136/ide/plugins/com.nxp.mcuxpresso.tools.macosx_25.6.0.202501151204/tools/bin/../lib/gcc/arm-none-eabi/14.2.1/../../../../arm-none-eabi/lib/thumb/v8-m.main+fp/hard/libcr_c.a(errno.o)
                              ./utilities/str/fsl_str.o (errno)
/Applications/MCUXpressoIDE_25.6.136/ide/plugins/com.nxp.mcuxpresso.tools.macosx_25.6.0.202501151204/tools/bin/../lib/gcc/arm-none-eabi/14.2.1/../../../../arm-none-eabi/lib/thumb/v8-m.main+fp/hard/libcr_c.a(initio.o)
                              /Applications/MCUXpressoIDE_25.6.136/ide/plugins/com.nxp.mcuxpresso.tools.macosx_25.6.0.202501151204/tools/bin/../lib/gcc/arm-none-eabi/14.2.1/../../../../arm-none-eabi/lib/thumb/v8-m.main+fp/hard/libcr_semihost_nf.a(_cr__main.o) (_initio)
/Applications/MCUXpressoIDE_25.6.136/ide/plugins/com.nxp.mcuxpresso.tools.macosx_25.6.0.202501151204/tools/bin/../lib/gcc/arm-none-eabi/14.2.1/../../../../arm-none-eabi/lib/thumb/v8-m.main+fp/hard/libcr_c.a(printf.o)
                              ./utilities/fsl_assert.o (_printf)
/Applications/MCUXpressoIDE_25.6.136/ide/plugins/com.nxp.mcuxpresso.tools.macosx_25.6.0.202501151204/tools/bin/../lib/gcc/arm-none-eabi/14.2.1/../../../../arm-none-eabi/lib/thumb/v8-m.main+fp/hard/libcr_c.a(scanf.o)
                              ./utilities/str/fsl_str.o (strtoul)
/Applications/MCUXpressoIDE_25.6.136/ide/plugins/com.nxp.mcuxpresso.tools.macosx_25.6.0.202501151204/tools/bin/../lib/gcc/arm-none-eabi/14.2.1/../../../../arm-none-eabi/lib/thumb/v8-m.main+fp/hard/libcr_c.a(setvbuf.o)
                              /Applications/MCUXpressoIDE_25.6.136/ide/plugins/com.nxp.mcuxpresso.tools.macosx_25.6.0.202501151204/tools/bin/../lib/gcc/arm-none-eabi/14.2.1/../../../../arm-none-eabi/lib/thumb/v8-m.main+fp/hard/libcr_c.a(initio.o) (setvbuf)
/Applications/MCUXpressoIDE_25.6.136/ide/plugins/com.nxp.mcuxpresso.tools.macosx_25.6.0.202501151204/tools/bin/../lib/gcc/arm-none-eabi/14.2.1/../../../../arm-none-eabi/lib/thumb/v8-m.main+fp/hard/libcr_c.a(strlen.o)
                              ./utilities/str/fsl_str.o (strlen)
/Applications/MCUXpressoIDE_25.6.136/ide/plugins/com.nxp.mcuxpresso.tools.macosx_25.6.0.202501151204/tools/bin/../lib/gcc/arm-none-eabi/14.2.1/../../../../arm-none-eabi/lib/thumb/v8-m.main+fp/hard/libcr_c.a(ungetc.o)
                              /Applications/MCUXpressoIDE_25.6.136/ide/plugins/com.nxp.mcuxpresso.tools.macosx_25.6.0.202501151204/tools/bin/../lib/gcc/arm-none-eabi/14.2.1/../../../../arm-none-eabi/lib/thumb/v8-m.main+fp/hard/libcr_c.a(scanf.o) (ungetc)
/Applications/MCUXpressoIDE_25.6.136/ide/plugins/com.nxp.mcuxpresso.tools.macosx_25.6.0.202501151204/tools/bin/../lib/gcc/arm-none-eabi/14.2.1/../../../../arm-none-eabi/lib/thumb/v8-m.main+fp/hard/libcr_c.a(__fillbuf.o)
                              /Applications/MCUXpressoIDE_25.6.136/ide/plugins/com.nxp.mcuxpresso.tools.macosx_25.6.0.202501151204/tools/bin/../lib/gcc/arm-none-eabi/14.2.1/../../../../arm-none-eabi/lib/thumb/v8-m.main+fp/hard/libcr_c.a(scanf.o) (__filbuf)
/Applications/MCUXpressoIDE_25.6.136/ide/plugins/com.nxp.mcuxpresso.tools.macosx_25.6.0.202501151204/tools/bin/../lib/gcc/arm-none-eabi/14.2.1/../../../../arm-none-eabi/lib/thumb/v8-m.main+fp/hard/libcr_c.a(__init_alloc.o)
                              /Applications/MCUXpressoIDE_25.6.136/ide/plugins/com.nxp.mcuxpresso.tools.macosx_25.6.0.202501151204/tools/bin/../lib/gcc/arm-none-eabi/14.2.1/../../../../arm-none-eabi/lib/thumb/v8-m.main+fp/hard/libcr_c.a(alloc.o) (__heaps)
/Applications/MCUXpressoIDE_25.6.136/ide/plugins/com.nxp.mcuxpresso.tools.macosx_25.6.0.202501151204/tools/bin/../lib/gcc/arm-none-eabi/14.2.1/../../../../arm-none-eabi/lib/thumb/v8-m.main+fp/hard/libcr_c.a(_cr_sbrk.o)
                              /Applications/MCUXpressoIDE_25.6.136/ide/plugins/com.nxp.mcuxpresso.tools.macosx_25.6.0.202501151204/tools/bin/../lib/gcc/arm-none-eabi/14.2.1/../../../../arm-none-eabi/lib/thumb/v8-m.main+fp/hard/libcr_c.a(alloc.o) (_sbrk)
[...]
Memory Configuration

Name             Origin             Length             Attributes
PROGRAM_FLASH0   0x00000000         0x00100000         xr
PROGRAM_FLASH1   0x00100000         0x00100000         xr
SRAM             0x20000000         0x00060000         xrw
SRAMX            0x04000000         0x00018000         xrw
SRAMH            0x20060000         0x00008000         xrw
USB_RAM          0x400ba000         0x00001000         xrw
*default*        0x00000000         0xffffffff

Linker script and memory map

LOAD ./utilities/str/fsl_str.o
LOAD ./utilities/debug_console_lite/fsl_debug_console.o
LOAD ./utilities/fsl_assert.o
LOAD ./utilities/fsl_memcpy.o
LOAD ./startup/boot_multicore_slave.o
LOAD ./startup/startup_mcxn947_cm33_core0.o
LOAD ./source/lpi2c_interrupt_b2b_transfer_master.o
LOAD ./source/semihost_hardfault.o
LOAD ./drivers/fsl_clock.o
LOAD ./drivers/fsl_common.o
LOAD ./drivers/fsl_common_arm.o
LOAD ./drivers/fsl_gpio.o
LOAD ./drivers/fsl_lpflexcomm.o
LOAD ./drivers/fsl_lpi2c.o
LOAD ./drivers/fsl_lpuart.o
LOAD ./drivers/fsl_reset.o
LOAD ./drivers/fsl_spc.o
LOAD ./device/system_MCXN947_cm33_core0.o
LOAD ./component/uart/fsl_adapter_lpuart.o
LOAD ./board/board.o
LOAD ./board/clock_config.o
LOAD ./board/hardware_init.o
LOAD ./board/pin_mux.o
START GROUP
LOAD /Applications/MCUXpressoIDE_25.6.136/ide/plugins/com.nxp.mcuxpresso.tools.macosx_25.6.0.202501151204/tools/bin/../lib/gcc/arm-none-eabi/14.2.1/../../../../arm-none-eabi/lib/thumb/v8-m.main+fp/hard/libcr_semihost_nf.a
LOAD /Applications/MCUXpressoIDE_25.6.136/ide/plugins/com.nxp.mcuxpresso.tools.macosx_25.6.0.202501151204/tools/bin/../lib/gcc/arm-none-eabi/14.2.1/../../../../arm-none-eabi/lib/thumb/v8-m.main+fp/hard/libcr_c.a
LOAD /Applications/MCUXpressoIDE_25.6.136/ide/plugins/com.nxp.mcuxpresso.tools.macosx_25.6.0.202501151204/tools/bin/../lib/gcc/arm-none-eabi/14.2.1/thumb/v8-m.main+fp/hard/libcr_eabihelpers.a
LOAD /Applications/MCUXpressoIDE_25.6.136/ide/plugins/com.nxp.mcuxpresso.tools.macosx_25.6.0.202501151204/tools/bin/../lib/gcc/arm-none-eabi/14.2.1/thumb/v8-m.main+fp/hard/libgcc.a
END GROUP
                0x00000000                        __base_PROGRAM_FLASH0 = 0x0
                0x00000000                        __base_Flash = 0x0
                0x00100000                        __top_PROGRAM_FLASH0 = 0x100000
                0x00100000                        __top_Flash = 0x100000
                0x00100000                        __base_PROGRAM_FLASH1 = 0x100000
                0x00100000                        __base_Flash2 = 0x100000
                0x00200000                        __top_PROGRAM_FLASH1 = 0x200000
                0x00200000                        __top_Flash2 = 0x200000
                0x20000000                        __base_SRAM = 0x20000000
                0x20000000                        __base_RAM = 0x20000000
                0x20060000                        __top_SRAM = 0x20060000
                0x20060000                        __top_RAM = 0x20060000
                0x04000000                        __base_SRAMX = 0x4000000
                0x04000000                        __base_RAM2 = 0x4000000
                0x04018000                        __top_SRAMX = 0x4018000
                0x04018000                        __top_RAM2 = 0x4018000
                0x20060000                        __base_SRAMH = 0x20060000
                0x20060000                        __base_RAM3 = 0x20060000
                0x20068000                        __top_SRAMH = 0x20068000
                0x20068000                        __top_RAM3 = 0x20068000
                0x400ba000                        __base_USB_RAM = 0x400ba000
                0x400ba000                        __base_RAM4 = 0x400ba000
                0x400bb000                        __top_USB_RAM = 0x400bb000
                0x400bb000                        __top_RAM4 = 0x400bb000

.text_Flash2    0x00100000        0x0
 FILL mask 0xff
 *(SORT_BY_ALIGNMENT(.text_Flash2))
 *(SORT_BY_ALIGNMENT(.text_PROGRAM_FLASH1))
 *(SORT_BY_ALIGNMENT(.text.$Flash2))
 *(SORT_BY_ALIGNMENT(.text.$PROGRAM_FLASH1))
 *(SORT_BY_ALIGNMENT(.text_Flash2.*))
 *(SORT_BY_ALIGNMENT(.text_PROGRAM_FLASH1.*))
 *(SORT_BY_ALIGNMENT(.text.$Flash2.*))
 *(SORT_BY_ALIGNMENT(.text.$PROGRAM_FLASH1.*))
 *(SORT_BY_ALIGNMENT(.rodata.$Flash2))
 *(SORT_BY_ALIGNMENT(.rodata.$PROGRAM_FLASH1))
 *(SORT_BY_ALIGNMENT(.rodata.$Flash2.*))
 *(SORT_BY_ALIGNMENT(.rodata.$PROGRAM_FLASH1.*))

.text           0x00000000     0x4c30
 FILL mask 0xff
                0x00000000                        __vectors_start__ = ABSOLUTE (.)
 *(SORT_BY_ALIGNMENT(.isr_vector))
 .isr_vector    0x00000000      0x2b0 ./startup/startup_mcxn947_cm33_core0.o
                0x00000000                __Vectors
                0x00000000                g_pfnVectors
                0x000002b0                        . = ALIGN (0x4)
                0x000002b0                        __section_table_start = .
                0x000002b0                        __data_section_table = .
                0x000002b0        0x4 LONG 0x4c30 LOADADDR (.data)
                0x000002b4        0x4 LONG 0x20000000 ADDR (.data)
                0x000002b8        0x4 LONG 0xc SIZEOF (.data)
                0x000002bc        0x4 LONG 0x4c30 LOADADDR (.data_RAM2)
                0x000002c0        0x4 LONG 0x4000000 ADDR (.data_RAM2)
                0x000002c4        0x4 LONG 0x0 SIZEOF (.data_RAM2)
                0x000002c8        0x4 LONG 0x4c30 LOADADDR (.data_RAM3)
                0x000002cc        0x4 LONG 0x20060000 ADDR (.data_RAM3)
                0x000002d0        0x4 LONG 0x0 SIZEOF (.data_RAM3)
                0x000002d4        0x4 LONG 0x4c30 LOADADDR (.data_RAM4)
                0x000002d8        0x4 LONG 0x400ba000 ADDR (.data_RAM4)
                0x000002dc        0x4 LONG 0x0 SIZEOF (.data_RAM4)
                0x000002e0                        __data_section_table_end = .
                0x000002e0                        __bss_section_table = .
                0x000002e0        0x4 LONG 0x2000000c ADDR (.bss)
                0x000002e4        0x4 LONG 0x2ac SIZEOF (.bss)
                0x000002e8        0x4 LONG 0x4000000 ADDR (.bss_RAM2)
                0x000002ec        0x4 LONG 0x0 SIZEOF (.bss_RAM2)
                0x000002f0        0x4 LONG 0x20060000 ADDR (.bss_RAM3)
                0x000002f4        0x4 LONG 0x0 SIZEOF (.bss_RAM3)
                0x000002f8        0x4 LONG 0x400ba000 ADDR (.bss_RAM4)
                0x000002fc        0x4 LONG 0x0 SIZEOF (.bss_RAM4)
                0x00000300                        __bss_section_table_end = .
                0x00000300                        __section_table_end = .
 *(SORT_BY_ALIGNMENT(.after_vectors*))
 .after_vectors.reset
                0x00000300       0x68 ./startup/startup_mcxn947_cm33_core0.o
                0x00000300                ResetISR
 .after_vectors.init_data
                0x00000368       0x1e ./startup/startup_mcxn947_cm33_core0.o
                0x00000368                data_init
 .after_vectors.init_bss
                0x00000386       0x12 ./startup/startup_mcxn947_cm33_core0.o
                0x00000386                bss_init
 .after_vectors
                0x00000398       0x16 ./startup/startup_mcxn947_cm33_core0.o
                0x00000398                NMI_Handler
                0x0000039c                MemManage_Handler
                0x0000039e                BusFault_Handler
                0x000003a0                UsageFault_Handler
                0x000003a2                SecureFault_Handler
                0x000003a4                SVC_Handler
                0x000003a6                DebugMon_Handler
                0x000003a8                PendSV_Handler
                0x000003aa                SysTick_Handler
                0x000003ac                QDC1_HOME_DriverIRQHandler
                0x000003ac                EDMA_0_CH5_DriverIRQHandler
                0x000003ac                EDMA_0_CH14_DriverIRQHandler
                0x000003ac                EDMA_1_CH0_DriverIRQHandler
                0x000003ac                SCG_DriverIRQHandler
                0x000003ac                CMC0_DriverIRQHandler
                0x000003ac                EDMA_0_CH15_DriverIRQHandler
                0x000003ac                LPTMR0_DriverIRQHandler
                0x000003ac                EDMA_0_CH2_DriverIRQHandler
                0x000003ac                FLEXPWM1_SUBMODULE1_DriverIRQHandler
                0x000003ac                FLEXPWM0_SUBMODULE1_DriverIRQHandler
                0x000003ac                EDMA_1_CH11_DriverIRQHandler
                0x000003ac                FLEXPWM0_RELOAD_ERROR_DriverIRQHandler
                0x000003ac                QDC0_HOME_DriverIRQHandler
                0x000003ac                Reserved167_DriverIRQHandler
                0x000003ac                EDMA_1_CH9_DriverIRQHandler
                0x000003ac                SEC_VIO_DriverIRQHandler
                0x000003ac                ERM_MULTI_BIT_ERROR_DriverIRQHandler
                0x000003ac                GPIO31_DriverIRQHandler
                0x000003ac                EWM0_DriverIRQHandler
                0x000003ac                PKC_DriverIRQHandler
                0x000003ac                EDMA_0_CH10_DriverIRQHandler
                0x000003ac                USB1_HS_PHY_DriverIRQHandler
                0x000003ac                QDC0_IDX_DriverIRQHandler
                0x000003ac                ELS_DriverIRQHandler
                0x000003ac                Reserved166_DriverIRQHandler
                0x000003ac                EDMA_1_CH2_DriverIRQHandler
                0x000003ac                ETHERNET_DriverIRQHandler
                0x000003ac                QDC1_IDX_DriverIRQHandler
                0x000003ac                EDMA_1_CH14_DriverIRQHandler
                0x000003ac                FLEXPWM1_SUBMODULE3_DriverIRQHandler
                0x000003ac                EDMA_1_CH7_DriverIRQHandler
                0x000003ac                EDMA_1_CH6_DriverIRQHandler
                0x000003ac                DAC1_DriverIRQHandler
                0x000003ac                CTIMER2_DriverIRQHandler
                0x000003ac                ITRC0_DriverIRQHandler
                0x000003ac                EDMA_0_CH9_DriverIRQHandler
                0x000003ac                ETB0_DriverIRQHandler
                0x000003ac                Freqme_DriverIRQHandler
                0x000003ac                Reserved80_DriverIRQHandler
                0x000003ac                IntDefaultHandler
                0x000003ac                ELS_ERR_DriverIRQHandler
                0x000003ac                FLEXIO_DriverIRQHandler
                0x000003ac                DAC0_DriverIRQHandler
                0x000003ac                MRT0_DriverIRQHandler
                0x000003ac                UTICK0_DriverIRQHandler
                0x000003ac                FLEXPWM0_SUBMODULE2_DriverIRQHandler
                0x000003ac                GPIO01_DriverIRQHandler
                0x000003ac                EDMA_0_CH3_DriverIRQHandler
                0x000003ac                WWDT0_DriverIRQHandler
                0x000003ac                USDHC0_DriverIRQHandler
                0x000003ac                GPIO00_DriverIRQHandler
                0x000003ac                EDMA_0_CH4_DriverIRQHandler
                0x000003ac                GPIO11_DriverIRQHandler
                0x000003ac                CTIMER4_DriverIRQHandler
                0x000003ac                BSP32_DriverIRQHandler
                0x000003ac                FLEXPWM0_FAULT_DriverIRQHandler
                0x000003ac                EDMA_1_CH1_DriverIRQHandler
                0x000003ac                SAI1_DriverIRQHandler
                0x000003ac                ERM_SINGLE_BIT_ERROR_DriverIRQHandler
                0x000003ac                GPIO21_DriverIRQHandler
                0x000003ac                FLEXPWM1_FAULT_DriverIRQHandler
                0x000003ac                GPIO30_DriverIRQHandler
                0x000003ac                CTIMER0_DriverIRQHandler
                0x000003ac                CTIMER1_DriverIRQHandler
                0x000003ac                QDC0_COMPARE_DriverIRQHandler
                0x000003ac                ADC1_DriverIRQHandler
                0x000003ac                PQ_DriverIRQHandler
                0x000003ac                ETHERNET_MACLP_DriverIRQHandler
                0x000003ac                USB0_DCD_DriverIRQHandler
                0x000003ac                EDMA_0_CH11_DriverIRQHandler
                0x000003ac                MAILBOX_DriverIRQHandler
                0x000003ac                WUU_DriverIRQHandler
                0x000003ac                EDMA_0_CH6_DriverIRQHandler
                0x000003ac                CTIMER3_DriverIRQHandler
                0x000003ac                FLEXPWM1_SUBMODULE0_DriverIRQHandler
                0x000003ac                CDOG1_DriverIRQHandler
                0x000003ac                TSI_OUT_OF_SCAN_DriverIRQHandler
                0x000003ac                EDMA_1_CH4_DriverIRQHandler
                0x000003ac                PUF_DriverIRQHandler
                0x000003ac                SPC_DriverIRQHandler
                0x000003ac                RTC_DriverIRQHandler
                0x000003ac                VBAT0_DriverIRQHandler
                0x000003ac                Reserved65_DriverIRQHandler
                0x000003ac                HSCMP2_DriverIRQHandler
                0x000003ac                EDMA_0_CH0_DriverIRQHandler
                0x000003ac                PDM_EVENT_DriverIRQHandler
                0x000003ac                ETHERNET_PMT_DriverIRQHandler
                0x000003ac                FLEXPWM1_RELOAD_ERROR_DriverIRQHandler
                0x000003ac                FMU0_DriverIRQHandler
                0x000003ac                QDC1_COMPARE_DriverIRQHandler
                0x000003ac                EDMA_0_CH8_DriverIRQHandler
                0x000003ac                LPTMR1_DriverIRQHandler
                0x000003ac                GPIO40_DriverIRQHandler
                0x000003ac                CTI0_DriverIRQHandler
                0x000003ac                EDMA_1_CH3_DriverIRQHandler
                0x000003ac                EDMA_1_CH15_DriverIRQHandler
                0x000003ac                FLEXPWM1_SUBMODULE2_DriverIRQHandler
                0x000003ac                GPIO20_DriverIRQHandler
                0x000003ac                QDC1_WDG_SAB_DriverIRQHandler
                0x000003ac                EDMA_1_CH8_DriverIRQHandler
                0x000003ac                GDET_DriverIRQHandler
                0x000003ac                PORT_EFT_DriverIRQHandler
                0x000003ac                Reserved85_DriverIRQHandler
                0x000003ac                Reserved81_DriverIRQHandler
                0x000003ac                TSI_END_OF_SCAN_DriverIRQHandler
                0x000003ac                FLEXPWM0_SUBMODULE3_DriverIRQHandler
                0x000003ac                ADC0_DriverIRQHandler
                0x000003ac                OR_DriverIRQHandler
                0x000003ac                EDMA_0_CH13_DriverIRQHandler
                0x000003ac                USB1_HS_DriverIRQHandler
                0x000003ac                EDMA_0_CH1_DriverIRQHandler
                0x000003ac                DAC2_DriverIRQHandler
                0x000003ac                GPIO51_DriverIRQHandler
                0x000003ac                HSCMP0_DriverIRQHandler
                0x000003ac                EDMA_0_CH12_DriverIRQHandler
                0x000003ac                QDC0_WDG_SAB_DriverIRQHandler
                0x000003ac                CDOG0_DriverIRQHandler
                0x000003ac                CAN0_DriverIRQHandler
                0x000003ac                SMARTDMA_DriverIRQHandler
                0x000003ac                SAI0_DriverIRQHandler
                0x000003ac                EMVSIM1_DriverIRQHandler
                0x000003ac                I3C1_DriverIRQHandler
                0x000003ac                EDMA_0_CH7_DriverIRQHandler
                0x000003ac                EDMA_1_CH10_DriverIRQHandler
                0x000003ac                EDMA_1_CH12_DriverIRQHandler
                0x000003ac                FLEXSPI0_DriverIRQHandler
                0x000003ac                GPIO50_DriverIRQHandler
                0x000003ac                GPIO10_DriverIRQHandler
                0x000003ac                SCT0_DriverIRQHandler
                0x000003ac                CAN1_DriverIRQHandler
                0x000003ac                PLU_DriverIRQHandler
                0x000003ac                FLEXPWM0_SUBMODULE0_DriverIRQHandler
                0x000003ac                OS_EVENT_DriverIRQHandler
                0x000003ac                SINC_FILTER_DriverIRQHandler
                0x000003ac                NPU_DriverIRQHandler
                0x000003ac                GPIO41_DriverIRQHandler
                0x000003ac                HSCMP1_DriverIRQHandler
                0x000003ac                SEC_HYPERVISOR_CALL_DriverIRQHandler
                0x000003ac                EDMA_1_CH5_DriverIRQHandler
                0x000003ac                PINT0_DriverIRQHandler
                0x000003ac                WWDT1_DriverIRQHandler
                0x000003ac                EDMA_1_CH13_DriverIRQHandler
                0x000003ac                EMVSIM0_DriverIRQHandler
                0x000003ac                I3C0_DriverIRQHandler
                0x000003ac                USB0_FS_DriverIRQHandler
                0x000003ac                PKC_ERR_DriverIRQHandler
 *(SORT_BY_ALIGNMENT(.text*))
 *fill*         0x000003ae        0x2 ff
 .text.__assertion_failed
                0x000003b0       0x2c ./utilities/fsl_assert.o
                0x000003b0                __assertion_failed
 .text.lpi2c_master_callback
                0x000003dc       0x48 ./source/lpi2c_interrupt_b2b_transfer_master.o
 .text.main     0x00000424      0x274 ./source/lpi2c_interrupt_b2b_transfer_master.o
                0x00000424                main
 .text.CLOCK_IsPLL0Locked
                0x00000698       0x28 ./drivers/fsl_clock.o
 .text.CLOCK_IsPLL1Locked
                0x000006c0       0x28 ./drivers/fsl_clock.o
 .text.CLOCK_SetupFROHFClocking
                0x000006e8       0x9c ./drivers/fsl_clock.o
                0x000006e8                CLOCK_SetupFROHFClocking
 .text.CLOCK_SetPll0MonitorMode
                0x00000784       0x38 ./drivers/fsl_clock.o
                0x00000784                CLOCK_SetPll0MonitorMode
 .text.CLOCK_AttachClk
                0x000007bc       0xb0 ./drivers/fsl_clock.o
                0x000007bc                CLOCK_AttachClk
 .text.CLOCK_SetClkDiv
                0x0000086c       0x54 ./drivers/fsl_clock.o
                0x0000086c                CLOCK_SetClkDiv
 .text.CLOCK_GetLPFlexCommClkFreq
                0x000008c0       0xa0 ./drivers/fsl_clock.o
                0x000008c0                CLOCK_GetLPFlexCommClkFreq
 .text.CLOCK_GetPLL0InClockRate
                0x00000960       0x5c ./drivers/fsl_clock.o
                0x00000960                CLOCK_GetPLL0InClockRate
 .text.CLOCK_GetPLL1InClockRate
                0x000009bc       0x58 ./drivers/fsl_clock.o
                0x000009bc                CLOCK_GetPLL1InClockRate
 .text.CLOCK_SetPLL0Freq
                0x00000a14      0x10c ./drivers/fsl_clock.o
                0x00000a14                CLOCK_SetPLL0Freq
 .text.CLOCK_GetFro12MFreq
                0x00000b20       0x2c ./drivers/fsl_clock.o
 .text.CLOCK_GetClk1MFreq
                0x00000b4c       0x14 ./drivers/fsl_clock.o
 .text.CLOCK_GetFroHfFreq
                0x00000b60       0x4c ./drivers/fsl_clock.o
 .text.CLOCK_GetClk48MFreq
                0x00000bac       0x2c ./drivers/fsl_clock.o
 .text.CLOCK_GetClk16KFreq
                0x00000bd8       0x44 ./drivers/fsl_clock.o
 .text.CLOCK_GetExtClkFreq
                0x00000c1c       0x2c ./drivers/fsl_clock.o
 .text.CLOCK_GetOsc32KFreq
                0x00000c48       0x4c ./drivers/fsl_clock.o
 .text.CLOCK_GetLposcFreq
                0x00000c94       0x48 ./drivers/fsl_clock.o
 .text.findPll0PreDiv
                0x00000cdc       0x40 ./drivers/fsl_clock.o
 .text.findPll1PreDiv
                0x00000d1c       0x40 ./drivers/fsl_clock.o
 .text.findPll0PostDiv
                0x00000d5c       0x60 ./drivers/fsl_clock.o
 .text.findPll1PostDiv
                0x00000dbc       0x60 ./drivers/fsl_clock.o
 .text.findPll0MMult
                0x00000e1c       0xac ./drivers/fsl_clock.o
 .text.findPll1MMult
                0x00000ec8       0xac ./drivers/fsl_clock.o
 .text.LP_FLEXCOMM_GetBaseAddress
                0x00000f74       0x2c ./drivers/fsl_lpflexcomm.o
                0x00000f74                LP_FLEXCOMM_GetBaseAddress
 .text.LP_FLEXCOMM_GetInterruptStatus
                0x00000fa0       0x28 ./drivers/fsl_lpflexcomm.o
                0x00000fa0                LP_FLEXCOMM_GetInterruptStatus
 .text.LP_FLEXCOMM_SetPeriph
                0x00000fc8       0x94 ./drivers/fsl_lpflexcomm.o
 .text.LP_FLEXCOMM_Init
                0x0000105c       0x58 ./drivers/fsl_lpflexcomm.o
                0x0000105c                LP_FLEXCOMM_Init
 .text.LP_FLEXCOMM_SetIRQHandler
                0x000010b4       0x70 ./drivers/fsl_lpflexcomm.o
                0x000010b4                LP_FLEXCOMM_SetIRQHandler
 .text.LP_FLEXCOMM_CommonIRQHandler
                0x00001124       0xb8 ./drivers/fsl_lpflexcomm.o
 .text.__NVIC_EnableIRQ
                0x000011dc       0x3c ./drivers/fsl_lpi2c.o
 .text.LPI2C_GetInstance
                0x00001218       0x4c ./drivers/fsl_lpi2c.o
                0x00001218                LPI2C_GetInstance
 .text.LPI2C_GetCyclesForWidth
                0x00001264       0x9c ./drivers/fsl_lpi2c.o
 .text.LPI2C_MasterGetDefaultConfig
                0x00001300       0x6c ./drivers/fsl_lpi2c.o
                0x00001300                LPI2C_MasterGetDefaultConfig
 .text.LPI2C_MasterInit
                0x0000136c      0x208 ./drivers/fsl_lpi2c.o
                0x0000136c                LPI2C_MasterInit
 .text.LPI2C_MasterSetBaudRate
                0x00001574      0x2c4 ./drivers/fsl_lpi2c.o
                0x00001574                LPI2C_MasterSetBaudRate
 .text.LPI2C_MasterTransferCreateHandle
                0x00001838       0xac ./drivers/fsl_lpi2c.o
                0x00001838                LPI2C_MasterTransferCreateHandle
 .text.LPI2C_RunTransferStateMachine
                0x000018e4      0x330 ./drivers/fsl_lpi2c.o
 .text.LPI2C_MasterTransferNonBlocking
                0x00001c14       0xd0 ./drivers/fsl_lpi2c.o
                0x00001c14                LPI2C_MasterTransferNonBlocking
 .text.LPI2C_MasterTransferAbort
                0x00001ce4       0x54 ./drivers/fsl_lpi2c.o
                0x00001ce4                LPI2C_MasterTransferAbort
 .text.LPI2C_MasterTransferHandleIRQ
                0x00001d38       0xa8 ./drivers/fsl_lpi2c.o
                0x00001d38                LPI2C_MasterTransferHandleIRQ
 .text.RESET_ClearPeripheralReset
                0x00001de0       0x64 ./drivers/fsl_reset.o
                0x00001de0                RESET_ClearPeripheralReset
 .text.SPC_SetSRAMOperateVoltage
                0x00001e44       0x58 ./drivers/fsl_spc.o
                0x00001e44                SPC_SetSRAMOperateVoltage
 .text.SPC_SetActiveModeCoreLDORegulatorConfig
                0x00001e9c       0x94 ./drivers/fsl_spc.o
                0x00001e9c                SPC_SetActiveModeCoreLDORegulatorConfig
 .text.SPC_SetActiveModeDCDCRegulatorConfig
                0x00001f30       0x68 ./drivers/fsl_spc.o
                0x00001f30                SPC_SetActiveModeDCDCRegulatorConfig
 .text.SystemInit
                0x00001f98      0x124 ./device/system_MCXN947_cm33_core0.o
                0x00001f98                SystemInit
 .text.BOARD_InitDebugConsole
                0x000020bc       0x2c ./board/board.o
                0x000020bc                BOARD_InitDebugConsole
 .text.BOARD_BootClockPLL150M
                0x000020e8       0xd8 ./board/clock_config.o
                0x000020e8                BOARD_BootClockPLL150M
 .text.PORT_SetPinConfig
                0x000021c0       0x38 ./board/pin_mux.o
 .text.BOARD_InitPins
                0x000021f8       0x5c ./board/pin_mux.o
                0x000021f8                BOARD_InitPins
 .text.LPI2C2_InitPins
                0x00002254       0x6c ./board/pin_mux.o
                0x00002254                LPI2C2_InitPins
 .text.malloc   0x000022c0       0xc8 /Applications/MCUXpressoIDE_25.6.136/ide/plugins/com.nxp.mcuxpresso.tools.macosx_25.6.0.202501151204/tools/bin/../lib/gcc/arm-none-eabi/14.2.1/../../../../arm-none-eabi/lib/thumb/v8-m.main+fp/hard/libcr_c.a(alloc.o)
                0x000022c0                malloc
 .text._Csys_alloc
                0x00002388       0x20 /Applications/MCUXpressoIDE_25.6.136/ide/plugins/com.nxp.mcuxpresso.tools.macosx_25.6.0.202501151204/tools/bin/../lib/gcc/arm-none-eabi/14.2.1/../../../../arm-none-eabi/lib/thumb/v8-m.main+fp/hard/libcr_c.a(alloc.o)
                0x00002388                _Csys_alloc
 .text._initio  0x000023a8       0x78 /Applications/MCUXpressoIDE_25.6.136/ide/plugins/com.nxp.mcuxpresso.tools.macosx_25.6.0.202501151204/tools/bin/../lib/gcc/arm-none-eabi/14.2.1/../../../../arm-none-eabi/lib/thumb/v8-m.main+fp/hard/libcr_c.a(initio.o)
                0x000023a8                _initio
 .text.__vfprintf
                0x00002420      0xb64 /Applications/MCUXpressoIDE_25.6.136/ide/plugins/com.nxp.mcuxpresso.tools.macosx_25.6.0.202501151204/tools/bin/../lib/gcc/arm-none-eabi/14.2.1/../../../../arm-none-eabi/lib/thumb/v8-m.main+fp/hard/libcr_c.a(printf.o)
                0x00002420                __vfprintf
 .text._vsnprintf
                0x00002f84       0x68 /Applications/MCUXpressoIDE_25.6.136/ide/plugins/com.nxp.mcuxpresso.tools.macosx_25.6.0.202501151204/tools/bin/../lib/gcc/arm-none-eabi/14.2.1/../../../../arm-none-eabi/lib/thumb/v8-m.main+fp/hard/libcr_c.a(printf.o)
                0x00002f84                _vsnprintf
 .text._printf  0x00002fec       0x54 /Applications/MCUXpressoIDE_25.6.136/ide/plugins/com.nxp.mcuxpresso.tools.macosx_25.6.0.202501151204/tools/bin/../lib/gcc/arm-none-eabi/14.2.1/../../../../arm-none-eabi/lib/thumb/v8-m.main+fp/hard/libcr_c.a(printf.o)
                0x00002fec                _printf
 .text._sbrk    0x00003040       0x3c /Applications/MCUXpressoIDE_25.6.136/ide/plugins/com.nxp.mcuxpresso.tools.macosx_25.6.0.202501151204/tools/bin/../lib/gcc/arm-none-eabi/14.2.1/../../../../arm-none-eabi/lib/thumb/v8-m.main+fp/hard/libcr_c.a(_cr_sbrk.o)
                0x00003040                _sbrk
 .text._Cwritebuf
                0x0000307c       0x70 /Applications/MCUXpressoIDE_25.6.136/ide/plugins/com.nxp.mcuxpresso.tools.macosx_25.6.0.202501151204/tools/bin/../lib/gcc/arm-none-eabi/14.2.1/../../../../arm-none-eabi/lib/thumb/v8-m.main+fp/hard/libcr_c.a(_writebuf.o)
                0x0000307c                _Cwritebuf
 .text.fflush   0x000030ec       0x3c /Applications/MCUXpressoIDE_25.6.136/ide/plugins/com.nxp.mcuxpresso.tools.macosx_25.6.0.202501151204/tools/bin/../lib/gcc/arm-none-eabi/14.2.1/../../../../arm-none-eabi/lib/thumb/v8-m.main+fp/hard/libcr_c.a(fflush.o)
                0x000030ec                fflush
 .text.fseek    0x00003128       0xf8 /Applications/MCUXpressoIDE_25.6.136/ide/plugins/com.nxp.mcuxpresso.tools.macosx_25.6.0.202501151204/tools/bin/../lib/gcc/arm-none-eabi/14.2.1/../../../../arm-none-eabi/lib/thumb/v8-m.main+fp/hard/libcr_c.a(fseek.o)
                0x00003128                fseek
 .text.ftell    0x00003220       0x44 /Applications/MCUXpressoIDE_25.6.136/ide/plugins/com.nxp.mcuxpresso.tools.macosx_25.6.0.202501151204/tools/bin/../lib/gcc/arm-none-eabi/14.2.1/../../../../arm-none-eabi/lib/thumb/v8-m.main+fp/hard/libcr_c.a(ftell.o)
                0x00003220                ftell
 .text.__check_heap_overflow
                0x00003264       0x18 /Applications/MCUXpressoIDE_25.6.136/ide/plugins/com.nxp.mcuxpresso.tools.macosx_25.6.0.202501151204/tools/bin/../lib/gcc/arm-none-eabi/14.2.1/../../../../arm-none-eabi/lib/thumb/v8-m.main+fp/hard/libcr_c.a(_cr_check_heap.o)
                0x00003264                __check_heap_overflow
 .text.__sys_appexit
                0x0000327c        0xc /Applications/MCUXpressoIDE_25.6.136/ide/plugins/com.nxp.mcuxpresso.tools.macosx_25.6.0.202501151204/tools/bin/../lib/gcc/arm-none-eabi/14.2.1/../../../../arm-none-eabi/lib/thumb/v8-m.main+fp/hard/libcr_semihost_nf.a(__sys_appexit.o)
                0x0000327c                __exit
                0x0000327c                __sys_appexit
 .text.fsl_assert_hook
                0x00003288       0x1a ./utilities/fsl_assert.o
                0x00003288                fsl_assert_hook
 .text.OR_IRQHandler
                0x000032a2        0x8 ./startup/startup_mcxn947_cm33_core0.o
                0x000032a2                OR_IRQHandler
 .text.EDMA_0_CH0_IRQHandler
                0x000032aa        0x8 ./startup/startup_mcxn947_cm33_core0.o
                0x000032aa                EDMA_0_CH0_IRQHandler
 .text.EDMA_0_CH1_IRQHandler
                0x000032b2        0x8 ./startup/startup_mcxn947_cm33_core0.o
                0x000032b2                EDMA_0_CH1_IRQHandler
 .text.EDMA_0_CH2_IRQHandler
                0x000032ba        0x8 ./startup/startup_mcxn947_cm33_core0.o
                0x000032ba                EDMA_0_CH2_IRQHandler
 .text.EDMA_0_CH3_IRQHandler
                0x000032c2        0x8 ./startup/startup_mcxn947_cm33_core0.o
                0x000032c2                EDMA_0_CH3_IRQHandler
 .text.EDMA_0_CH4_IRQHandler
                0x000032ca        0x8 ./startup/startup_mcxn947_cm33_core0.o
                0x000032ca                EDMA_0_CH4_IRQHandler
 .text.EDMA_0_CH5_IRQHandler
                0x000032d2        0x8 ./startup/startup_mcxn947_cm33_core0.o
                0x000032d2                EDMA_0_CH5_IRQHandler
 .text.EDMA_0_CH6_IRQHandler
                0x000032da        0x8 ./startup/startup_mcxn947_cm33_core0.o
                0x000032da                EDMA_0_CH6_IRQHandler
 .text.EDMA_0_CH7_IRQHandler
                0x000032e2        0x8 ./startup/startup_mcxn947_cm33_core0.o
                0x000032e2                EDMA_0_CH7_IRQHandler
 .text.EDMA_0_CH8_IRQHandler
                0x000032ea        0x8 ./startup/startup_mcxn947_cm33_core0.o
                0x000032ea                EDMA_0_CH8_IRQHandler
 .text.EDMA_0_CH9_IRQHandler
                0x000032f2        0x8 ./startup/startup_mcxn947_cm33_core0.o
                0x000032f2                EDMA_0_CH9_IRQHandler
 .text.EDMA_0_CH10_IRQHandler
                0x000032fa        0x8 ./startup/startup_mcxn947_cm33_core0.o
                0x000032fa                EDMA_0_CH10_IRQHandler
 .text.EDMA_0_CH11_IRQHandler
                0x00003302        0x8 ./startup/startup_mcxn947_cm33_core0.o
                0x00003302                EDMA_0_CH11_IRQHandler
 .text.EDMA_0_CH12_IRQHandler
                0x0000330a        0x8 ./startup/startup_mcxn947_cm33_core0.o
                0x0000330a                EDMA_0_CH12_IRQHandler
 .text.EDMA_0_CH13_IRQHandler
                0x00003312        0x8 ./startup/startup_mcxn947_cm33_core0.o
                0x00003312                EDMA_0_CH13_IRQHandler
 .text.EDMA_0_CH14_IRQHandler
                0x0000331a        0x8 ./startup/startup_mcxn947_cm33_core0.o
                0x0000331a                EDMA_0_CH14_IRQHandler
 .text.EDMA_0_CH15_IRQHandler
                0x00003322        0x8 ./startup/startup_mcxn947_cm33_core0.o
                0x00003322                EDMA_0_CH15_IRQHandler
 .text.GPIO00_IRQHandler
                0x0000332a        0x8 ./startup/startup_mcxn947_cm33_core0.o
                0x0000332a                GPIO00_IRQHandler
 .text.GPIO01_IRQHandler
                0x00003332        0x8 ./startup/startup_mcxn947_cm33_core0.o
                0x00003332                GPIO01_IRQHandler
 .text.GPIO10_IRQHandler
                0x0000333a        0x8 ./startup/startup_mcxn947_cm33_core0.o
                0x0000333a                GPIO10_IRQHandler
 .text.GPIO11_IRQHandler
                0x00003342        0x8 ./startup/startup_mcxn947_cm33_core0.o
                0x00003342                GPIO11_IRQHandler
 .text.GPIO20_IRQHandler
                0x0000334a        0x8 ./startup/startup_mcxn947_cm33_core0.o
                0x0000334a                GPIO20_IRQHandler
 .text.GPIO21_IRQHandler
                0x00003352        0x8 ./startup/startup_mcxn947_cm33_core0.o
                0x00003352                GPIO21_IRQHandler
 .text.GPIO30_IRQHandler
                0x0000335a        0x8 ./startup/startup_mcxn947_cm33_core0.o
                0x0000335a                GPIO30_IRQHandler
 .text.GPIO31_IRQHandler
                0x00003362        0x8 ./startup/startup_mcxn947_cm33_core0.o
                0x00003362                GPIO31_IRQHandler
 .text.GPIO40_IRQHandler
                0x0000336a        0x8 ./startup/startup_mcxn947_cm33_core0.o
                0x0000336a                GPIO40_IRQHandler
 .text.GPIO41_IRQHandler
                0x00003372        0x8 ./startup/startup_mcxn947_cm33_core0.o
                0x00003372                GPIO41_IRQHandler
 .text.GPIO50_IRQHandler
                0x0000337a        0x8 ./startup/startup_mcxn947_cm33_core0.o
                0x0000337a                GPIO50_IRQHandler
 .text.GPIO51_IRQHandler
                0x00003382        0x8 ./startup/startup_mcxn947_cm33_core0.o
                0x00003382                GPIO51_IRQHandler
 .text.UTICK0_IRQHandler
                0x0000338a        0x8 ./startup/startup_mcxn947_cm33_core0.o
                0x0000338a                UTICK0_IRQHandler
 .text.MRT0_IRQHandler
                0x00003392        0x8 ./startup/startup_mcxn947_cm33_core0.o
                0x00003392                MRT0_IRQHandler
 .text.CTIMER0_IRQHandler
                0x0000339a        0x8 ./startup/startup_mcxn947_cm33_core0.o
                0x0000339a                CTIMER0_IRQHandler
 .text.CTIMER1_IRQHandler
                0x000033a2        0x8 ./startup/startup_mcxn947_cm33_core0.o
                0x000033a2                CTIMER1_IRQHandler
 .text.SCT0_IRQHandler
                0x000033aa        0x8 ./startup/startup_mcxn947_cm33_core0.o
                0x000033aa                SCT0_IRQHandler
 .text.CTIMER2_IRQHandler
                0x000033b2        0x8 ./startup/startup_mcxn947_cm33_core0.o
                0x000033b2                CTIMER2_IRQHandler
 .text.LP_FLEXCOMM0_IRQHandler
                0x000033ba        0x8 ./startup/startup_mcxn947_cm33_core0.o
                0x000033ba                LP_FLEXCOMM0_IRQHandler
 .text.LP_FLEXCOMM1_IRQHandler
                0x000033c2        0x8 ./startup/startup_mcxn947_cm33_core0.o
                0x000033c2                LP_FLEXCOMM1_IRQHandler
 .text.LP_FLEXCOMM2_IRQHandler
                0x000033ca        0x8 ./startup/startup_mcxn947_cm33_core0.o
                0x000033ca                LP_FLEXCOMM2_IRQHandler
 .text.LP_FLEXCOMM3_IRQHandler
                0x000033d2        0x8 ./startup/startup_mcxn947_cm33_core0.o
                0x000033d2                LP_FLEXCOMM3_IRQHandler
 .text.LP_FLEXCOMM4_IRQHandler
                0x000033da        0x8 ./startup/startup_mcxn947_cm33_core0.o
                0x000033da                LP_FLEXCOMM4_IRQHandler
 .text.LP_FLEXCOMM5_IRQHandler
                0x000033e2        0x8 ./startup/startup_mcxn947_cm33_core0.o
                0x000033e2                LP_FLEXCOMM5_IRQHandler
 .text.LP_FLEXCOMM6_IRQHandler
                0x000033ea        0x8 ./startup/startup_mcxn947_cm33_core0.o
                0x000033ea                LP_FLEXCOMM6_IRQHandler
 .text.LP_FLEXCOMM7_IRQHandler
                0x000033f2        0x8 ./startup/startup_mcxn947_cm33_core0.o
                0x000033f2                LP_FLEXCOMM7_IRQHandler
 .text.LP_FLEXCOMM8_IRQHandler
                0x000033fa        0x8 ./startup/startup_mcxn947_cm33_core0.o
                0x000033fa                LP_FLEXCOMM8_IRQHandler
 .text.LP_FLEXCOMM9_IRQHandler
                0x00003402        0x8 ./startup/startup_mcxn947_cm33_core0.o
                0x00003402                LP_FLEXCOMM9_IRQHandler
 .text.ADC0_IRQHandler
                0x0000340a        0x8 ./startup/startup_mcxn947_cm33_core0.o
                0x0000340a                ADC0_IRQHandler
 .text.ADC1_IRQHandler
                0x00003412        0x8 ./startup/startup_mcxn947_cm33_core0.o
                0x00003412                ADC1_IRQHandler
 .text.PINT0_IRQHandler
                0x0000341a        0x8 ./startup/startup_mcxn947_cm33_core0.o
                0x0000341a                PINT0_IRQHandler
 .text.PDM_EVENT_IRQHandler
                0x00003422        0x8 ./startup/startup_mcxn947_cm33_core0.o
                0x00003422                PDM_EVENT_IRQHandler
 .text.Reserved65_IRQHandler
                0x0000342a        0x8 ./startup/startup_mcxn947_cm33_core0.o
                0x0000342a                Reserved65_IRQHandler
 .text.USB0_FS_IRQHandler
                0x00003432        0x8 ./startup/startup_mcxn947_cm33_core0.o
                0x00003432                USB0_FS_IRQHandler
 .text.USB0_DCD_IRQHandler
                0x0000343a        0x8 ./startup/startup_mcxn947_cm33_core0.o
                0x0000343a                USB0_DCD_IRQHandler
 .text.RTC_IRQHandler
                0x00003442        0x8 ./startup/startup_mcxn947_cm33_core0.o
                0x00003442                RTC_IRQHandler
 .text.SMARTDMA_IRQHandler
                0x0000344a        0x8 ./startup/startup_mcxn947_cm33_core0.o
                0x0000344a                SMARTDMA_IRQHandler
 .text.MAILBOX_IRQHandler
                0x00003452        0x8 ./startup/startup_mcxn947_cm33_core0.o
                0x00003452                MAILBOX_IRQHandler
 .text.CTIMER3_IRQHandler
                0x0000345a        0x8 ./startup/startup_mcxn947_cm33_core0.o
                0x0000345a                CTIMER3_IRQHandler
 .text.CTIMER4_IRQHandler
                0x00003462        0x8 ./startup/startup_mcxn947_cm33_core0.o
                0x00003462                CTIMER4_IRQHandler
 .text.OS_EVENT_IRQHandler
                0x0000346a        0x8 ./startup/startup_mcxn947_cm33_core0.o
                0x0000346a                OS_EVENT_IRQHandler
 .text.FLEXSPI0_IRQHandler
                0x00003472        0x8 ./startup/startup_mcxn947_cm33_core0.o
                0x00003472                FLEXSPI0_IRQHandler
 .text.SAI0_IRQHandler
                0x0000347a        0x8 ./startup/startup_mcxn947_cm33_core0.o
                0x0000347a                SAI0_IRQHandler
 .text.SAI1_IRQHandler
                0x00003482        0x8 ./startup/startup_mcxn947_cm33_core0.o
                0x00003482                SAI1_IRQHandler
 .text.USDHC0_IRQHandler
                0x0000348a        0x8 ./startup/startup_mcxn947_cm33_core0.o
                0x0000348a                USDHC0_IRQHandler
 .text.CAN0_IRQHandler
                0x00003492        0x8 ./startup/startup_mcxn947_cm33_core0.o
                0x00003492                CAN0_IRQHandler
 .text.CAN1_IRQHandler
                0x0000349a        0x8 ./startup/startup_mcxn947_cm33_core0.o
                0x0000349a                CAN1_IRQHandler
 .text.Reserved80_IRQHandler
                0x000034a2        0x8 ./startup/startup_mcxn947_cm33_core0.o
                0x000034a2                Reserved80_IRQHandler
 .text.Reserved81_IRQHandler
                0x000034aa        0x8 ./startup/startup_mcxn947_cm33_core0.o
                0x000034aa                Reserved81_IRQHandler
 .text.USB1_HS_PHY_IRQHandler
                0x000034b2        0x8 ./startup/startup_mcxn947_cm33_core0.o
                0x000034b2                USB1_HS_PHY_IRQHandler
 .text.USB1_HS_IRQHandler
                0x000034ba        0x8 ./startup/startup_mcxn947_cm33_core0.o
                0x000034ba                USB1_HS_IRQHandler
 .text.SEC_HYPERVISOR_CALL_IRQHandler
                0x000034c2        0x8 ./startup/startup_mcxn947_cm33_core0.o
                0x000034c2                SEC_HYPERVISOR_CALL_IRQHandler
 .text.Reserved85_IRQHandler
                0x000034ca        0x8 ./startup/startup_mcxn947_cm33_core0.o
                0x000034ca                Reserved85_IRQHandler
 .text.PLU_IRQHandler
                0x000034d2        0x8 ./startup/startup_mcxn947_cm33_core0.o
                0x000034d2                PLU_IRQHandler
 .text.Freqme_IRQHandler
                0x000034da        0x8 ./startup/startup_mcxn947_cm33_core0.o
                0x000034da                Freqme_IRQHandler
 .text.SEC_VIO_IRQHandler
                0x000034e2        0x8 ./startup/startup_mcxn947_cm33_core0.o
                0x000034e2                SEC_VIO_IRQHandler
 .text.ELS_IRQHandler
                0x000034ea        0x8 ./startup/startup_mcxn947_cm33_core0.o
                0x000034ea                ELS_IRQHandler
 .text.PKC_IRQHandler
                0x000034f2        0x8 ./startup/startup_mcxn947_cm33_core0.o
                0x000034f2                PKC_IRQHandler
 .text.PUF_IRQHandler
                0x000034fa        0x8 ./startup/startup_mcxn947_cm33_core0.o
                0x000034fa                PUF_IRQHandler
 .text.PQ_IRQHandler
                0x00003502        0x8 ./startup/startup_mcxn947_cm33_core0.o
                0x00003502                PQ_IRQHandler
 .text.EDMA_1_CH0_IRQHandler
                0x0000350a        0x8 ./startup/startup_mcxn947_cm33_core0.o
                0x0000350a                EDMA_1_CH0_IRQHandler
 .text.EDMA_1_CH1_IRQHandler
                0x00003512        0x8 ./startup/startup_mcxn947_cm33_core0.o
                0x00003512                EDMA_1_CH1_IRQHandler
 .text.EDMA_1_CH2_IRQHandler
                0x0000351a        0x8 ./startup/startup_mcxn947_cm33_core0.o
                0x0000351a                EDMA_1_CH2_IRQHandler
 .text.EDMA_1_CH3_IRQHandler
                0x00003522        0x8 ./startup/startup_mcxn947_cm33_core0.o
                0x00003522                EDMA_1_CH3_IRQHandler
 .text.EDMA_1_CH4_IRQHandler
                0x0000352a        0x8 ./startup/startup_mcxn947_cm33_core0.o
                0x0000352a                EDMA_1_CH4_IRQHandler
 .text.EDMA_1_CH5_IRQHandler
                0x00003532        0x8 ./startup/startup_mcxn947_cm33_core0.o
                0x00003532                EDMA_1_CH5_IRQHandler
 .text.EDMA_1_CH6_IRQHandler
                0x0000353a        0x8 ./startup/startup_mcxn947_cm33_core0.o
                0x0000353a                EDMA_1_CH6_IRQHandler
 .text.EDMA_1_CH7_IRQHandler
                0x00003542        0x8 ./startup/startup_mcxn947_cm33_core0.o
                0x00003542                EDMA_1_CH7_IRQHandler
 .text.EDMA_1_CH8_IRQHandler
                0x0000354a        0x8 ./startup/startup_mcxn947_cm33_core0.o
                0x0000354a                EDMA_1_CH8_IRQHandler
 .text.EDMA_1_CH9_IRQHandler
                0x00003552        0x8 ./startup/startup_mcxn947_cm33_core0.o
                0x00003552                EDMA_1_CH9_IRQHandler
 .text.EDMA_1_CH10_IRQHandler
                0x0000355a        0x8 ./startup/startup_mcxn947_cm33_core0.o
                0x0000355a                EDMA_1_CH10_IRQHandler
 .text.EDMA_1_CH11_IRQHandler
                0x00003562        0x8 ./startup/startup_mcxn947_cm33_core0.o
                0x00003562                EDMA_1_CH11_IRQHandler
 .text.EDMA_1_CH12_IRQHandler
                0x0000356a        0x8 ./startup/startup_mcxn947_cm33_core0.o
                0x0000356a                EDMA_1_CH12_IRQHandler
 .text.EDMA_1_CH13_IRQHandler
                0x00003572        0x8 ./startup/startup_mcxn947_cm33_core0.o
                0x00003572                EDMA_1_CH13_IRQHandler
 .text.EDMA_1_CH14_IRQHandler
                0x0000357a        0x8 ./startup/startup_mcxn947_cm33_core0.o
                0x0000357a                EDMA_1_CH14_IRQHandler
 .text.EDMA_1_CH15_IRQHandler
                0x00003582        0x8 ./startup/startup_mcxn947_cm33_core0.o
                0x00003582                EDMA_1_CH15_IRQHandler
 .text.CDOG0_IRQHandler
                0x0000358a        0x8 ./startup/startup_mcxn947_cm33_core0.o
                0x0000358a                CDOG0_IRQHandler
 .text.CDOG1_IRQHandler
                0x00003592        0x8 ./startup/startup_mcxn947_cm33_core0.o
                0x00003592                CDOG1_IRQHandler
 .text.I3C0_IRQHandler
                0x0000359a        0x8 ./startup/startup_mcxn947_cm33_core0.o
                0x0000359a                I3C0_IRQHandler
 .text.I3C1_IRQHandler
                0x000035a2        0x8 ./startup/startup_mcxn947_cm33_core0.o
                0x000035a2                I3C1_IRQHandler
 .text.NPU_IRQHandler
                0x000035aa        0x8 ./startup/startup_mcxn947_cm33_core0.o
                0x000035aa                NPU_IRQHandler
 .text.GDET_IRQHandler
                0x000035b2        0x8 ./startup/startup_mcxn947_cm33_core0.o
                0x000035b2                GDET_IRQHandler
 .text.VBAT0_IRQHandler
                0x000035ba        0x8 ./startup/startup_mcxn947_cm33_core0.o
                0x000035ba                VBAT0_IRQHandler
 .text.EWM0_IRQHandler
                0x000035c2        0x8 ./startup/startup_mcxn947_cm33_core0.o
                0x000035c2                EWM0_IRQHandler
 .text.TSI_END_OF_SCAN_IRQHandler
                0x000035ca        0x8 ./startup/startup_mcxn947_cm33_core0.o
                0x000035ca                TSI_END_OF_SCAN_IRQHandler
 .text.TSI_OUT_OF_SCAN_IRQHandler
                0x000035d2        0x8 ./startup/startup_mcxn947_cm33_core0.o
                0x000035d2                TSI_OUT_OF_SCAN_IRQHandler
 .text.EMVSIM0_IRQHandler
                0x000035da        0x8 ./startup/startup_mcxn947_cm33_core0.o
                0x000035da                EMVSIM0_IRQHandler
 .text.EMVSIM1_IRQHandler
                0x000035e2        0x8 ./startup/startup_mcxn947_cm33_core0.o
                0x000035e2                EMVSIM1_IRQHandler
 .text.FLEXIO_IRQHandler
                0x000035ea        0x8 ./startup/startup_mcxn947_cm33_core0.o
                0x000035ea                FLEXIO_IRQHandler
 .text.DAC0_IRQHandler
                0x000035f2        0x8 ./startup/startup_mcxn947_cm33_core0.o
                0x000035f2                DAC0_IRQHandler
 .text.DAC1_IRQHandler
                0x000035fa        0x8 ./startup/startup_mcxn947_cm33_core0.o
                0x000035fa                DAC1_IRQHandler
 .text.DAC2_IRQHandler
                0x00003602        0x8 ./startup/startup_mcxn947_cm33_core0.o
                0x00003602                DAC2_IRQHandler
 .text.HSCMP0_IRQHandler
                0x0000360a        0x8 ./startup/startup_mcxn947_cm33_core0.o
                0x0000360a                HSCMP0_IRQHandler
 .text.HSCMP1_IRQHandler
                0x00003612        0x8 ./startup/startup_mcxn947_cm33_core0.o
                0x00003612                HSCMP1_IRQHandler
 .text.HSCMP2_IRQHandler
                0x0000361a        0x8 ./startup/startup_mcxn947_cm33_core0.o
                0x0000361a                HSCMP2_IRQHandler
 .text.FLEXPWM0_RELOAD_ERROR_IRQHandler
                0x00003622        0x8 ./startup/startup_mcxn947_cm33_core0.o
                0x00003622                FLEXPWM0_RELOAD_ERROR_IRQHandler
 .text.FLEXPWM0_FAULT_IRQHandler
                0x0000362a        0x8 ./startup/startup_mcxn947_cm33_core0.o
                0x0000362a                FLEXPWM0_FAULT_IRQHandler
 .text.FLEXPWM0_SUBMODULE0_IRQHandler
                0x00003632        0x8 ./startup/startup_mcxn947_cm33_core0.o
                0x00003632                FLEXPWM0_SUBMODULE0_IRQHandler
 .text.FLEXPWM0_SUBMODULE1_IRQHandler
                0x0000363a        0x8 ./startup/startup_mcxn947_cm33_core0.o
                0x0000363a                FLEXPWM0_SUBMODULE1_IRQHandler
 .text.FLEXPWM0_SUBMODULE2_IRQHandler
                0x00003642        0x8 ./startup/startup_mcxn947_cm33_core0.o
                0x00003642                FLEXPWM0_SUBMODULE2_IRQHandler
 .text.FLEXPWM0_SUBMODULE3_IRQHandler
                0x0000364a        0x8 ./startup/startup_mcxn947_cm33_core0.o
                0x0000364a                FLEXPWM0_SUBMODULE3_IRQHandler
 .text.FLEXPWM1_RELOAD_ERROR_IRQHandler
                0x00003652        0x8 ./startup/startup_mcxn947_cm33_core0.o
                0x00003652                FLEXPWM1_RELOAD_ERROR_IRQHandler
 .text.FLEXPWM1_FAULT_IRQHandler
                0x0000365a        0x8 ./startup/startup_mcxn947_cm33_core0.o
                0x0000365a                FLEXPWM1_FAULT_IRQHandler
 .text.FLEXPWM1_SUBMODULE0_IRQHandler
                0x00003662        0x8 ./startup/startup_mcxn947_cm33_core0.o
                0x00003662                FLEXPWM1_SUBMODULE0_IRQHandler
 .text.FLEXPWM1_SUBMODULE1_IRQHandler
                0x0000366a        0x8 ./startup/startup_mcxn947_cm33_core0.o
                0x0000366a                FLEXPWM1_SUBMODULE1_IRQHandler
 .text.FLEXPWM1_SUBMODULE2_IRQHandler
                0x00003672        0x8 ./startup/startup_mcxn947_cm33_core0.o
                0x00003672                FLEXPWM1_SUBMODULE2_IRQHandler
 .text.FLEXPWM1_SUBMODULE3_IRQHandler
                0x0000367a        0x8 ./startup/startup_mcxn947_cm33_core0.o
                0x0000367a                FLEXPWM1_SUBMODULE3_IRQHandler
 .text.QDC0_COMPARE_IRQHandler
                0x00003682        0x8 ./startup/startup_mcxn947_cm33_core0.o
                0x00003682                QDC0_COMPARE_IRQHandler
 .text.QDC0_HOME_IRQHandler
                0x0000368a        0x8 ./startup/startup_mcxn947_cm33_core0.o
                0x0000368a                QDC0_HOME_IRQHandler
 .text.QDC0_WDG_SAB_IRQHandler
                0x00003692        0x8 ./startup/startup_mcxn947_cm33_core0.o
                0x00003692                QDC0_WDG_SAB_IRQHandler
 .text.QDC0_IDX_IRQHandler
                0x0000369a        0x8 ./startup/startup_mcxn947_cm33_core0.o
                0x0000369a                QDC0_IDX_IRQHandler
 .text.QDC1_COMPARE_IRQHandler
                0x000036a2        0x8 ./startup/startup_mcxn947_cm33_core0.o
                0x000036a2                QDC1_COMPARE_IRQHandler
 .text.QDC1_HOME_IRQHandler
                0x000036aa        0x8 ./startup/startup_mcxn947_cm33_core0.o
                0x000036aa                QDC1_HOME_IRQHandler
 .text.QDC1_WDG_SAB_IRQHandler
                0x000036b2        0x8 ./startup/startup_mcxn947_cm33_core0.o
                0x000036b2                QDC1_WDG_SAB_IRQHandler
 .text.QDC1_IDX_IRQHandler
                0x000036ba        0x8 ./startup/startup_mcxn947_cm33_core0.o
                0x000036ba                QDC1_IDX_IRQHandler
 .text.ITRC0_IRQHandler
                0x000036c2        0x8 ./startup/startup_mcxn947_cm33_core0.o
                0x000036c2                ITRC0_IRQHandler
 .text.BSP32_IRQHandler
                0x000036ca        0x8 ./startup/startup_mcxn947_cm33_core0.o
                0x000036ca                BSP32_IRQHandler
 .text.ELS_ERR_IRQHandler
                0x000036d2        0x8 ./startup/startup_mcxn947_cm33_core0.o
                0x000036d2                ELS_ERR_IRQHandler
 .text.PKC_ERR_IRQHandler
                0x000036da        0x8 ./startup/startup_mcxn947_cm33_core0.o
                0x000036da                PKC_ERR_IRQHandler
 .text.ERM_SINGLE_BIT_ERROR_IRQHandler
                0x000036e2        0x8 ./startup/startup_mcxn947_cm33_core0.o
                0x000036e2                ERM_SINGLE_BIT_ERROR_IRQHandler
 .text.ERM_MULTI_BIT_ERROR_IRQHandler
                0x000036ea        0x8 ./startup/startup_mcxn947_cm33_core0.o
                0x000036ea                ERM_MULTI_BIT_ERROR_IRQHandler
 .text.FMU0_IRQHandler
                0x000036f2        0x8 ./startup/startup_mcxn947_cm33_core0.o
                0x000036f2                FMU0_IRQHandler
 .text.ETHERNET_IRQHandler
                0x000036fa        0x8 ./startup/startup_mcxn947_cm33_core0.o
                0x000036fa                ETHERNET_IRQHandler
 .text.ETHERNET_PMT_IRQHandler
                0x00003702        0x8 ./startup/startup_mcxn947_cm33_core0.o
                0x00003702                ETHERNET_PMT_IRQHandler
 .text.ETHERNET_MACLP_IRQHandler
                0x0000370a        0x8 ./startup/startup_mcxn947_cm33_core0.o
                0x0000370a                ETHERNET_MACLP_IRQHandler
 .text.SINC_FILTER_IRQHandler
                0x00003712        0x8 ./startup/startup_mcxn947_cm33_core0.o
                0x00003712                SINC_FILTER_IRQHandler
 .text.LPTMR0_IRQHandler
                0x0000371a        0x8 ./startup/startup_mcxn947_cm33_core0.o
                0x0000371a                LPTMR0_IRQHandler
 .text.LPTMR1_IRQHandler
                0x00003722        0x8 ./startup/startup_mcxn947_cm33_core0.o
                0x00003722                LPTMR1_IRQHandler
 .text.SCG_IRQHandler
                0x0000372a        0x8 ./startup/startup_mcxn947_cm33_core0.o
                0x0000372a                SCG_IRQHandler
 .text.SPC_IRQHandler
                0x00003732        0x8 ./startup/startup_mcxn947_cm33_core0.o
                0x00003732                SPC_IRQHandler
 .text.WUU_IRQHandler
                0x0000373a        0x8 ./startup/startup_mcxn947_cm33_core0.o
                0x0000373a                WUU_IRQHandler
 .text.PORT_EFT_IRQHandler
                0x00003742        0x8 ./startup/startup_mcxn947_cm33_core0.o
                0x00003742                PORT_EFT_IRQHandler
 .text.ETB0_IRQHandler
                0x0000374a        0x8 ./startup/startup_mcxn947_cm33_core0.o
                0x0000374a                ETB0_IRQHandler
 .text.Reserved166_IRQHandler
                0x00003752        0x8 ./startup/startup_mcxn947_cm33_core0.o
                0x00003752                Reserved166_IRQHandler
 .text.Reserved167_IRQHandler
                0x0000375a        0x8 ./startup/startup_mcxn947_cm33_core0.o
                0x0000375a                Reserved167_IRQHandler
 .text.WWDT0_IRQHandler
                0x00003762        0x8 ./startup/startup_mcxn947_cm33_core0.o
                0x00003762                WWDT0_IRQHandler
 .text.WWDT1_IRQHandler
                0x0000376a        0x8 ./startup/startup_mcxn947_cm33_core0.o
                0x0000376a                WWDT1_IRQHandler
 .text.CMC0_IRQHandler
                0x00003772        0x8 ./startup/startup_mcxn947_cm33_core0.o
                0x00003772                CMC0_IRQHandler
 .text.CTI0_IRQHandler
                0x0000377a        0x8 ./startup/startup_mcxn947_cm33_core0.o
                0x0000377a                CTI0_IRQHandler
 .text.HardFault_Handler
                0x00003782       0x36 ./source/semihost_hardfault.o
                0x00003782                HardFault_Handler
 .text.CLOCK_GetPll0OutFreq
                0x000037b8       0x88 ./drivers/fsl_clock.o
                0x000037b8                CLOCK_GetPll0OutFreq
 .text.CLOCK_GetPll1OutFreq
                0x00003840       0x82 ./drivers/fsl_clock.o
                0x00003840                CLOCK_GetPll1OutFreq
 .text.CLOCK_GetPllClkDivFreq
                0x000038c2       0x5e ./drivers/fsl_clock.o
                0x000038c2                CLOCK_GetPllClkDivFreq
 .text.CLOCK_EnableClock
                0x00003920       0x8c ./drivers/fsl_lpflexcomm.o
 .text.LP_FLEXCOMM_PeripheralIsPresent
                0x000039ac       0x52 ./drivers/fsl_lpflexcomm.o
 .text.LP_FLEXCOMM0_DriverIRQHandler
                0x000039fe        0xe ./drivers/fsl_lpflexcomm.o
                0x000039fe                LP_FLEXCOMM0_DriverIRQHandler
 .text.LP_FLEXCOMM1_DriverIRQHandler
                0x00003a0c        0xe ./drivers/fsl_lpflexcomm.o
                0x00003a0c                LP_FLEXCOMM1_DriverIRQHandler
 .text.LP_FLEXCOMM2_DriverIRQHandler
                0x00003a1a        0xe ./drivers/fsl_lpflexcomm.o
                0x00003a1a                LP_FLEXCOMM2_DriverIRQHandler
 .text.LP_FLEXCOMM3_DriverIRQHandler
                0x00003a28        0xe ./drivers/fsl_lpflexcomm.o
                0x00003a28                LP_FLEXCOMM3_DriverIRQHandler
 .text.LP_FLEXCOMM4_DriverIRQHandler
                0x00003a36        0xe ./drivers/fsl_lpflexcomm.o
                0x00003a36                LP_FLEXCOMM4_DriverIRQHandler
 .text.LP_FLEXCOMM5_DriverIRQHandler
                0x00003a44        0xe ./drivers/fsl_lpflexcomm.o
                0x00003a44                LP_FLEXCOMM5_DriverIRQHandler
 .text.LP_FLEXCOMM6_DriverIRQHandler
                0x00003a52        0xe ./drivers/fsl_lpflexcomm.o
                0x00003a52                LP_FLEXCOMM6_DriverIRQHandler
 .text.LP_FLEXCOMM7_DriverIRQHandler
                0x00003a60        0xe ./drivers/fsl_lpflexcomm.o
                0x00003a60                LP_FLEXCOMM7_DriverIRQHandler
 .text.LP_FLEXCOMM8_DriverIRQHandler
                0x00003a6e        0xe ./drivers/fsl_lpflexcomm.o
                0x00003a6e                LP_FLEXCOMM8_DriverIRQHandler
 .text.LP_FLEXCOMM9_DriverIRQHandler
                0x00003a7c        0xe ./drivers/fsl_lpflexcomm.o
                0x00003a7c                LP_FLEXCOMM9_DriverIRQHandler
 .text.CLOCK_EnableClock
                0x00003a8a       0x8c ./drivers/fsl_lpi2c.o
 .text.EnableIRQ
                0x00003b16       0x32 ./drivers/fsl_lpi2c.o
 .text.LPI2C_MasterReset
                0x00003b48       0x20 ./drivers/fsl_lpi2c.o
 .text.LPI2C_MasterEnable
                0x00003b68       0x32 ./drivers/fsl_lpi2c.o
 .text.LPI2C_MasterGetStatusFlags
                0x00003b9a       0x18 ./drivers/fsl_lpi2c.o
 .text.LPI2C_MasterClearStatusFlags
                0x00003bb2       0x1c ./drivers/fsl_lpi2c.o
 .text.LPI2C_MasterEnableInterrupts
                0x00003bce       0x22 ./drivers/fsl_lpi2c.o
 .text.LPI2C_MasterDisableInterrupts
                0x00003bf0       0x24 ./drivers/fsl_lpi2c.o
 .text.LPI2C_MasterSetWatermarks
                0x00003c14       0x2c ./drivers/fsl_lpi2c.o
 .text.LPI2C_MasterGetFifoCounts
                0x00003c40       0x3e ./drivers/fsl_lpi2c.o
 .text.LPI2C_MasterCheckAndClearError
                0x00003c7e       0x80 ./drivers/fsl_lpi2c.o
                0x00003c7e                LPI2C_MasterCheckAndClearError
 .text.LPI2C_CheckForBusyBus
                0x00003cfe       0x38 ./drivers/fsl_lpi2c.o
                0x00003cfe                LPI2C_CheckForBusyBus
 .text.LPI2C_InitTransferStateMachine
                0x00003d36      0x118 ./drivers/fsl_lpi2c.o
 .text.SPC_GetActiveModeBandgapMode
                0x00003e4e       0x22 ./drivers/fsl_spc.o
 .text.SPC_GetActiveModeVoltageDetectStatus
                0x00003e70       0x22 ./drivers/fsl_spc.o
 .text.SPC_GetActiveModeCoreLDOVDDVoltageLevel
                0x00003e92       0x22 ./drivers/fsl_spc.o
 .text.SPC_GetActiveModeCoreLDODriveStrength
                0x00003eb4       0x22 ./drivers/fsl_spc.o
 .text.SPC_SetActiveModeDCDCRegulatorVoltageLevel
                0x00003ed6       0x32 ./drivers/fsl_spc.o
 .text.SPC_SetActiveModeCoreLDORegulatorVoltageLevel
                0x00003f08       0x60 ./drivers/fsl_spc.o
                0x00003f08                SPC_SetActiveModeCoreLDORegulatorVoltageLevel
 .text.SPC_SetActiveModeCoreLDORegulatorDriveStrength
                0x00003f68       0x5e ./drivers/fsl_spc.o
                0x00003f68                SPC_SetActiveModeCoreLDORegulatorDriveStrength
 .text.SPC_SetActiveModeDCDCRegulatorDriveStrength
                0x00003fc6       0x48 ./drivers/fsl_spc.o
                0x00003fc6                SPC_SetActiveModeDCDCRegulatorDriveStrength
 .text.SystemInitHook
                0x0000400e        0xe ./device/system_MCXN947_cm33_core0.o
                0x0000400e                SystemInitHook
 .text.DbgConsole_Error
                0x0000401c       0x10 ./board/board.o
 .text.CLOCK_EnableClock
                0x0000402c       0x8c ./board/clock_config.o
 .text.BOARD_InitBootClocks
                0x000040b8        0xc ./board/clock_config.o
                0x000040b8                BOARD_InitBootClocks
 .text.BOARD_InitHardware
                0x000040c4       0x38 ./board/hardware_init.o
                0x000040c4                BOARD_InitHardware
 .text.CLOCK_EnableClock
                0x000040fc       0x8c ./board/pin_mux.o
 .text.BOARD_InitBootPins
                0x00004188       0x10 ./board/pin_mux.o
                0x00004188                BOARD_InitBootPins
 .text.__main   0x00004198        0xe /Applications/MCUXpressoIDE_25.6.136/ide/plugins/com.nxp.mcuxpresso.tools.macosx_25.6.0.202501151204/tools/bin/../lib/gcc/arm-none-eabi/14.2.1/../../../../arm-none-eabi/lib/thumb/v8-m.main+fp/hard/libcr_semihost_nf.a(_cr__main.o)
                0x00004198                __main
                0x00004198                __CR_SEMIHOST
 .text.memset   0x000041a6        0x4 /Applications/MCUXpressoIDE_25.6.136/ide/plugins/com.nxp.mcuxpresso.tools.macosx_25.6.0.202501151204/tools/bin/../lib/gcc/arm-none-eabi/14.2.1/../../../../arm-none-eabi/lib/thumb/v8-m.main+fp/hard/libcr_c.a(memset.o)
                0x000041a6                memset
 .text.free     0x000041aa       0x30 /Applications/MCUXpressoIDE_25.6.136/ide/plugins/com.nxp.mcuxpresso.tools.macosx_25.6.0.202501151204/tools/bin/../lib/gcc/arm-none-eabi/14.2.1/../../../../arm-none-eabi/lib/thumb/v8-m.main+fp/hard/libcr_c.a(alloc.o)
                0x000041aa                free
 .text.no_fp_display
                0x000041da        0x4 /Applications/MCUXpressoIDE_25.6.136/ide/plugins/com.nxp.mcuxpresso.tools.macosx_25.6.0.202501151204/tools/bin/../lib/gcc/arm-none-eabi/14.2.1/../../../../arm-none-eabi/lib/thumb/v8-m.main+fp/hard/libcr_c.a(printf.o)
 .text.setvbuf  0x000041de       0x3e /Applications/MCUXpressoIDE_25.6.136/ide/plugins/com.nxp.mcuxpresso.tools.macosx_25.6.0.202501151204/tools/bin/../lib/gcc/arm-none-eabi/14.2.1/../../../../arm-none-eabi/lib/thumb/v8-m.main+fp/hard/libcr_c.a(setvbuf.o)
                0x000041de                setvbuf
 .text.strlen   0x0000421c       0x4e /Applications/MCUXpressoIDE_25.6.136/ide/plugins/com.nxp.mcuxpresso.tools.macosx_25.6.0.202501151204/tools/bin/../lib/gcc/arm-none-eabi/14.2.1/../../../../arm-none-eabi/lib/thumb/v8-m.main+fp/hard/libcr_c.a(strlen.o)
                0x0000421c                strlen
 .text._deferredlazyseek
                0x0000426a       0x40 /Applications/MCUXpressoIDE_25.6.136/ide/plugins/com.nxp.mcuxpresso.tools.macosx_25.6.0.202501151204/tools/bin/../lib/gcc/arm-none-eabi/14.2.1/../../../../arm-none-eabi/lib/thumb/v8-m.main+fp/hard/libcr_c.a(_deferredlazyseek.o)
                0x0000426a                _deferredlazyseek
 .text.__flsbuf
                0x000042aa      0x12a /Applications/MCUXpressoIDE_25.6.136/ide/plugins/com.nxp.mcuxpresso.tools.macosx_25.6.0.202501151204/tools/bin/../lib/gcc/arm-none-eabi/14.2.1/../../../../arm-none-eabi/lib/thumb/v8-m.main+fp/hard/libcr_c.a(_deferredlazyseek.o)
                0x000042aa                __flsbuf
 .text._fdopen  0x000043d4       0x68 /Applications/MCUXpressoIDE_25.6.136/ide/plugins/com.nxp.mcuxpresso.tools.macosx_25.6.0.202501151204/tools/bin/../lib/gcc/arm-none-eabi/14.2.1/../../../../arm-none-eabi/lib/thumb/v8-m.main+fp/hard/libcr_c.a(_fdopen.o)
                0x000043d4                _fdopen
 .text._fflush  0x0000443c       0x52 /Applications/MCUXpressoIDE_25.6.136/ide/plugins/com.nxp.mcuxpresso.tools.macosx_25.6.0.202501151204/tools/bin/../lib/gcc/arm-none-eabi/14.2.1/../../../../arm-none-eabi/lib/thumb/v8-m.main+fp/hard/libcr_c.a(_fflush.o)
                0x0000443c                _fflush
 .text.fclose   0x0000448e       0x58 /Applications/MCUXpressoIDE_25.6.136/ide/plugins/com.nxp.mcuxpresso.tools.macosx_25.6.0.202501151204/tools/bin/../lib/gcc/arm-none-eabi/14.2.1/../../../../arm-none-eabi/lib/thumb/v8-m.main+fp/hard/libcr_c.a(fclose.o)
                0x0000448e                fclose
 .text.remove   0x000044e6       0x14 /Applications/MCUXpressoIDE_25.6.136/ide/plugins/com.nxp.mcuxpresso.tools.macosx_25.6.0.202501151204/tools/bin/../lib/gcc/arm-none-eabi/14.2.1/../../../../arm-none-eabi/lib/thumb/v8-m.main+fp/hard/libcr_c.a(remove.o)
                0x000044e6                remove
 .text._do_fflush
                0x000044fa       0x40 /Applications/MCUXpressoIDE_25.6.136/ide/plugins/com.nxp.mcuxpresso.tools.macosx_25.6.0.202501151204/tools/bin/../lib/gcc/arm-none-eabi/14.2.1/../../../../arm-none-eabi/lib/thumb/v8-m.main+fp/hard/libcr_c.a(_do_fflush.o)
                0x000044fa                _do_fflush
 .text.__aeabi_f2ulz
                0x0000453a       0x3e /Applications/MCUXpressoIDE_25.6.136/ide/plugins/com.nxp.mcuxpresso.tools.macosx_25.6.0.202501151204/tools/bin/../lib/gcc/arm-none-eabi/14.2.1/thumb/v8-m.main+fp/hard/libcr_eabihelpers.a(float.o)
                0x0000453a                __aeabi_f2ulz
 .text.__aeabi_memset_lowlevel
                0x00004578       0x32 /Applications/MCUXpressoIDE_25.6.136/ide/plugins/com.nxp.mcuxpresso.tools.macosx_25.6.0.202501151204/tools/bin/../lib/gcc/arm-none-eabi/14.2.1/thumb/v8-m.main+fp/hard/libcr_eabihelpers.a(memcpy.o)
                0x00004578                __aeabi_lowlevel_memset
 .text.__sys_close
                0x000045aa        0xc /Applications/MCUXpressoIDE_25.6.136/ide/plugins/com.nxp.mcuxpresso.tools.macosx_25.6.0.202501151204/tools/bin/../lib/gcc/arm-none-eabi/14.2.1/../../../../arm-none-eabi/lib/thumb/v8-m.main+fp/hard/libcr_semihost_nf.a(__sys_close.o)
                0x000045aa                __sys_close
 .text.__sys_flen
                0x000045b6        0xc /Applications/MCUXpressoIDE_25.6.136/ide/plugins/com.nxp.mcuxpresso.tools.macosx_25.6.0.202501151204/tools/bin/../lib/gcc/arm-none-eabi/14.2.1/../../../../arm-none-eabi/lib/thumb/v8-m.main+fp/hard/libcr_semihost_nf.a(__sys_flen.o)
                0x000045b6                __sys_flen
 .text.__sys_istty
                0x000045c2        0xc /Applications/MCUXpressoIDE_25.6.136/ide/plugins/com.nxp.mcuxpresso.tools.macosx_25.6.0.202501151204/tools/bin/../lib/gcc/arm-none-eabi/14.2.1/../../../../arm-none-eabi/lib/thumb/v8-m.main+fp/hard/libcr_semihost_nf.a(__sys_istty.o)
                0x000045c2                __sys_istty
 .text.__sys_remove
                0x000045ce        0xc /Applications/MCUXpressoIDE_25.6.136/ide/plugins/com.nxp.mcuxpresso.tools.macosx_25.6.0.202501151204/tools/bin/../lib/gcc/arm-none-eabi/14.2.1/../../../../arm-none-eabi/lib/thumb/v8-m.main+fp/hard/libcr_semihost_nf.a(__sys_remove.o)
                0x000045ce                __sys_remove
 .text.__sys_seek
                0x000045da        0xc /Applications/MCUXpressoIDE_25.6.136/ide/plugins/com.nxp.mcuxpresso.tools.macosx_25.6.0.202501151204/tools/bin/../lib/gcc/arm-none-eabi/14.2.1/../../../../arm-none-eabi/lib/thumb/v8-m.main+fp/hard/libcr_semihost_nf.a(__sys_seek.o)
                0x000045da                __sys_seek
 .text.__sys_tmpnam
                0x000045e6        0xc /Applications/MCUXpressoIDE_25.6.136/ide/plugins/com.nxp.mcuxpresso.tools.macosx_25.6.0.202501151204/tools/bin/../lib/gcc/arm-none-eabi/14.2.1/../../../../arm-none-eabi/lib/thumb/v8-m.main+fp/hard/libcr_semihost_nf.a(__sys_tmpnam.o)
                0x000045e6                __sys_tmpnam
 .text.__sys_write
                0x000045f2        0xc /Applications/MCUXpressoIDE_25.6.136/ide/plugins/com.nxp.mcuxpresso.tools.macosx_25.6.0.202501151204/tools/bin/../lib/gcc/arm-none-eabi/14.2.1/../../../../arm-none-eabi/lib/thumb/v8-m.main+fp/hard/libcr_semihost_nf.a(__sys_write.o)
                0x000045f2                __sys_write
 *(SORT_BY_ALIGNMENT(.rodata) SORT_BY_ALIGNMENT(.rodata.*) SORT_BY_ALIGNMENT(.constdata) SORT_BY_ALIGNMENT(.constdata.*))
 *fill*         0x000045fe        0x2 ff
 .rodata.__assertion_failed.str1.4
                0x00004600      0x4d8 ./utilities/fsl_assert.o
                                 0x14 (size before relaxing)
 .rodata.lpi2c_master_callback.str1.4
                0x00004ad8       0x1f ./source/lpi2c_interrupt_b2b_transfer_master.o
 .rodata.main.str1.4
                0x00004ad8       0xe3 ./source/lpi2c_interrupt_b2b_transfer_master.o
 .rodata.s_lpflexcommBaseAddrs
                0x00004ad8       0x28 ./drivers/fsl_lpflexcomm.o
 .rodata.s_lpflexcommBase
                0x00004b00       0x28 ./drivers/fsl_lpflexcomm.o
 .rodata.s_lpflexcommClocks
                0x00004b28       0x14 ./drivers/fsl_lpflexcomm.o
 .rodata.s_lpflexcommResets
                0x00004b3c       0x28 ./drivers/fsl_lpflexcomm.o
 .rodata.LP_FLEXCOMM_SetPeriph.str1.4
                0x00004b64       0x43 ./drivers/fsl_lpflexcomm.o
 .rodata.LP_FLEXCOMM_Init.str1.4
                0x00004b64       0x49 ./drivers/fsl_lpflexcomm.o
 .rodata.LP_FLEXCOMM_SetIRQHandler.str1.4
                0x00004b64       0x49 ./drivers/fsl_lpflexcomm.o
 .rodata.kLpi2cBases
                0x00004b64       0x28 ./drivers/fsl_lpi2c.o
 .rodata.kLpi2cIrqs
                0x00004b8c       0x14 ./drivers/fsl_lpi2c.o
                0x00004b8c                kLpi2cIrqs
 .rodata.kLpi2cClocks
                0x00004ba0       0x14 ./drivers/fsl_lpi2c.o
 .rodata.LPI2C_GetInstance.str1.4
                0x00004bb4       0x35 ./drivers/fsl_lpi2c.o
 .rodata.LPI2C_GetCyclesForWidth.str1.4
                0x00004bb4       0x26 ./drivers/fsl_lpi2c.o
 .rodata.LPI2C_MasterInit.str1.4
                0x00004bb4       0x18 ./drivers/fsl_lpi2c.o
 .rodata.LPI2C_MasterTransferCreateHandle.str1.4
                0x00004bb4       0x22 ./drivers/fsl_lpi2c.o
 .rodata.LPI2C_RunTransferStateMachine.str1.4
                0x00004bb4       0x41 ./drivers/fsl_lpi2c.o
 .rodata.LPI2C_MasterTransferNonBlocking.str1.4
                0x00004bb4       0x94 ./drivers/fsl_lpi2c.o
 .rodata.LPI2C_MasterTransferHandleIRQ.str1.4
                0x00004bb4       0x66 ./drivers/fsl_lpi2c.o
 .rodata.RESET_ClearPeripheralReset.str1.4
                0x00004bb4       0x1e ./drivers/fsl_reset.o
 .rodata.SPC_SetSRAMOperateVoltage.str1.4
                0x00004bb4       0x1f ./drivers/fsl_spc.o
 .rodata.SPC_SetActiveModeCoreLDORegulatorConfig.str1.4
                0x00004bb4       0x1f ./drivers/fsl_spc.o
 .rodata.SPC_SetActiveModeDCDCRegulatorConfig.str1.4
                0x00004bb4       0x20 ./drivers/fsl_spc.o
 .rodata        0x00004bb4       0x22 ./board/clock_config.o
 .rodata.PORT_SetPinConfig.str1.4
                0x00004bd6       0x88 ./board/pin_mux.o
 *fill*         0x00004bd6        0x2 ff
 .rodata.__num_Ciob_streams
                0x00004bd8        0x4 /Applications/MCUXpressoIDE_25.6.136/ide/plugins/com.nxp.mcuxpresso.tools.macosx_25.6.0.202501151204/tools/bin/../lib/gcc/arm-none-eabi/14.2.1/../../../../arm-none-eabi/lib/thumb/v8-m.main+fp/hard/libcr_semihost_nf.a(__ciob.o)
                0x00004bd8                __num_Ciob_streams
 .rodata._Csys_alloc.str1.1
                0x00004bdc       0x53 /Applications/MCUXpressoIDE_25.6.136/ide/plugins/com.nxp.mcuxpresso.tools.macosx_25.6.0.202501151204/tools/bin/../lib/gcc/arm-none-eabi/14.2.1/../../../../arm-none-eabi/lib/thumb/v8-m.main+fp/hard/libcr_c.a(alloc.o)
                                 0x18 (size before relaxing)
 .rodata._initio.str1.1
                0x00004c2f        0x4 /Applications/MCUXpressoIDE_25.6.136/ide/plugins/com.nxp.mcuxpresso.tools.macosx_25.6.0.202501151204/tools/bin/../lib/gcc/arm-none-eabi/14.2.1/../../../../arm-none-eabi/lib/thumb/v8-m.main+fp/hard/libcr_c.a(initio.o)
 .rodata.__vfprintf.str1.1
                0x00004c2f       0x38 /Applications/MCUXpressoIDE_25.6.136/ide/plugins/com.nxp.mcuxpresso.tools.macosx_25.6.0.202501151204/tools/bin/../lib/gcc/arm-none-eabi/14.2.1/../../../../arm-none-eabi/lib/thumb/v8-m.main+fp/hard/libcr_c.a(printf.o)
                0x00004c68                        . = ALIGN (0x4)
 *fill*         0x00004c2f        0x1 ff

.glue_7         0x00004c30        0x0
 .glue_7        0x00004c30        0x0 linker stubs

.glue_7t        0x00004c30        0x0
 .glue_7t       0x00004c30        0x0 linker stubs

.vfp11_veneer   0x00004c30        0x0
 .vfp11_veneer  0x00004c30        0x0 linker stubs

.v4_bx          0x00004c30        0x0
 .v4_bx         0x00004c30        0x0 linker stubs

.iplt           0x00004c30        0x0
 .iplt          0x00004c30        0x0 ./utilities/fsl_assert.o

.rel.dyn        0x00004c30        0x0
 .rel.iplt      0x00004c30        0x0 ./utilities/fsl_assert.o

.ARM.extab
 *(SORT_BY_ALIGNMENT(.ARM.extab*) SORT_BY_ALIGNMENT(.gnu.linkonce.armextab.*))

.ARM.exidx      0x00004c30        0x0
                0x00004c30                        __exidx_start = .
 *(SORT_BY_ALIGNMENT(.ARM.exidx*) SORT_BY_ALIGNMENT(.gnu.linkonce.armexidx.*))
                0x00004c30                        __exidx_end = .
                0x00004c30                        _etext = .

.m_usb_data
 *(SORT_BY_ALIGNMENT(m_usb_global))

.data_RAM2      0x04000000        0x0 load address 0x00004c30
 FILL mask 0xff
                [!provide]                        PROVIDE (__start_data_RAM2 = .)
                [!provide]                        PROVIDE (__start_data_SRAMX = .)
 *(SORT_BY_ALIGNMENT(.ramfunc.$RAM2))
 *(SORT_BY_ALIGNMENT(.ramfunc.$SRAMX))
 *(SORT_BY_ALIGNMENT(.data.$RAM2))
 *(SORT_BY_ALIGNMENT(.data.$SRAMX))
 *(SORT_BY_ALIGNMENT(.data.$RAM2.*))
 *(SORT_BY_ALIGNMENT(.data.$SRAMX.*))
                0x04000000                        . = ALIGN (0x4)
                [!provide]                        PROVIDE (__end_data_RAM2 = .)
                [!provide]                        PROVIDE (__end_data_SRAMX = .)

.data_RAM3      0x20060000        0x0 load address 0x00004c30
 FILL mask 0xff
                [!provide]                        PROVIDE (__start_data_RAM3 = .)
                [!provide]                        PROVIDE (__start_data_SRAMH = .)
 *(SORT_BY_ALIGNMENT(.ramfunc.$RAM3))
 *(SORT_BY_ALIGNMENT(.ramfunc.$SRAMH))
 *(SORT_BY_ALIGNMENT(.data.$RAM3))
 *(SORT_BY_ALIGNMENT(.data.$SRAMH))
 *(SORT_BY_ALIGNMENT(.data.$RAM3.*))
 *(SORT_BY_ALIGNMENT(.data.$SRAMH.*))
                0x20060000                        . = ALIGN (0x4)
                [!provide]                        PROVIDE (__end_data_RAM3 = .)
                [!provide]                        PROVIDE (__end_data_SRAMH = .)

.data_RAM4      0x400ba000        0x0 load address 0x00004c30
 FILL mask 0xff
                [!provide]                        PROVIDE (__start_data_RAM4 = .)
                [!provide]                        PROVIDE (__start_data_USB_RAM = .)
 *(SORT_BY_ALIGNMENT(.ramfunc.$RAM4))
 *(SORT_BY_ALIGNMENT(.ramfunc.$USB_RAM))
 *(SORT_BY_ALIGNMENT(.data.$RAM4))
 *(SORT_BY_ALIGNMENT(.data.$USB_RAM))
 *(SORT_BY_ALIGNMENT(.data.$RAM4.*))
 *(SORT_BY_ALIGNMENT(.data.$USB_RAM.*))
                0x400ba000                        . = ALIGN (0x4)
                [!provide]                        PROVIDE (__end_data_RAM4 = .)
                [!provide]                        PROVIDE (__end_data_USB_RAM = .)

.uninit_RESERVED
                0x20000000        0x0
                0x20000000                        _start_uninit_RESERVED = .
 *(SORT_BY_ALIGNMENT(.bss.$RESERVED*))
                0x20000000                        . = ALIGN (0x4)
                0x20000000                        _end_uninit_RESERVED = .

.data           0x20000000        0xc load address 0x00004c30
 FILL mask 0xff
                0x20000000                        _data = .
                [!provide]                        PROVIDE (__start_data_RAM = .)
                [!provide]                        PROVIDE (__start_data_SRAM = .)
 *(SORT_BY_ALIGNMENT(vtable))
 *(SORT_BY_ALIGNMENT(.ramfunc*))
 *(SORT_BY_ALIGNMENT(CodeQuickAccess))
 *(SORT_BY_ALIGNMENT(DataQuickAccess))
 *(SORT_BY_ALIGNMENT(RamFunction))
 *(SORT_BY_ALIGNMENT(.data*))
 .data.s_Ext_Clk_Freq
                0x20000000        0x4 ./drivers/fsl_clock.o
 .data.s_Xtal32_Freq
                0x20000004        0x4 ./drivers/fsl_clock.o
 .data.SystemCoreClock
                0x20000008        0x4 ./device/system_MCXN947_cm33_core0.o
                0x20000008                SystemCoreClock
                0x2000000c                        . = ALIGN (0x4)
                0x2000000c                        _edata = .
                [!provide]                        PROVIDE (__end_data_RAM = .)
                [!provide]                        PROVIDE (__end_data_SRAM = .)

.igot.plt       0x2000000c        0x0 load address 0x00004c3c
 .igot.plt      0x2000000c        0x0 ./utilities/fsl_assert.o

.bss_RAM2       0x04000000        0x0
                [!provide]                        PROVIDE (__start_bss_RAM2 = .)
                [!provide]                        PROVIDE (__start_bss_SRAMX = .)
 *(SORT_BY_ALIGNMENT(.bss.$RAM2))
 *(SORT_BY_ALIGNMENT(.bss.$SRAMX))
 *(SORT_BY_ALIGNMENT(.bss.$RAM2.*))
 *(SORT_BY_ALIGNMENT(.bss.$SRAMX.*))
                0x04000000                        . = ALIGN ((. != 0x0)?0x4:0x1)
                [!provide]                        PROVIDE (__end_bss_RAM2 = .)
                [!provide]                        PROVIDE (__end_bss_SRAMX = .)

.bss_RAM3       0x20060000        0x0
                [!provide]                        PROVIDE (__start_bss_RAM3 = .)
                [!provide]                        PROVIDE (__start_bss_SRAMH = .)
 *(SORT_BY_ALIGNMENT(.bss.$RAM3))
 *(SORT_BY_ALIGNMENT(.bss.$SRAMH))
 *(SORT_BY_ALIGNMENT(.bss.$RAM3.*))
 *(SORT_BY_ALIGNMENT(.bss.$SRAMH.*))
                0x20060000                        . = ALIGN ((. != 0x0)?0x4:0x1)
                [!provide]                        PROVIDE (__end_bss_RAM3 = .)
                [!provide]                        PROVIDE (__end_bss_SRAMH = .)

.bss_RAM4       0x400ba000        0x0
                [!provide]                        PROVIDE (__start_bss_RAM4 = .)
                [!provide]                        PROVIDE (__start_bss_USB_RAM = .)
 *(SORT_BY_ALIGNMENT(.bss.$RAM4))
 *(SORT_BY_ALIGNMENT(.bss.$USB_RAM))
 *(SORT_BY_ALIGNMENT(.bss.$RAM4.*))
 *(SORT_BY_ALIGNMENT(.bss.$USB_RAM.*))
                0x400ba000                        . = ALIGN ((. != 0x0)?0x4:0x1)
                [!provide]                        PROVIDE (__end_bss_RAM4 = .)
                [!provide]                        PROVIDE (__end_bss_USB_RAM = .)

.bss            0x2000000c      0x2ac
                0x2000000c                        _bss = .
                [!provide]                        PROVIDE (__start_bss_RAM = .)
                [!provide]                        PROVIDE (__start_bss_SRAM = .)
 *(SORT_BY_ALIGNMENT(.bss*))
 .bss.g_master_txBuff
                0x2000000c       0x21 ./source/lpi2c_interrupt_b2b_transfer_master.o
                0x2000000c                g_master_txBuff
 *fill*         0x2000002d        0x3 
 .bss.g_master_rxBuff
                0x20000030       0x21 ./source/lpi2c_interrupt_b2b_transfer_master.o
                0x20000030                g_master_rxBuff
 *fill*         0x20000051        0x3 
 .bss.g_m_handle
                0x20000054       0x34 ./source/lpi2c_interrupt_b2b_transfer_master.o
                0x20000054                g_m_handle
 .bss.s_lpflexcommIrqHandler
                0x20000088       0xa0 ./drivers/fsl_lpflexcomm.o
 .bss.s_lpflexcommHandle
                0x20000128       0xa0 ./drivers/fsl_lpflexcomm.o
 .bss.s_lpi2cMasterIsr
                0x200001c8        0x4 ./drivers/fsl_lpi2c.o
                0x200001c8                s_lpi2cMasterIsr
 .bss.s_lpi2cMasterHandle
                0x200001cc       0x28 ./drivers/fsl_lpi2c.o
                0x200001cc                s_lpi2cMasterHandle
 .bss.errno     0x200001f4        0x4 /Applications/MCUXpressoIDE_25.6.136/ide/plugins/com.nxp.mcuxpresso.tools.macosx_25.6.0.202501151204/tools/bin/../lib/gcc/arm-none-eabi/14.2.1/../../../../arm-none-eabi/lib/thumb/v8-m.main+fp/hard/libcr_c.a(errno.o)
                0x200001f4                errno
 .bss.__end_of_heap
                0x200001f8        0x4 /Applications/MCUXpressoIDE_25.6.136/ide/plugins/com.nxp.mcuxpresso.tools.macosx_25.6.0.202501151204/tools/bin/../lib/gcc/arm-none-eabi/14.2.1/../../../../arm-none-eabi/lib/thumb/v8-m.main+fp/hard/libcr_c.a(__init_alloc.o)
                0x200001f8                __end_of_heap
 .bss.__heaps   0x200001fc        0x4 /Applications/MCUXpressoIDE_25.6.136/ide/plugins/com.nxp.mcuxpresso.tools.macosx_25.6.0.202501151204/tools/bin/../lib/gcc/arm-none-eabi/14.2.1/../../../../arm-none-eabi/lib/thumb/v8-m.main+fp/hard/libcr_c.a(__init_alloc.o)
                0x200001fc                __heaps
 .bss.__Ciob    0x20000200       0xb4 /Applications/MCUXpressoIDE_25.6.136/ide/plugins/com.nxp.mcuxpresso.tools.macosx_25.6.0.202501151204/tools/bin/../lib/gcc/arm-none-eabi/14.2.1/../../../../arm-none-eabi/lib/thumb/v8-m.main+fp/hard/libcr_semihost_nf.a(__ciob.o)
                0x20000200                __Ciob
 .bss.g_MasterCompletionFlag
                0x200002b4        0x1 ./source/lpi2c_interrupt_b2b_transfer_master.o
                0x200002b4                g_MasterCompletionFlag
 .bss.g_MasterNackFlag
                0x200002b5        0x1 ./source/lpi2c_interrupt_b2b_transfer_master.o
                0x200002b5                g_MasterNackFlag
 *(SORT_BY_ALIGNMENT(COMMON))
                0x200002b8                        . = ALIGN (0x4)
 *fill*         0x200002b6        0x2 
                0x200002b8                        _ebss = .
                [!provide]                        PROVIDE (__end_bss_RAM = .)
                [!provide]                        PROVIDE (__end_bss_SRAM = .)
                [!provide]                        PROVIDE (end = .)

.noinit_RAM2    0x04000000        0x0
                [!provide]                        PROVIDE (__start_noinit_RAM2 = .)
                [!provide]                        PROVIDE (__start_noinit_SRAMX = .)
 *(SORT_BY_ALIGNMENT(.noinit.$RAM2))
 *(SORT_BY_ALIGNMENT(.noinit.$SRAMX))
 *(SORT_BY_ALIGNMENT(.noinit.$RAM2.*))
 *(SORT_BY_ALIGNMENT(.noinit.$SRAMX.*))
                0x04000000                        . = ALIGN (0x4)
                [!provide]                        PROVIDE (__end_noinit_RAM2 = .)
                [!provide]                        PROVIDE (__end_noinit_SRAMX = .)

.noinit_RAM3    0x20060000        0x0
                [!provide]                        PROVIDE (__start_noinit_RAM3 = .)
                [!provide]                        PROVIDE (__start_noinit_SRAMH = .)
 *(SORT_BY_ALIGNMENT(.noinit.$RAM3))
 *(SORT_BY_ALIGNMENT(.noinit.$SRAMH))
 *(SORT_BY_ALIGNMENT(.noinit.$RAM3.*))
 *(SORT_BY_ALIGNMENT(.noinit.$SRAMH.*))
                0x20060000                        . = ALIGN (0x4)
                [!provide]                        PROVIDE (__end_noinit_RAM3 = .)
                [!provide]                        PROVIDE (__end_noinit_SRAMH = .)

.noinit_RAM4    0x400ba000        0x0
                [!provide]                        PROVIDE (__start_noinit_RAM4 = .)
                [!provide]                        PROVIDE (__start_noinit_USB_RAM = .)
 *(SORT_BY_ALIGNMENT(.noinit.$RAM4))
 *(SORT_BY_ALIGNMENT(.noinit.$USB_RAM))
 *(SORT_BY_ALIGNMENT(.noinit.$RAM4.*))
 *(SORT_BY_ALIGNMENT(.noinit.$USB_RAM.*))
                0x400ba000                        . = ALIGN (0x4)
                [!provide]                        PROVIDE (__end_noinit_RAM4 = .)
                [!provide]                        PROVIDE (__end_noinit_USB_RAM = .)

.noinit         0x200002b8        0x0
                0x200002b8                        _noinit = .
                [!provide]                        PROVIDE (__start_noinit_RAM = .)
                [!provide]                        PROVIDE (__start_noinit_SRAM = .)
 *(SORT_BY_ALIGNMENT(.noinit*))
                0x200002b8                        . = ALIGN (0x4)
                0x200002b8                        _end_noinit = .
                [!provide]                        PROVIDE (__end_noinit_RAM = .)
                [!provide]                        PROVIDE (__end_noinit_SRAM = .)
                0x00001000                        _HeapSize = 0x1000

.heap           0x200002b8     0x1000
                0x200002b8                        _pvHeapStart = .
                0x200012b8                        . = (. + _HeapSize)
 *fill*         0x200002b8     0x1000 
                0x200012b8                        . = ALIGN (0x4)
                0x200012b8                        _pvHeapLimit = .
                0x00001000                        _StackSize = 0x1000

.heap2stackfill
                0x200012b8     0x1000
                0x200022b8                        . = (. + _StackSize)
 *fill*         0x200012b8     0x1000 

.stack          0x2005f000        0x0
                0x2005f000                        _vStackBase = .
                0x2005f000                        . = ALIGN (0x4)
                0x20060000                        _vStackTop = (. + _StackSize)
                0x00000000                        _image_start = LOADADDR (.text)
                0x00004c3c                        _image_end = (LOADADDR (.data) + SIZEOF (.data))
                0x00004c3c                        _image_size = (_image_end - _image_start)
OUTPUT(I2C_Example_lpi2c_interrupt_b2b_transfer_master_cm33_core0.axf elf32-littlearm)
LOAD linker stubs

.debug_info     0x00000000    0x1cfe8
 .debug_info    0x00000000      0x135 ./utilities/fsl_assert.o
 .debug_info    0x00000135     0x14b6 ./startup/startup_mcxn947_cm33_core0.o
 .debug_info    0x000015eb      0xd25 ./source/lpi2c_interrupt_b2b_transfer_master.o
 .debug_info    0x00002310       0x3c ./source/semihost_hardfault.o
 .debug_info    0x0000234c     0x51bf ./drivers/fsl_clock.o
 .debug_info    0x0000750b     0x2341 ./drivers/fsl_lpflexcomm.o
 .debug_info    0x0000984c     0x3cf0 ./drivers/fsl_lpi2c.o
 .debug_info    0x0000d53c     0x12a2 ./drivers/fsl_reset.o
 .debug_info    0x0000e7de     0x1a73 ./drivers/fsl_spc.o
 .debug_info    0x00010251     0x192c ./device/system_MCXN947_cm33_core0.o
 .debug_info    0x00011b7d     0x12c6 ./board/board.o
 .debug_info    0x00012e43     0x2768 ./board/clock_config.o
 .debug_info    0x000155ab      0xcd5 ./board/hardware_init.o
 .debug_info    0x00016280     0x1731 ./board/pin_mux.o
 .debug_info    0x000179b1       0x85 /Applications/MCUXpressoIDE_25.6.136/ide/plugins/com.nxp.mcuxpresso.tools.macosx_25.6.0.202501151204/tools/bin/../lib/gcc/arm-none-eabi/14.2.1/../../../../arm-none-eabi/lib/thumb/v8-m.main+fp/hard/libcr_semihost_nf.a(_cr__main.o)
 .debug_info    0x00017a36       0xfc /Applications/MCUXpressoIDE_25.6.136/ide/plugins/com.nxp.mcuxpresso.tools.macosx_25.6.0.202501151204/tools/bin/../lib/gcc/arm-none-eabi/14.2.1/../../../../arm-none-eabi/lib/thumb/v8-m.main+fp/hard/libcr_c.a(memset.o)
 .debug_info    0x00017b32      0x520 /Applications/MCUXpressoIDE_25.6.136/ide/plugins/com.nxp.mcuxpresso.tools.macosx_25.6.0.202501151204/tools/bin/../lib/gcc/arm-none-eabi/14.2.1/../../../../arm-none-eabi/lib/thumb/v8-m.main+fp/hard/libcr_c.a(alloc.o)
 .debug_info    0x00018052       0x44 /Applications/MCUXpressoIDE_25.6.136/ide/plugins/com.nxp.mcuxpresso.tools.macosx_25.6.0.202501151204/tools/bin/../lib/gcc/arm-none-eabi/14.2.1/../../../../arm-none-eabi/lib/thumb/v8-m.main+fp/hard/libcr_c.a(errno.o)
 .debug_info    0x00018096      0x339 /Applications/MCUXpressoIDE_25.6.136/ide/plugins/com.nxp.mcuxpresso.tools.macosx_25.6.0.202501151204/tools/bin/../lib/gcc/arm-none-eabi/14.2.1/../../../../arm-none-eabi/lib/thumb/v8-m.main+fp/hard/libcr_c.a(initio.o)
 .debug_info    0x000183cf     0x129a /Applications/MCUXpressoIDE_25.6.136/ide/plugins/com.nxp.mcuxpresso.tools.macosx_25.6.0.202501151204/tools/bin/../lib/gcc/arm-none-eabi/14.2.1/../../../../arm-none-eabi/lib/thumb/v8-m.main+fp/hard/libcr_c.a(printf.o)
 .debug_info    0x00019669      0x1fd /Applications/MCUXpressoIDE_25.6.136/ide/plugins/com.nxp.mcuxpresso.tools.macosx_25.6.0.202501151204/tools/bin/../lib/gcc/arm-none-eabi/14.2.1/../../../../arm-none-eabi/lib/thumb/v8-m.main+fp/hard/libcr_c.a(setvbuf.o)
 .debug_info    0x00019866       0xe1 /Applications/MCUXpressoIDE_25.6.136/ide/plugins/com.nxp.mcuxpresso.tools.macosx_25.6.0.202501151204/tools/bin/../lib/gcc/arm-none-eabi/14.2.1/../../../../arm-none-eabi/lib/thumb/v8-m.main+fp/hard/libcr_c.a(strlen.o)
 .debug_info    0x00019947       0xd4 /Applications/MCUXpressoIDE_25.6.136/ide/plugins/com.nxp.mcuxpresso.tools.macosx_25.6.0.202501151204/tools/bin/../lib/gcc/arm-none-eabi/14.2.1/../../../../arm-none-eabi/lib/thumb/v8-m.main+fp/hard/libcr_c.a(__init_alloc.o)
 .debug_info    0x00019a1b      0x107 /Applications/MCUXpressoIDE_25.6.136/ide/plugins/com.nxp.mcuxpresso.tools.macosx_25.6.0.202501151204/tools/bin/../lib/gcc/arm-none-eabi/14.2.1/../../../../arm-none-eabi/lib/thumb/v8-m.main+fp/hard/libcr_c.a(_cr_sbrk.o)
 .debug_info    0x00019b22      0x396 /Applications/MCUXpressoIDE_25.6.136/ide/plugins/com.nxp.mcuxpresso.tools.macosx_25.6.0.202501151204/tools/bin/../lib/gcc/arm-none-eabi/14.2.1/../../../../arm-none-eabi/lib/thumb/v8-m.main+fp/hard/libcr_c.a(_deferredlazyseek.o)
 .debug_info    0x00019eb8      0x24b /Applications/MCUXpressoIDE_25.6.136/ide/plugins/com.nxp.mcuxpresso.tools.macosx_25.6.0.202501151204/tools/bin/../lib/gcc/arm-none-eabi/14.2.1/../../../../arm-none-eabi/lib/thumb/v8-m.main+fp/hard/libcr_c.a(_fdopen.o)
 .debug_info    0x0001a103      0x1e3 /Applications/MCUXpressoIDE_25.6.136/ide/plugins/com.nxp.mcuxpresso.tools.macosx_25.6.0.202501151204/tools/bin/../lib/gcc/arm-none-eabi/14.2.1/../../../../arm-none-eabi/lib/thumb/v8-m.main+fp/hard/libcr_c.a(_fflush.o)
 .debug_info    0x0001a2e6      0x289 /Applications/MCUXpressoIDE_25.6.136/ide/plugins/com.nxp.mcuxpresso.tools.macosx_25.6.0.202501151204/tools/bin/../lib/gcc/arm-none-eabi/14.2.1/../../../../arm-none-eabi/lib/thumb/v8-m.main+fp/hard/libcr_c.a(_writebuf.o)
 .debug_info    0x0001a56f      0x31e /Applications/MCUXpressoIDE_25.6.136/ide/plugins/com.nxp.mcuxpresso.tools.macosx_25.6.0.202501151204/tools/bin/../lib/gcc/arm-none-eabi/14.2.1/../../../../arm-none-eabi/lib/thumb/v8-m.main+fp/hard/libcr_c.a(fclose.o)
 .debug_info    0x0001a88d      0x209 /Applications/MCUXpressoIDE_25.6.136/ide/plugins/com.nxp.mcuxpresso.tools.macosx_25.6.0.202501151204/tools/bin/../lib/gcc/arm-none-eabi/14.2.1/../../../../arm-none-eabi/lib/thumb/v8-m.main+fp/hard/libcr_c.a(fflush.o)
 .debug_info    0x0001aa96      0x276 /Applications/MCUXpressoIDE_25.6.136/ide/plugins/com.nxp.mcuxpresso.tools.macosx_25.6.0.202501151204/tools/bin/../lib/gcc/arm-none-eabi/14.2.1/../../../../arm-none-eabi/lib/thumb/v8-m.main+fp/hard/libcr_c.a(fseek.o)
 .debug_info    0x0001ad0c      0x197 /Applications/MCUXpressoIDE_25.6.136/ide/plugins/com.nxp.mcuxpresso.tools.macosx_25.6.0.202501151204/tools/bin/../lib/gcc/arm-none-eabi/14.2.1/../../../../arm-none-eabi/lib/thumb/v8-m.main+fp/hard/libcr_c.a(ftell.o)
 .debug_info    0x0001aea3      0x1d7 /Applications/MCUXpressoIDE_25.6.136/ide/plugins/com.nxp.mcuxpresso.tools.macosx_25.6.0.202501151204/tools/bin/../lib/gcc/arm-none-eabi/14.2.1/../../../../arm-none-eabi/lib/thumb/v8-m.main+fp/hard/libcr_c.a(remove.o)
 .debug_info    0x0001b07a       0x78 /Applications/MCUXpressoIDE_25.6.136/ide/plugins/com.nxp.mcuxpresso.tools.macosx_25.6.0.202501151204/tools/bin/../lib/gcc/arm-none-eabi/14.2.1/../../../../arm-none-eabi/lib/thumb/v8-m.main+fp/hard/libcr_c.a(_cr_check_heap.o)
 .debug_info    0x0001b0f2      0x23a /Applications/MCUXpressoIDE_25.6.136/ide/plugins/com.nxp.mcuxpresso.tools.macosx_25.6.0.202501151204/tools/bin/../lib/gcc/arm-none-eabi/14.2.1/../../../../arm-none-eabi/lib/thumb/v8-m.main+fp/hard/libcr_c.a(_do_fflush.o)
 .debug_info    0x0001b32c     0x1b31 /Applications/MCUXpressoIDE_25.6.136/ide/plugins/com.nxp.mcuxpresso.tools.macosx_25.6.0.202501151204/tools/bin/../lib/gcc/arm-none-eabi/14.2.1/thumb/v8-m.main+fp/hard/libcr_eabihelpers.a(float.o)
 .debug_info    0x0001ce5d      0x18b /Applications/MCUXpressoIDE_25.6.136/ide/plugins/com.nxp.mcuxpresso.tools.macosx_25.6.0.202501151204/tools/bin/../lib/gcc/arm-none-eabi/14.2.1/../../../../arm-none-eabi/lib/thumb/v8-m.main+fp/hard/libcr_semihost_nf.a(__ciob.o)

.debug_abbrev   0x00000000     0x383d
 .debug_abbrev  0x00000000       0xbd ./utilities/fsl_assert.o
 .debug_abbrev  0x000000bd      0x147 ./startup/startup_mcxn947_cm33_core0.o
 .debug_abbrev  0x00000204      0x225 ./source/lpi2c_interrupt_b2b_transfer_master.o
 .debug_abbrev  0x00000429       0x31 ./source/semihost_hardfault.o
 .debug_abbrev  0x0000045a      0x35c ./drivers/fsl_clock.o
 .debug_abbrev  0x000007b6      0x352 ./drivers/fsl_lpflexcomm.o
 .debug_abbrev  0x00000b08      0x3ba ./drivers/fsl_lpi2c.o
 .debug_abbrev  0x00000ec2      0x17d ./drivers/fsl_reset.o
 .debug_abbrev  0x0000103f      0x2eb ./drivers/fsl_spc.o
 .debug_abbrev  0x0000132a      0x1d2 ./device/system_MCXN947_cm33_core0.o
 .debug_abbrev  0x000014fc      0x1e2 ./board/board.o
 .debug_abbrev  0x000016de      0x254 ./board/clock_config.o
 .debug_abbrev  0x00001932       0xc4 ./board/hardware_init.o
 .debug_abbrev  0x000019f6      0x25e ./board/pin_mux.o
 .debug_abbrev  0x00001c54       0x70 /Applications/MCUXpressoIDE_25.6.136/ide/plugins/com.nxp.mcuxpresso.tools.macosx_25.6.0.202501151204/tools/bin/../lib/gcc/arm-none-eabi/14.2.1/../../../../arm-none-eabi/lib/thumb/v8-m.main+fp/hard/libcr_semihost_nf.a(_cr__main.o)
 .debug_abbrev  0x00001cc4       0xa8 /Applications/MCUXpressoIDE_25.6.136/ide/plugins/com.nxp.mcuxpresso.tools.macosx_25.6.0.202501151204/tools/bin/../lib/gcc/arm-none-eabi/14.2.1/../../../../arm-none-eabi/lib/thumb/v8-m.main+fp/hard/libcr_c.a(memset.o)
 .debug_abbrev  0x00001d6c      0x284 /Applications/MCUXpressoIDE_25.6.136/ide/plugins/com.nxp.mcuxpresso.tools.macosx_25.6.0.202501151204/tools/bin/../lib/gcc/arm-none-eabi/14.2.1/../../../../arm-none-eabi/lib/thumb/v8-m.main+fp/hard/libcr_c.a(alloc.o)
 .debug_abbrev  0x00001ff0       0x44 /Applications/MCUXpressoIDE_25.6.136/ide/plugins/com.nxp.mcuxpresso.tools.macosx_25.6.0.202501151204/tools/bin/../lib/gcc/arm-none-eabi/14.2.1/../../../../arm-none-eabi/lib/thumb/v8-m.main+fp/hard/libcr_c.a(errno.o)