../drivers/fsl_clock.h:1488:20:CLOCK_EnableClock	24	static
../drivers/fsl_clock.h:1514:20:CLOCK_DisableClock	24	static
../drivers/fsl_pwm.c:66:24:PWM_GetComplementU16	16	static
../drivers/fsl_pwm.c:71:24:dutyCycleToReloadValue	16	static
../drivers/fsl_pwm.c:77:17:PWM_GetInstance	24	static
../drivers/fsl_pwm.c:103:13:PWM_SetPeriodRegister	32	static
../drivers/fsl_pwm.c:167:13:PWM_SetDutycycleRegister	32	static
../drivers/fsl_pwm.c:271:10:PWM_Init	32	static
../drivers/fsl_pwm.c:400:6:PWM_Deinit	16	static
../drivers/fsl_pwm.c:429:6:PWM_GetDefaultConfig	16	static
../drivers/fsl_pwm.c:489:10:PWM_SetupPwm	56	static
../drivers/fsl_pwm.c:614:10:PWM_SetupPwmPhaseShift	48	static
../drivers/fsl_pwm.c:705:6:PWM_UpdatePwmDutycycle	32	static
../drivers/fsl_pwm.c:732:6:PWM_UpdatePwmDutycycleHighAccuracy	40	static
../drivers/fsl_pwm.c:785:6:PWM_UpdatePwmPeriodAndDutycycle	40	static
../drivers/fsl_pwm.c:820:6:PWM_SetupInputCapture	32	static
../drivers/fsl_pwm.c:908:6:PWM_SetupFaultInputFilter	16	static
../drivers/fsl_pwm.c:932:6:PWM_SetupFaults	32	static
../drivers/fsl_pwm.c:1020:6:PWM_FaultDefaultConfig	16	static
../drivers/fsl_pwm.c:1048:6:PWM_SetupForceSignal	24	static
../drivers/fsl_pwm.c:1076:10:PWM_SetOutputToIdle	24	static
../drivers/fsl_pwm.c:1167:9:PWM_GetPwmChannelState	16	static
../drivers/fsl_pwm.c:1179:6:PWM_SetClockMode	24	static
../drivers/fsl_pwm.c:1209:6:PWM_SetPwmForceOutputToZero	24	static
../drivers/fsl_pwm.c:1261:6:PWM_SetChannelOutput	24	static
../drivers/fsl_pwm.c:1344:10:PWM_SetPhaseDelay	24	static
